#
# There is insufficient memory for the Java Runtime Environment to continue.
# Native memory allocation (malloc) failed to allocate 1048576 bytes. Error detail: AllocateHeap
# Possible reasons:
#   The system is out of physical RAM or swap space
#   This process is running with CompressedOops enabled, and the Java Heap may be blocking the growth of the native heap
# Possible solutions:
#   Reduce memory load on the system
#   Increase physical memory or swap space
#   Check if swap backing store is full
#   Decrease Java heap size (-Xmx/-Xms)
#   Decrease number of Java threads
#   Decrease Java thread stack sizes (-Xss)
#   Set larger code cache with -XX:ReservedCodeCacheSize=
#   JVM is running with Unscaled Compressed Oops mode in which the Java heap is
#     placed in the first 4GB address space. The Java Heap base address is the
#     maximum limit for the native heap growth. Please use -XX:HeapBaseMinAddress
#     to set the Java Heap base and to place the Java Heap above 4GB virtual address.
# This output file may be truncated or incomplete.
#
#  Out of Memory Error (allocation.cpp:44), pid=35628, tid=21688
#
# JRE version: OpenJDK Runtime Environment Temurin-21.0.11+10 (21.0.11+10) (build 21.0.11+10-LTS)
# Java VM: OpenJDK 64-Bit Server VM Temurin-21.0.11+10 (21.0.11+10-LTS, mixed mode, sharing, tiered, compressed oops, compressed class ptrs, parallel gc, windows-amd64)
# No core dump will be written. Minidumps are not enabled by default on client versions of Windows
#

---------------  S U M M A R Y ------------

Command Line: --add-modules=ALL-SYSTEM --add-opens=java.base/java.util=ALL-UNNAMED --add-opens=java.base/java.lang=ALL-UNNAMED --add-opens=java.base/sun.nio.fs=ALL-UNNAMED -Declipse.application=org.eclipse.jdt.ls.core.id1 -Dosgi.bundles.defaultStartLevel=4 -Declipse.product=org.eclipse.jdt.ls.core.product -Djava.import.generatesMetadataFilesAtProjectRoot=false -DDetectVMInstallationsJob.disabled=true -Dfile.encoding=utf8 -XX:+UseParallelGC -XX:GCTimeRatio=4 -XX:AdaptiveSizePolicyWeight=90 -Dsun.zip.disableMemoryMapping=true -Xmx2G -Xms100m -Xlog:disable -javaagent:c:\Users\saida\.vscode\extensions\redhat.java-1.55.0-win32-x64\lombok\lombok-1.18.39-4050.jar -XX:+HeapDumpOnOutOfMemoryError -XX:HeapDumpPath=c:\Users\saida\AppData\Roaming\Code\User\workspaceStorage\19bd9372ae1d924cd7bbf513b81384f7\redhat.java -Daether.dependencyCollector.impl=bf c:\Users\saida\.vscode\extensions\redhat.java-1.55.0-win32-x64\server\plugins\org.eclipse.equinox.launcher_1.7.200.v20260619-2039.jar -configuration c:\Users\saida\AppData\Roaming\Code\User\globalStorage\redhat.java\1.55.0\config_win -data c:\Users\saida\AppData\Roaming\Code\User\workspaceStorage\19bd9372ae1d924cd7bbf513b81384f7\redhat.java\jdt_ws --pipe=\\.\pipe\lsp-967604c750fa5b29319f32825cdeb588-sock

Host: 11th Gen Intel(R) Core(TM) i3-1125G4 @ 2.00GHz, 8 cores, 7G,  Windows 11 , 64 bit Build 26100 (10.0.26100.5074)
Time: Fri Jul 24 09:19:08 2026 India Standard Time elapsed time: 27461.540660 seconds (0d 7h 37m 41s)

---------------  T H R E A D  ---------------

Current thread (0x00000153fe7e9050):  JavaThread "Attach Listener" daemon [_thread_in_vm, id=21688, stack(0x0000001af3700000,0x0000001af3800000) (1024K)]

Stack: [0x0000001af3700000,0x0000001af3800000]
Native frames: (J=compiled Java code, j=interpreted, Vv=VM code, C=native code)
V  [jvm.dll+0x6d7e19]
V  [jvm.dll+0x8b5096]
V  [jvm.dll+0x8b764e]
V  [jvm.dll+0x8b7d33]
V  [jvm.dll+0x284596]
V  [jvm.dll+0xc13c7]
V  [jvm.dll+0x6d86c9]
V  [jvm.dll+0x133616]
V  [jvm.dll+0x3f868e]
V  [jvm.dll+0x85fb0d]
V  [jvm.dll+0x6d664d]
C  [ucrtbase.dll+0x37b0]
C  [KERNEL32.DLL+0x2e8d7]
C  [ntdll.dll+0x8d9c]


---------------  P R O C E S S  ---------------

Threads class SMR info:
_java_thread_list=0x00000153f6fce380, length=42, elements={
0x00000153f8bac510, 0x00000153f8f7d4e0, 0x00000153fe7e5b30, 0x00000153fe7e8170,
0x00000153fe7e9050, 0x00000153fe7ec960, 0x00000153fe800dc0, 0x00000153fe80d9e0,
0x00000153fe80e140, 0x00000153fe802e90, 0x00000153fe800730, 0x00000153fe801450,
0x00000153fe801ae0, 0x00000153fe802170, 0x00000153fe802800, 0x00000153fe7ffa10,
0x00000153fe8000a0, 0x00000153d962a360, 0x00000153d962b080, 0x00000153d962bda0,
0x00000153d962e500, 0x00000153d962f220, 0x00000153d962f8b0, 0x00000153d962de70,
0x00000153d962ff40, 0x00000153d962d150, 0x00000153d962cac0, 0x00000153d962d7e0,
0x00000153d962eb90, 0x00000153d96305d0, 0x00000153db02dea0, 0x00000153db02b0b0,
0x00000153db030c90, 0x00000153db02aa20, 0x00000153dab79c20, 0x00000153d9abc030,
0x00000153d9abf4b0, 0x00000153d9abc6c0, 0x00000153d9ac0ef0, 0x00000153d9abda70,
0x00000153d9ac22a0, 0x00000153d9ac1580
}

Java Threads: ( => current thread )
  0x00000153f8bac510 JavaThread "main"                              [_thread_blocked, id=11948, stack(0x0000001af3000000,0x0000001af3100000) (1024K)]
  0x00000153f8f7d4e0 JavaThread "Reference Handler"          daemon [_thread_blocked, id=12980, stack(0x0000001af3400000,0x0000001af3500000) (1024K)]
  0x00000153fe7e5b30 JavaThread "Finalizer"                  daemon [_thread_blocked, id=9532, stack(0x0000001af3500000,0x0000001af3600000) (1024K)]
  0x00000153fe7e8170 JavaThread "Signal Dispatcher"          daemon [_thread_blocked, id=30904, stack(0x0000001af3600000,0x0000001af3700000) (1024K)]
=>0x00000153fe7e9050 JavaThread "Attach Listener"            daemon [_thread_in_vm, id=21688, stack(0x0000001af3700000,0x0000001af3800000) (1024K)]
  0x00000153fe7ec960 JavaThread "Service Thread"             daemon [_thread_blocked, id=11784, stack(0x0000001af3800000,0x0000001af3900000) (1024K)]
  0x00000153fe800dc0 JavaThread "Monitor Deflation Thread"   daemon [_thread_blocked, id=33204, stack(0x0000001af3900000,0x0000001af3a00000) (1024K)]
  0x00000153fe80d9e0 JavaThread "C2 CompilerThread0"         daemon [_thread_blocked, id=33760, stack(0x0000001af3a00000,0x0000001af3b00000) (1024K)]
  0x00000153fe80e140 JavaThread "C1 CompilerThread0"         daemon [_thread_blocked, id=27592, stack(0x0000001af3b00000,0x0000001af3c00000) (1024K)]
  0x00000153fe802e90 JavaThread "Common-Cleaner"             daemon [_thread_blocked, id=27992, stack(0x0000001af3d00000,0x0000001af3e00000) (1024K)]
  0x00000153fe800730 JavaThread "Notification Thread"        daemon [_thread_blocked, id=24948, stack(0x0000001af3c00000,0x0000001af3d00000) (1024K)]
  0x00000153fe801450 JavaThread "Active Thread: Equinox Container: b6bacc17-5c25-4598-b04b-d2ce1c9f66fb"        [_thread_blocked, id=18612, stack(0x0000001af4600000,0x0000001af4700000) (1024K)]
  0x00000153fe801ae0 JavaThread "Refresh Thread: Equinox Container: b6bacc17-5c25-4598-b04b-d2ce1c9f66fb" daemon [_thread_blocked, id=27404, stack(0x0000001af4700000,0x0000001af4800000) (1024K)]
  0x00000153fe802170 JavaThread "Framework Event Dispatcher: Equinox Container: b6bacc17-5c25-4598-b04b-d2ce1c9f66fb" daemon [_thread_blocked, id=24232, stack(0x0000001af4800000,0x0000001af4900000) (1024K)]
  0x00000153fe802800 JavaThread "Start Level: Equinox Container: b6bacc17-5c25-4598-b04b-d2ce1c9f66fb" daemon [_thread_blocked, id=33372, stack(0x0000001af4500000,0x0000001af4600000) (1024K)]
  0x00000153fe7ffa10 JavaThread "Bundle File Closer"         daemon [_thread_blocked, id=33956, stack(0x0000001af4a00000,0x0000001af4b00000) (1024K)]
  0x00000153fe8000a0 JavaThread "SCR Component Actor"        daemon [_thread_blocked, id=35548, stack(0x0000001af4900000,0x0000001af4a00000) (1024K)]
  0x00000153d962a360 JavaThread "Worker-JM"                         [_thread_blocked, id=11708, stack(0x0000001af4d00000,0x0000001af4e00000) (1024K)]
  0x00000153d962b080 JavaThread "Java indexing"              daemon [_thread_blocked, id=18332, stack(0x0000001af4f00000,0x0000001af5000000) (1024K)]
  0x00000153d962bda0 JavaThread "JNA Cleaner"                daemon [_thread_blocked, id=13624, stack(0x0000001af5300000,0x0000001af5400000) (1024K)]
  0x00000153d962e500 JavaThread "Thread-1"                   daemon [_thread_in_native, id=30664, stack(0x0000001af5800000,0x0000001af5900000) (1024K)]
  0x00000153d962f220 JavaThread "Thread-2"                   daemon [_thread_in_native, id=28532, stack(0x0000001af5900000,0x0000001af5a00000) (1024K)]
  0x00000153d962f8b0 JavaThread "Thread-3"                   daemon [_thread_in_native, id=25032, stack(0x0000001af5a00000,0x0000001af5b00000) (1024K)]
  0x00000153d962de70 JavaThread "Thread-4"                   daemon [_thread_in_native, id=15644, stack(0x0000001af5b00000,0x0000001af5c00000) (1024K)]
  0x00000153d962ff40 JavaThread "Thread-5"                   daemon [_thread_in_native, id=30816, stack(0x0000001af5c00000,0x0000001af5d00000) (1024K)]
  0x00000153d962d150 JavaThread "Thread-6"                   daemon [_thread_in_native, id=26460, stack(0x0000001af5d00000,0x0000001af5e00000) (1024K)]
  0x00000153d962cac0 JavaThread "Thread-7"                   daemon [_thread_in_native, id=30916, stack(0x0000001af5e00000,0x0000001af5f00000) (1024K)]
  0x00000153d962d7e0 JavaThread "Thread-8"                   daemon [_thread_in_native, id=19832, stack(0x0000001af5f00000,0x0000001af6000000) (1024K)]
  0x00000153d962eb90 JavaThread "Thread-9"                   daemon [_thread_in_native, id=4972, stack(0x0000001af6000000,0x0000001af6100000) (1024K)]
  0x00000153d96305d0 JavaThread "pool-2-thread-1"                   [_thread_blocked, id=31172, stack(0x0000001af6100000,0x0000001af6200000) (1024K)]
  0x00000153db02dea0 JavaThread "WorkspaceEventsHandler"            [_thread_blocked, id=12952, stack(0x0000001af6200000,0x0000001af6300000) (1024K)]
  0x00000153db02b0b0 JavaThread "pool-1-thread-1"                   [_thread_blocked, id=34724, stack(0x0000001af6300000,0x0000001af6400000) (1024K)]
  0x00000153db030c90 JavaThread "PatternSearchJob-worker-2"  daemon [_thread_blocked, id=26524, stack(0x0000001af2f00000,0x0000001af3000000) (1024K)]
  0x00000153db02aa20 JavaThread "Worker-7"                          [_thread_blocked, id=19788, stack(0x0000001af4b00000,0x0000001af4c00000) (1024K)]
  0x00000153dab79c20 JavaThread "PatternSearchJob-worker-4"  daemon [_thread_blocked, id=30348, stack(0x0000001af5100000,0x0000001af5200000) (1024K)]
  0x00000153d9abc030 JavaThread "ForkJoinPool.commonPool-worker-17" daemon [_thread_blocked, id=33092, stack(0x0000001af2e00000,0x0000001af2f00000) (1024K)]
  0x00000153d9abf4b0 JavaThread "ForkJoinPool.commonPool-worker-19" daemon [_thread_blocked, id=28788, stack(0x0000001af5000000,0x0000001af5100000) (1024K)]
  0x00000153d9abc6c0 JavaThread "Cleaner-0"                  daemon [_thread_blocked, id=7408, stack(0x0000001af6400000,0x0000001af6500000) (1024K)]
  0x00000153d9ac0ef0 JavaThread "Java Debug Server"          daemon [_thread_in_native, id=26060, stack(0x0000001af5700000,0x0000001af5800000) (1024K)]
  0x00000153d9abda70 JavaThread "RxSchedulerPurge-1"         daemon [_thread_blocked, id=22800, stack(0x0000001af6600000,0x0000001af6700000) (1024K)]
  0x00000153d9ac22a0 JavaThread "RxCachedWorkerPoolEvictor-1" daemon [_thread_blocked, id=34284, stack(0x0000001af6700000,0x0000001af6800000) (1024K)]
  0x00000153d9ac1580 JavaThread "Worker-14"                         [_thread_blocked, id=30444, stack(0x0000001af5400000,0x0000001af5500000) (1024K)]
Total: 42

Other Threads:
  0x00000153fe7e25e0 VMThread "VM Thread"                           [id=17500, stack(0x0000001af3300000,0x0000001af3400000) (1024K)]
  0x00000153f8f2c920 WatcherThread "VM Periodic Task Thread"        [id=26776, stack(0x0000001af3200000,0x0000001af3300000) (1024K)]
  0x00000153f8edde90 WorkerThread "GC Thread#0"                     [id=25252, stack(0x0000001af3100000,0x0000001af3200000) (1024K)]
  0x00000153d4721fd0 WorkerThread "GC Thread#1"                     [id=1804, stack(0x0000001af3f00000,0x0000001af4000000) (1024K)]
  0x00000153d495c9d0 WorkerThread "GC Thread#2"                     [id=33040, stack(0x0000001af4000000,0x0000001af4100000) (1024K)]
  0x00000153d495cd80 WorkerThread "GC Thread#3"                     [id=30744, stack(0x0000001af4100000,0x0000001af4200000) (1024K)]
  0x00000153d4b4f3a0 WorkerThread "GC Thread#4"                     [id=12280, stack(0x0000001af4200000,0x0000001af4300000) (1024K)]
  0x00000153d4b4f750 WorkerThread "GC Thread#5"                     [id=31352, stack(0x0000001af4300000,0x0000001af4400000) (1024K)]
  0x00000153d497b8a0 WorkerThread "GC Thread#6"                     [id=18728, stack(0x0000001af4400000,0x0000001af4500000) (1024K)]
  0x00000153d4670cd0 WorkerThread "GC Thread#7"                     [id=748, stack(0x0000001af3e00000,0x0000001af3f00000) (1024K)]
Total: 10

Threads with active compile tasks:
Total: 0

VM state: not at safepoint (normal execution)

VM Mutex/Monitor currently owned by a thread: None

Heap address: 0x0000000080000000, size: 2048 MB, Compressed Oops mode: 32-bit

CDS archive(s) mapped at: [0x0000015393000000-0x0000015393ba0000-0x0000015393ba0000), size 12189696, SharedBaseAddress: 0x0000015393000000, ArchiveRelocationMode: 1.
Compressed class space mapped at: 0x0000015394000000-0x00000153d4000000, reserved size: 1073741824
Narrow klass base: 0x0000015393000000, Narrow klass shift: 0, Narrow klass range: 0x100000000

GC Precious Log:
 CardTable entry size: 512
 CPUs: 8 total, 8 available
 Memory: 7959M
 Large Page Support: Disabled
 NUMA Support: Disabled
 Compressed Oops: Enabled (32-bit)
 Alignments: Space 512K, Generation 512K, Heap 2M
 Heap Min Capacity: 100M
 Heap Initial Capacity: 100M
 Heap Max Capacity: 2G
 Pre-touch: Disabled
 Parallel Workers: 8

Heap:
 PSYoungGen      total 6656K, used 552K [0x00000000d5580000, 0x00000000d5e00000, 0x0000000100000000)
  eden space 6144K, 1% used [0x00000000d5580000,0x00000000d559a1f8,0x00000000d5b80000)
  from space 512K, 87% used [0x00000000d5d80000,0x00000000d5df0000,0x00000000d5e00000)
  to   space 512K, 0% used [0x00000000d5d00000,0x00000000d5d00000,0x00000000d5d80000)
 ParOldGen       total 831488K, used 831292K [0x0000000080000000, 0x00000000b2c00000, 0x00000000d5580000)
  object space 831488K, 99% used [0x0000000080000000,0x00000000b2bcf120,0x00000000b2c00000)
 Metaspace       used 90330K, committed 92288K, reserved 1179648K
  class space    used 9051K, committed 9984K, reserved 1048576K

Card table byte_map: [0x00000153fdb60000,0x00000153fdf70000] _byte_map_base: 0x00000153fd760000

Marking Bits: (ParMarkBitMap*) 0x00007ffa59164460
 Begin Bits: [0x000001538f000000, 0x0000015391000000)
 End Bits:   [0x0000015391000000, 0x0000015393000000)

Polling page: 0x00000153f8e00000

Metaspace:

Usage:
  Non-class:     79.37 MB used.
      Class:      8.84 MB used.
       Both:     88.21 MB used.

Virtual space:
  Non-class space:      128.00 MB reserved,      80.38 MB ( 63%) committed,  2 nodes.
      Class space:        1.00 GB reserved,       9.75 MB ( <1%) committed,  1 nodes.
             Both:        1.12 GB reserved,      90.12 MB (  8%) committed. 

Chunk freelists:
   Non-Class:  15.13 MB
       Class:  6.25 MB
        Both:  21.38 MB

MaxMetaspaceSize: unlimited
CompressedClassSpaceSize: 1.00 GB
Initial GC threshold: 21.00 MB
Current GC threshold: 135.31 MB
CDS: on
 - commit_granule_bytes: 65536.
 - commit_granule_words: 8192.
 - virtual_space_node_default_size: 8388608.
 - enlarge_chunks_in_place: 1.
 - use_allocation_guard: 0.


Internal statistics:

num_allocs_failed_limit: 9.
num_arena_births: 1664.
num_arena_deaths: 32.
num_vsnodes_births: 3.
num_vsnodes_deaths: 0.
num_space_committed: 1442.
num_space_uncommitted: 0.
num_chunks_returned_to_freelist: 47.
num_chunks_taken_from_freelist: 5947.
num_chunk_merges: 17.
num_chunk_splits: 3630.
num_chunks_enlarged: 2083.
num_inconsistent_stats: 0.

CodeHeap 'non-profiled nmethods': size=120000Kb used=25074Kb max_used=26770Kb free=94925Kb
 bounds [0x0000015387ad0000, 0x0000015389500000, 0x000001538f000000]
CodeHeap 'profiled nmethods': size=120000Kb used=41285Kb max_used=51004Kb free=78714Kb
 bounds [0x0000015380000000, 0x00000153831d0000, 0x0000015387530000]
CodeHeap 'non-nmethods': size=5760Kb used=1531Kb max_used=1638Kb free=4228Kb
 bounds [0x0000015387530000, 0x00000153877a0000, 0x0000015387ad0000]
CodeCache: size=245760Kb, used=67890Kb, max_used=79412Kb, free=177867Kb
 total_blobs=18280, nmethods=17432, adapters=748, full_count=0
Compilation: enabled, stopped_count=0, restarted_count=0

Compilation events (20 events):
Event: 27313.197 Thread 0x00000153fe80d9e0 26217       4       java.util.concurrent.ScheduledThreadPoolExecutor$DelayedWorkQueue::add (6 bytes)
Event: 27313.221 Thread 0x00000153fe80d9e0 nmethod 26217 0x00000153888ce890 code [0x00000153888ceac0, 0x00000153888cf098]
Event: 27313.221 Thread 0x00000153fe80d9e0 26218   !   4       java.util.concurrent.ScheduledThreadPoolExecutor$DelayedWorkQueue::offer (123 bytes)
Event: 27313.237 Thread 0x00000153fe80d9e0 nmethod 26218 0x00000153888cdb10 code [0x00000153888cdd40, 0x00000153888ce318]
Event: 27313.237 Thread 0x00000153fe80d9e0 26219       4       java.util.concurrent.ScheduledThreadPoolExecutor$ScheduledFutureTask::run (57 bytes)
Event: 27313.299 Thread 0x00000153fe80d9e0 nmethod 26219 0x00000153888cc190 code [0x00000153888cc460, 0x00000153888ccf68]
Event: 27313.338 Thread 0x00000153fe80d9e0 26220   !   4       java.util.concurrent.FutureTask::runAndReset (125 bytes)
Event: 27313.346 Thread 0x00000153fe80d9e0 nmethod 26220 0x00000153888cba90 code [0x00000153888cbc60, 0x00000153888cbef0]
Event: 27313.346 Thread 0x00000153fe80d9e0 26221       4       java.util.concurrent.ScheduledThreadPoolExecutor$ScheduledFutureTask::setNextRunTime (38 bytes)
Event: 27313.347 Thread 0x00000153fe80d9e0 nmethod 26221 0x00000153888cb710 code [0x00000153888cb8a0, 0x00000153888cb9a8]
Event: 27313.347 Thread 0x00000153fe80d9e0 26222       4       java.util.concurrent.ScheduledThreadPoolExecutor::reExecutePeriodic (49 bytes)
Event: 27313.680 Thread 0x00000153fe80d9e0 nmethod 26222 0x00000153888ca510 code [0x00000153888ca760, 0x00000153888caf48]
Event: 27313.680 Thread 0x00000153fe80d9e0 26223   !   4       java.util.concurrent.locks.AbstractQueuedSynchronizer::tryInitializeHead (66 bytes)
Event: 27313.686 Thread 0x00000153fe80d9e0 nmethod 26223 0x00000153888ca090 code [0x00000153888ca220, 0x00000153888ca3e0]
Event: 27314.062 Thread 0x00000153fe80e140 26224       3       org.eclipse.core.internal.resources.MarkerAttributeMap::shareStrings (92 bytes)
Event: 27314.074 Thread 0x00000153fe80e140 nmethod 26224 0x0000015382f85910 code [0x0000015382f85ba0, 0x0000015382f86a50]
Event: 27314.231 Thread 0x00000153fe80d9e0 26225       4       java.util.HashMap$Node::setValue (12 bytes)
Event: 27314.231 Thread 0x00000153fe80d9e0 nmethod 26225 0x0000015387e9b890 code [0x0000015387e9ba20, 0x0000015387e9bac8]
Event: 27376.885 Thread 0x00000153fe80e140 26226       3       java.util.logging.LogManager$LoggerContext::getGlobalLogger (6 bytes)
Event: 27376.920 Thread 0x00000153fe80e140 nmethod 26226 0x0000015380d21310 code [0x0000015380d214a0, 0x0000015380d215b8]

GC Heap History (20 events):
Event: 1943.960 GC heap before
{Heap before GC invocations=4226 (full 6):
 PSYoungGen      total 6656K, used 6545K [0x00000000d5580000, 0x00000000d5e80000, 0x0000000100000000)
  eden space 6144K, 100% used [0x00000000d5580000,0x00000000d5b80000,0x00000000d5b80000)
  from space 512K, 78% used [0x00000000d5e00000,0x00000000d5e645c8,0x00000000d5e80000)
  to   space 512K, 0% used [0x00000000d5d80000,0x00000000d5d80000,0x00000000d5e00000)
 ParOldGen       total 827904K, used 827903K [0x0000000080000000, 0x00000000b2880000, 0x00000000d5580000)
  object space 827904K, 99% used [0x0000000080000000,0x00000000b287fc78,0x00000000b2880000)
 Metaspace       used 88942K, committed 90752K, reserved 1179648K
  class space    used 8826K, committed 9664K, reserved 1048576K
}
Event: 1943.963 GC heap after
{Heap after GC invocations=4226 (full 6):
 PSYoungGen      total 6656K, used 256K [0x00000000d5580000, 0x00000000d5e80000, 0x0000000100000000)
  eden space 6144K, 0% used [0x00000000d5580000,0x00000000d5580000,0x00000000d5b80000)
  from space 512K, 50% used [0x00000000d5d80000,0x00000000d5dc0000,0x00000000d5e00000)
  to   space 512K, 0% used [0x00000000d5e00000,0x00000000d5e00000,0x00000000d5e80000)
 ParOldGen       total 828416K, used 828112K [0x0000000080000000, 0x00000000b2900000, 0x00000000d5580000)
  object space 828416K, 99% used [0x0000000080000000,0x00000000b28b4240,0x00000000b2900000)
 Metaspace       used 88942K, committed 90752K, reserved 1179648K
  class space    used 8826K, committed 9664K, reserved 1048576K
}
Event: 1944.204 GC heap before
{Heap before GC invocations=4227 (full 6):
 PSYoungGen      total 6656K, used 6400K [0x00000000d5580000, 0x00000000d5e80000, 0x0000000100000000)
  eden space 6144K, 100% used [0x00000000d5580000,0x00000000d5b80000,0x00000000d5b80000)
  from space 512K, 50% used [0x00000000d5d80000,0x00000000d5dc0000,0x00000000d5e00000)
  to   space 512K, 0% used [0x00000000d5e00000,0x00000000d5e00000,0x00000000d5e80000)
 ParOldGen       total 828416K, used 828112K [0x0000000080000000, 0x00000000b2900000, 0x00000000d5580000)
  object space 828416K, 99% used [0x0000000080000000,0x00000000b28b4240,0x00000000b2900000)
 Metaspace       used 89495K, committed 91328K, reserved 1179648K
  class space    used 8947K, committed 9792K, reserved 1048576K
}
Event: 1944.209 GC heap after
{Heap after GC invocations=4227 (full 6):
 PSYoungGen      total 6656K, used 256K [0x00000000d5580000, 0x00000000d5e80000, 0x0000000100000000)
  eden space 6144K, 0% used [0x00000000d5580000,0x00000000d5580000,0x00000000d5b80000)
  from space 512K, 50% used [0x00000000d5e00000,0x00000000d5e40000,0x00000000d5e80000)
  to   space 512K, 0% used [0x00000000d5d80000,0x00000000d5d80000,0x00000000d5e00000)
 ParOldGen       total 828416K, used 828248K [0x0000000080000000, 0x00000000b2900000, 0x00000000d5580000)
  object space 828416K, 99% used [0x0000000080000000,0x00000000b28d6270,0x00000000b2900000)
 Metaspace       used 89495K, committed 91328K, reserved 1179648K
  class space    used 8947K, committed 9792K, reserved 1048576K
}
Event: 1944.379 GC heap before
{Heap before GC invocations=4228 (full 6):
 PSYoungGen      total 6656K, used 6400K [0x00000000d5580000, 0x00000000d5e80000, 0x0000000100000000)
  eden space 6144K, 100% used [0x00000000d5580000,0x00000000d5b80000,0x00000000d5b80000)
  from space 512K, 50% used [0x00000000d5e00000,0x00000000d5e40000,0x00000000d5e80000)
  to   space 512K, 0% used [0x00000000d5d80000,0x00000000d5d80000,0x00000000d5e00000)
 ParOldGen       total 828416K, used 828248K [0x0000000080000000, 0x00000000b2900000, 0x00000000d5580000)
  object space 828416K, 99% used [0x0000000080000000,0x00000000b28d6270,0x00000000b2900000)
 Metaspace       used 90009K, committed 91968K, reserved 1179648K
  class space    used 9012K, committed 9920K, reserved 1048576K
}
Event: 1944.382 GC heap after
{Heap after GC invocations=4228 (full 6):
 PSYoungGen      total 6656K, used 320K [0x00000000d5580000, 0x00000000d5e80000, 0x0000000100000000)
  eden space 6144K, 0% used [0x00000000d5580000,0x00000000d5580000,0x00000000d5b80000)
  from space 512K, 62% used [0x00000000d5d80000,0x00000000d5dd0000,0x00000000d5e00000)
  to   space 512K, 0% used [0x00000000d5e00000,0x00000000d5e00000,0x00000000d5e80000)
 ParOldGen       total 828416K, used 828336K [0x0000000080000000, 0x00000000b2900000, 0x00000000d5580000)
  object space 828416K, 99% used [0x0000000080000000,0x00000000b28ec270,0x00000000b2900000)
 Metaspace       used 90009K, committed 91968K, reserved 1179648K
  class space    used 9012K, committed 9920K, reserved 1048576K
}
Event: 1946.263 GC heap before
{Heap before GC invocations=4229 (full 6):
 PSYoungGen      total 6656K, used 6464K [0x00000000d5580000, 0x00000000d5e80000, 0x0000000100000000)
  eden space 6144K, 100% used [0x00000000d5580000,0x00000000d5b80000,0x00000000d5b80000)
  from space 512K, 62% used [0x00000000d5d80000,0x00000000d5dd0000,0x00000000d5e00000)
  to   space 512K, 0% used [0x00000000d5e00000,0x00000000d5e00000,0x00000000d5e80000)
 ParOldGen       total 828416K, used 828336K [0x0000000080000000, 0x00000000b2900000, 0x00000000d5580000)
  object space 828416K, 99% used [0x0000000080000000,0x00000000b28ec270,0x00000000b2900000)
 Metaspace       used 90258K, committed 92160K, reserved 1179648K
  class space    used 9040K, committed 9920K, reserved 1048576K
}
Event: 1946.267 GC heap after
{Heap after GC invocations=4229 (full 6):
 PSYoungGen      total 6656K, used 506K [0x00000000d5580000, 0x00000000d5e80000, 0x0000000100000000)
  eden space 6144K, 0% used [0x00000000d5580000,0x00000000d5580000,0x00000000d5b80000)
  from space 512K, 98% used [0x00000000d5e00000,0x00000000d5e7e900,0x00000000d5e80000)
  to   space 1024K, 0% used [0x00000000d5c80000,0x00000000d5c80000,0x00000000d5d80000)
 ParOldGen       total 828928K, used 828536K [0x0000000080000000, 0x00000000b2980000, 0x00000000d5580000)
  object space 828928K, 99% used [0x0000000080000000,0x00000000b291e280,0x00000000b2980000)
 Metaspace       used 90258K, committed 92160K, reserved 1179648K
  class space    used 9040K, committed 9920K, reserved 1048576K
}
Event: 2066.351 GC heap before
{Heap before GC invocations=4230 (full 6):
 PSYoungGen      total 6656K, used 6650K [0x00000000d5580000, 0x00000000d5e80000, 0x0000000100000000)
  eden space 6144K, 100% used [0x00000000d5580000,0x00000000d5b80000,0x00000000d5b80000)
  from space 512K, 98% used [0x00000000d5e00000,0x00000000d5e7e900,0x00000000d5e80000)
  to   space 1024K, 0% used [0x00000000d5c80000,0x00000000d5c80000,0x00000000d5d80000)
 ParOldGen       total 828928K, used 828536K [0x0000000080000000, 0x00000000b2980000, 0x00000000d5580000)
  object space 828928K, 99% used [0x0000000080000000,0x00000000b291e280,0x00000000b2980000)
 Metaspace       used 90316K, committed 92288K, reserved 1179648K
  class space    used 9051K, committed 9984K, reserved 1048576K
}
Event: 2066.373 GC heap after
{Heap after GC invocations=4230 (full 6):
 PSYoungGen      total 7168K, used 845K [0x00000000d5580000, 0x00000000d5e80000, 0x0000000100000000)
  eden space 6144K, 0% used [0x00000000d5580000,0x00000000d5580000,0x00000000d5b80000)
  from space 1024K, 82% used [0x00000000d5c80000,0x00000000d5d53510,0x00000000d5d80000)
  to   space 1024K, 0% used [0x00000000d5d80000,0x00000000d5d80000,0x00000000d5e80000)
 ParOldGen       total 829440K, used 828997K [0x0000000080000000, 0x00000000b2a00000, 0x00000000d5580000)
  object space 829440K, 99% used [0x0000000080000000,0x00000000b29914b0,0x00000000b2a00000)
 Metaspace       used 90316K, committed 92288K, reserved 1179648K
  class space    used 9051K, committed 9984K, reserved 1048576K
}
Event: 2066.556 GC heap before
{Heap before GC invocations=4231 (full 6):
 PSYoungGen      total 7168K, used 6989K [0x00000000d5580000, 0x00000000d5e80000, 0x0000000100000000)
  eden space 6144K, 100% used [0x00000000d5580000,0x00000000d5b80000,0x00000000d5b80000)
  from space 1024K, 82% used [0x00000000d5c80000,0x00000000d5d53510,0x00000000d5d80000)
  to   space 1024K, 0% used [0x00000000d5d80000,0x00000000d5d80000,0x00000000d5e80000)
 ParOldGen       total 829440K, used 828997K [0x0000000080000000, 0x00000000b2a00000, 0x00000000d5580000)
  object space 829440K, 99% used [0x0000000080000000,0x00000000b29914b0,0x00000000b2a00000)
 Metaspace       used 90316K, committed 92288K, reserved 1179648K
  class space    used 9051K, committed 9984K, reserved 1048576K
}
Event: 2066.561 GC heap after
{Heap after GC invocations=4231 (full 6):
 PSYoungGen      total 7168K, used 1022K [0x00000000d5580000, 0x00000000d5e80000, 0x0000000100000000)
  eden space 6144K, 0% used [0x00000000d5580000,0x00000000d5580000,0x00000000d5b80000)
  from space 1024K, 99% used [0x00000000d5d80000,0x00000000d5e7fa18,0x00000000d5e80000)
  to   space 1536K, 0% used [0x00000000d5b80000,0x00000000d5b80000,0x00000000d5d00000)
 ParOldGen       total 829440K, used 829393K [0x0000000080000000, 0x00000000b2a00000, 0x00000000d5580000)
  object space 829440K, 99% used [0x0000000080000000,0x00000000b29f4418,0x00000000b2a00000)
 Metaspace       used 90316K, committed 92288K, reserved 1179648K
  class space    used 9051K, committed 9984K, reserved 1048576K
}
Event: 2070.868 GC heap before
{Heap before GC invocations=4232 (full 6):
 PSYoungGen      total 7168K, used 7166K [0x00000000d5580000, 0x00000000d5e80000, 0x0000000100000000)
  eden space 6144K, 99% used [0x00000000d5580000,0x00000000d5b7fff0,0x00000000d5b80000)
  from space 1024K, 99% used [0x00000000d5d80000,0x00000000d5e7fa18,0x00000000d5e80000)
  to   space 1536K, 0% used [0x00000000d5b80000,0x00000000d5b80000,0x00000000d5d00000)
 ParOldGen       total 829440K, used 829393K [0x0000000080000000, 0x00000000b2a00000, 0x00000000d5580000)
  object space 829440K, 99% used [0x0000000080000000,0x00000000b29f4418,0x00000000b2a00000)
 Metaspace       used 90319K, committed 92288K, reserved 1179648K
  class space    used 9051K, committed 9984K, reserved 1048576K
}
Event: 2070.880 GC heap after
{Heap after GC invocations=4232 (full 6):
 PSYoungGen      total 7680K, used 1512K [0x00000000d5580000, 0x00000000d6080000, 0x0000000100000000)
  eden space 6144K, 0% used [0x00000000d5580000,0x00000000d5580000,0x00000000d5b80000)
  from space 1536K, 98% used [0x00000000d5b80000,0x00000000d5cfa010,0x00000000d5d00000)
  to   space 2560K, 0% used [0x00000000d5e00000,0x00000000d5e00000,0x00000000d6080000)
 ParOldGen       total 830464K, used 830151K [0x0000000080000000, 0x00000000b2b00000, 0x00000000d5580000)
  object space 830464K, 99% used [0x0000000080000000,0x00000000b2ab1f10,0x00000000b2b00000)
 Metaspace       used 90319K, committed 92288K, reserved 1179648K
  class space    used 9051K, committed 9984K, reserved 1048576K
}
Event: 16504.190 GC heap before
{Heap before GC invocations=4233 (full 6):
 PSYoungGen      total 7680K, used 7656K [0x00000000d5580000, 0x00000000d6080000, 0x0000000100000000)
  eden space 6144K, 100% used [0x00000000d5580000,0x00000000d5b80000,0x00000000d5b80000)
  from space 1536K, 98% used [0x00000000d5b80000,0x00000000d5cfa010,0x00000000d5d00000)
  to   space 2560K, 0% used [0x00000000d5e00000,0x00000000d5e00000,0x00000000d6080000)
 ParOldGen       total 830464K, used 830151K [0x0000000080000000, 0x00000000b2b00000, 0x00000000d5580000)
  object space 830464K, 99% used [0x0000000080000000,0x00000000b2ab1f10,0x00000000b2b00000)
 Metaspace       used 90325K, committed 92288K, reserved 1179648K
  class space    used 9051K, committed 9984K, reserved 1048576K
}
Event: 16506.908 GC heap after
{Heap after GC invocations=4233 (full 6):
 PSYoungGen      total 6656K, used 352K [0x00000000d5580000, 0x00000000d5e80000, 0x0000000100000000)
  eden space 6144K, 0% used [0x00000000d5580000,0x00000000d5580000,0x00000000d5b80000)
  from space 512K, 68% used [0x00000000d5e00000,0x00000000d5e58000,0x00000000d5e80000)
  to   space 1536K, 0% used [0x00000000d5b80000,0x00000000d5b80000,0x00000000d5d00000)
 ParOldGen       total 831488K, used 831292K [0x0000000080000000, 0x00000000b2c00000, 0x00000000d5580000)
  object space 831488K, 99% used [0x0000000080000000,0x00000000b2bcf120,0x00000000b2c00000)
 Metaspace       used 90325K, committed 92288K, reserved 1179648K
  class space    used 9051K, committed 9984K, reserved 1048576K
}
Event: 16507.035 GC heap before
{Heap before GC invocations=4234 (full 6):
 PSYoungGen      total 6656K, used 6496K [0x00000000d5580000, 0x00000000d5e80000, 0x0000000100000000)
  eden space 6144K, 100% used [0x00000000d5580000,0x00000000d5b80000,0x00000000d5b80000)
  from space 512K, 68% used [0x00000000d5e00000,0x00000000d5e58000,0x00000000d5e80000)
  to   space 1536K, 0% used [0x00000000d5b80000,0x00000000d5b80000,0x00000000d5d00000)
 ParOldGen       total 831488K, used 831292K [0x0000000080000000, 0x00000000b2c00000, 0x00000000d5580000)
  object space 831488K, 99% used [0x0000000080000000,0x00000000b2bcf120,0x00000000b2c00000)
 Metaspace       used 90325K, committed 92288K, reserved 1179648K
  class space    used 9051K, committed 9984K, reserved 1048576K
}
Event: 16507.040 GC heap after
{Heap after GC invocations=4234 (full 6):
 PSYoungGen      total 7680K, used 448K [0x00000000d5580000, 0x00000000d5e80000, 0x0000000100000000)
  eden space 6144K, 0% used [0x00000000d5580000,0x00000000d5580000,0x00000000d5b80000)
  from space 1536K, 29% used [0x00000000d5b80000,0x00000000d5bf0000,0x00000000d5d00000)
  to   space 1024K, 0% used [0x00000000d5d80000,0x00000000d5d80000,0x00000000d5e80000)
 ParOldGen       total 831488K, used 831292K [0x0000000080000000, 0x00000000b2c00000, 0x00000000d5580000)
  object space 831488K, 99% used [0x0000000080000000,0x00000000b2bcf120,0x00000000b2c00000)
 Metaspace       used 90325K, committed 92288K, reserved 1179648K
  class space    used 9051K, committed 9984K, reserved 1048576K
}
Event: 27373.011 GC heap before
{Heap before GC invocations=4235 (full 6):
 PSYoungGen      total 7680K, used 6592K [0x00000000d5580000, 0x00000000d5e80000, 0x0000000100000000)
  eden space 6144K, 100% used [0x00000000d5580000,0x00000000d5b80000,0x00000000d5b80000)
  from space 1536K, 29% used [0x00000000d5b80000,0x00000000d5bf0000,0x00000000d5d00000)
  to   space 1024K, 0% used [0x00000000d5d80000,0x00000000d5d80000,0x00000000d5e80000)
 ParOldGen       total 831488K, used 831292K [0x0000000080000000, 0x00000000b2c00000, 0x00000000d5580000)
  object space 831488K, 99% used [0x0000000080000000,0x00000000b2bcf120,0x00000000b2c00000)
 Metaspace       used 90330K, committed 92288K, reserved 1179648K
  class space    used 9051K, committed 9984K, reserved 1048576K
}
Event: 27374.698 GC heap after
{Heap after GC invocations=4235 (full 6):
 PSYoungGen      total 6656K, used 448K [0x00000000d5580000, 0x00000000d5e00000, 0x0000000100000000)
  eden space 6144K, 0% used [0x00000000d5580000,0x00000000d5580000,0x00000000d5b80000)
  from space 512K, 87% used [0x00000000d5d80000,0x00000000d5df0000,0x00000000d5e00000)
  to   space 512K, 0% used [0x00000000d5d00000,0x00000000d5d00000,0x00000000d5d80000)
 ParOldGen       total 831488K, used 831292K [0x0000000080000000, 0x00000000b2c00000, 0x00000000d5580000)
  object space 831488K, 99% used [0x0000000080000000,0x00000000b2bcf120,0x00000000b2c00000)
 Metaspace       used 90330K, committed 92288K, reserved 1179648K
  class space    used 9051K, committed 9984K, reserved 1048576K
}

Dll operation events (14 events):
Event: 0.016 Loaded shared library c:\Users\saida\.vscode\extensions\redhat.java-1.55.0-win32-x64\jre\21.0.11-win32-x86_64\bin\java.dll
Event: 0.089 Loaded shared library c:\Users\saida\.vscode\extensions\redhat.java-1.55.0-win32-x64\jre\21.0.11-win32-x86_64\bin\zip.dll
Event: 0.113 Loaded shared library C:\Users\saida\.vscode\extensions\redhat.java-1.55.0-win32-x64\jre\21.0.11-win32-x86_64\bin\instrument.dll
Event: 0.154 Loaded shared library C:\Users\saida\.vscode\extensions\redhat.java-1.55.0-win32-x64\jre\21.0.11-win32-x86_64\bin\net.dll
Event: 0.290 Loaded shared library C:\Users\saida\.vscode\extensions\redhat.java-1.55.0-win32-x64\jre\21.0.11-win32-x86_64\bin\nio.dll
Event: 0.294 Loaded shared library C:\Users\saida\.vscode\extensions\redhat.java-1.55.0-win32-x64\jre\21.0.11-win32-x86_64\bin\zip.dll
Event: 0.325 Loaded shared library C:\Users\saida\.vscode\extensions\redhat.java-1.55.0-win32-x64\jre\21.0.11-win32-x86_64\bin\jimage.dll
Event: 0.525 Loaded shared library c:\Users\saida\.vscode\extensions\redhat.java-1.55.0-win32-x64\jre\21.0.11-win32-x86_64\bin\verify.dll
Event: 17.413 Loaded shared library C:\Users\saida\AppData\Roaming\Code\User\globalStorage\redhat.java\1.55.0\config_win\org.eclipse.equinox.launcher\org.eclipse.equinox.launcher.win32.win32.x86_64_1.3.100.v20260613-0559\eclipse_11924.dll
Event: 41.430 Loaded shared library C:\Users\saida\.vscode\extensions\redhat.java-1.55.0-win32-x64\jre\21.0.11-win32-x86_64\bin\management.dll
Event: 41.435 Loaded shared library C:\Users\saida\.vscode\extensions\redhat.java-1.55.0-win32-x64\jre\21.0.11-win32-x86_64\bin\management_ext.dll
Event: 43.507 Loaded shared library C:\Users\saida\AppData\Local\Temp\jna-109198744\jna12271616594111308002.dll
Event: 44.160 Loaded shared library C:\Users\saida\.vscode\extensions\redhat.java-1.55.0-win32-x64\jre\21.0.11-win32-x86_64\bin\sunmscapi.dll
Event: 45.461 Loaded shared library C:\Users\saida\.vscode\extensions\redhat.java-1.55.0-win32-x64\jre\21.0.11-win32-x86_64\bin\extnet.dll

Deoptimization events (20 events):
Event: 2070.976 Thread 0x00000153db02aa20 Uncommon trap: trap_request=0xffffffd6 fr.pc=0x0000015388824664 relative=0x0000000000002964
Event: 2070.976 Thread 0x00000153db02aa20 Uncommon trap: reason=array_check action=maybe_recompile pc=0x0000015388824664 method=org.eclipse.jdt.internal.compiler.lookup.InferenceSubstitution.addContext(Lorg/eclipse/jdt/internal/compiler/lookup/InferenceContext18;)Lorg/eclipse/jdt/internal/compile
Event: 2070.976 Thread 0x00000153db02aa20 DEOPT PACKING pc=0x0000015388824664 sp=0x0000001af4bfde60
Event: 2070.976 Thread 0x00000153db02aa20 DEOPT UNPACKING pc=0x0000015387586da2 sp=0x0000001af4bfdd80 mode 2
Event: 16508.956 Thread 0x00000153d9abda70 Uncommon trap: trap_request=0xffffffd6 fr.pc=0x0000015388bd1d48 relative=0x0000000000000308
Event: 16508.958 Thread 0x00000153d9abda70 Uncommon trap: reason=array_check action=maybe_recompile pc=0x0000015388bd1d48 method=java.util.concurrent.ScheduledThreadPoolExecutor$DelayedWorkQueue.offer(Ljava/lang/Runnable;)Z @ 65 c2
Event: 16508.959 Thread 0x00000153d9abda70 DEOPT PACKING pc=0x0000015388bd1d48 sp=0x0000001af66ff3c0
Event: 16508.960 Thread 0x00000153d9abda70 DEOPT UNPACKING pc=0x0000015387586da2 sp=0x0000001af66ff260 mode 2
Event: 16509.951 Thread 0x00000153d9abda70 Uncommon trap: trap_request=0xffffffd6 fr.pc=0x0000015388bd1d48 relative=0x0000000000000308
Event: 16509.951 Thread 0x00000153d9abda70 Uncommon trap: reason=array_check action=maybe_recompile pc=0x0000015388bd1d48 method=java.util.concurrent.ScheduledThreadPoolExecutor$DelayedWorkQueue.offer(Ljava/lang/Runnable;)Z @ 65 c2
Event: 16509.951 Thread 0x00000153d9abda70 DEOPT PACKING pc=0x0000015388bd1d48 sp=0x0000001af66ff3c0
Event: 16509.953 Thread 0x00000153d9abda70 DEOPT UNPACKING pc=0x0000015387586da2 sp=0x0000001af66ff260 mode 2
Event: 16510.958 Thread 0x00000153d9abda70 Uncommon trap: trap_request=0xffffffd6 fr.pc=0x0000015388bd1d48 relative=0x0000000000000308
Event: 16510.958 Thread 0x00000153d9abda70 Uncommon trap: reason=array_check action=maybe_recompile pc=0x0000015388bd1d48 method=java.util.concurrent.ScheduledThreadPoolExecutor$DelayedWorkQueue.offer(Ljava/lang/Runnable;)Z @ 65 c2
Event: 16510.958 Thread 0x00000153d9abda70 DEOPT PACKING pc=0x0000015388bd1d48 sp=0x0000001af66ff3c0
Event: 16510.963 Thread 0x00000153d9abda70 DEOPT UNPACKING pc=0x0000015387586da2 sp=0x0000001af66ff260 mode 2
Event: 16511.946 Thread 0x00000153d9abda70 Uncommon trap: trap_request=0xffffffd6 fr.pc=0x0000015388bd1d48 relative=0x0000000000000308
Event: 16511.946 Thread 0x00000153d9abda70 Uncommon trap: reason=array_check action=maybe_recompile pc=0x0000015388bd1d48 method=java.util.concurrent.ScheduledThreadPoolExecutor$DelayedWorkQueue.offer(Ljava/lang/Runnable;)Z @ 65 c2
Event: 16511.946 Thread 0x00000153d9abda70 DEOPT PACKING pc=0x0000015388bd1d48 sp=0x0000001af66ff3c0
Event: 16511.946 Thread 0x00000153d9abda70 DEOPT UNPACKING pc=0x0000015387586da2 sp=0x0000001af66ff260 mode 2

Classes loaded (20 events):
Event: 1944.399 Loading class java/util/TaskQueue
Event: 1944.399 Loading class java/util/TaskQueue done
Event: 1944.400 Loading class java/util/TimerThread
Event: 1944.400 Loading class java/util/TimerThread done
Event: 1944.400 Loading class java/util/Timer$ThreadReaper
Event: 1944.400 Loading class java/util/Timer$ThreadReaper done
Event: 1944.406 Loading class java/util/concurrent/CompletableFuture$UniWhenComplete
Event: 1944.408 Loading class java/util/concurrent/CompletableFuture$UniWhenComplete done
Event: 1944.409 Loading class java/util/concurrent/CompletableFuture$UniCompose
Event: 1944.410 Loading class java/util/concurrent/CompletableFuture$UniCompose done
Event: 1944.410 Loading class java/util/concurrent/CompletableFuture$UniRelay
Event: 1944.412 Loading class java/util/concurrent/CompletableFuture$UniRelay done
Event: 1944.950 Loading class java/util/concurrent/ScheduledThreadPoolExecutor$DelayedWorkQueue$Itr
Event: 1944.950 Loading class java/util/concurrent/ScheduledThreadPoolExecutor$DelayedWorkQueue$Itr done
Event: 1946.831 Loading class java/lang/ProcessHandleImpl$ExitCompletion
Event: 1946.832 Loading class java/lang/ProcessHandleImpl$ExitCompletion done
Event: 1946.832 Loading class java/lang/ProcessHandleImpl$1
Event: 1946.832 Loading class java/lang/ProcessHandleImpl$1 done
Event: 1946.833 Loading class java/util/concurrent/CompletableFuture$UniHandle
Event: 1946.833 Loading class java/util/concurrent/CompletableFuture$UniHandle done

Classes unloaded (16 events):
Event: 42.311 Thread 0x00000153fe7e25e0 Unloading class 0x00000153941a8c00 'java/lang/invoke/LambdaForm$MH+0x00000153941a8c00'
Event: 42.311 Thread 0x00000153fe7e25e0 Unloading class 0x00000153941a8800 'java/lang/invoke/LambdaForm$MH+0x00000153941a8800'
Event: 42.311 Thread 0x00000153fe7e25e0 Unloading class 0x00000153941a8400 'java/lang/invoke/LambdaForm$MH+0x00000153941a8400'
Event: 42.311 Thread 0x00000153fe7e25e0 Unloading class 0x00000153941a8000 'java/lang/invoke/LambdaForm$MH+0x00000153941a8000'
Event: 42.311 Thread 0x00000153fe7e25e0 Unloading class 0x00000153941a7c00 'java/lang/invoke/LambdaForm$BMH+0x00000153941a7c00'
Event: 42.311 Thread 0x00000153fe7e25e0 Unloading class 0x00000153941a7800 'java/lang/invoke/LambdaForm$DMH+0x00000153941a7800'
Event: 42.311 Thread 0x00000153fe7e25e0 Unloading class 0x00000153941a6400 'java/lang/invoke/LambdaForm$DMH+0x00000153941a6400'
Event: 43.822 Thread 0x00000153fe7e25e0 Unloading class 0x0000015394308400 'java/lang/invoke/LambdaForm$MH+0x0000015394308400'
Event: 43.822 Thread 0x00000153fe7e25e0 Unloading class 0x0000015394303c00 'java/lang/invoke/LambdaForm$MH+0x0000015394303c00'
Event: 43.822 Thread 0x00000153fe7e25e0 Unloading class 0x0000015394303800 'java/lang/invoke/LambdaForm$MH+0x0000015394303800'
Event: 43.822 Thread 0x00000153fe7e25e0 Unloading class 0x0000015394303000 'java/lang/invoke/LambdaForm$DMH+0x0000015394303000'
Event: 43.822 Thread 0x00000153fe7e25e0 Unloading class 0x0000015394302400 'java/lang/invoke/LambdaForm$MH+0x0000015394302400'
Event: 81.584 Thread 0x00000153fe7e25e0 Unloading class 0x000001539469d800 'java/lang/invoke/LambdaForm$DMH+0x000001539469d800'
Event: 81.584 Thread 0x00000153fe7e25e0 Unloading class 0x000001539469d400 'java/lang/invoke/LambdaForm$DMH+0x000001539469d400'
Event: 81.584 Thread 0x00000153fe7e25e0 Unloading class 0x000001539469d000 'java/lang/invoke/LambdaForm$DMH+0x000001539469d000'
Event: 81.584 Thread 0x00000153fe7e25e0 Unloading class 0x000001539469cc00 'java/lang/invoke/LambdaForm$DMH+0x000001539469cc00'

Classes redefined (0 events):
No events

Internal exceptions (20 events):
Event: 2041.523 Thread 0x00000153dab7a940 Exception <a 'sun/nio/fs/WindowsException'{0x00000000d572e7f0}> (0x00000000d572e7f0) 
thrown [s\src\hotspot\share\prims\jni.cpp, line 520]
Event: 2041.523 Thread 0x00000153dab7a940 Exception <a 'sun/nio/fs/WindowsException'{0x00000000d572f1b0}> (0x00000000d572f1b0) 
thrown [s\src\hotspot\share\prims\jni.cpp, line 520]
Event: 2041.530 Thread 0x00000153dab7a940 Exception <a 'sun/nio/fs/WindowsException'{0x00000000d573b108}> (0x00000000d573b108) 
thrown [s\src\hotspot\share\prims\jni.cpp, line 520]
Event: 2041.530 Thread 0x00000153dab7a940 Exception <a 'sun/nio/fs/WindowsException'{0x00000000d573b9f0}> (0x00000000d573b9f0) 
thrown [s\src\hotspot\share\prims\jni.cpp, line 520]
Event: 2041.532 Thread 0x00000153dab7a940 Exception <a 'sun/nio/fs/WindowsException'{0x00000000d573d5c0}> (0x00000000d573d5c0) 
thrown [s\src\hotspot\share\prims\jni.cpp, line 520]
Event: 2041.532 Thread 0x00000153dab7a940 Exception <a 'sun/nio/fs/WindowsException'{0x00000000d573df80}> (0x00000000d573df80) 
thrown [s\src\hotspot\share\prims\jni.cpp, line 520]
Event: 2041.534 Thread 0x00000153dab7a940 Exception <a 'sun/nio/fs/WindowsException'{0x00000000d573f7d8}> (0x00000000d573f7d8) 
thrown [s\src\hotspot\share\prims\jni.cpp, line 520]
Event: 2041.534 Thread 0x00000153dab7a940 Exception <a 'sun/nio/fs/WindowsException'{0x00000000d5740198}> (0x00000000d5740198) 
thrown [s\src\hotspot\share\prims\jni.cpp, line 520]
Event: 2041.537 Thread 0x00000153dab7a940 Exception <a 'sun/nio/fs/WindowsException'{0x00000000d57419f0}> (0x00000000d57419f0) 
thrown [s\src\hotspot\share\prims\jni.cpp, line 520]
Event: 2041.537 Thread 0x00000153dab7a940 Exception <a 'sun/nio/fs/WindowsException'{0x00000000d57423b0}> (0x00000000d57423b0) 
thrown [s\src\hotspot\share\prims\jni.cpp, line 520]
Event: 2041.539 Thread 0x00000153dab7a940 Exception <a 'sun/nio/fs/WindowsException'{0x00000000d5743c08}> (0x00000000d5743c08) 
thrown [s\src\hotspot\share\prims\jni.cpp, line 520]
Event: 2041.539 Thread 0x00000153dab7a940 Exception <a 'sun/nio/fs/WindowsException'{0x00000000d57445c8}> (0x00000000d57445c8) 
thrown [s\src\hotspot\share\prims\jni.cpp, line 520]
Event: 2041.542 Thread 0x00000153dab7a940 Exception <a 'sun/nio/fs/WindowsException'{0x00000000d5745f50}> (0x00000000d5745f50) 
thrown [s\src\hotspot\share\prims\jni.cpp, line 520]
Event: 2041.542 Thread 0x00000153dab7a940 Exception <a 'sun/nio/fs/WindowsException'{0x00000000d5746910}> (0x00000000d5746910) 
thrown [s\src\hotspot\share\prims\jni.cpp, line 520]
Event: 2041.546 Thread 0x00000153dab7a940 Exception <a 'sun/nio/fs/WindowsException'{0x00000000d57486e0}> (0x00000000d57486e0) 
thrown [s\src\hotspot\share\prims\jni.cpp, line 520]
Event: 2041.546 Thread 0x00000153dab7a940 Exception <a 'sun/nio/fs/WindowsException'{0x00000000d57490a0}> (0x00000000d57490a0) 
thrown [s\src\hotspot\share\prims\jni.cpp, line 520]
Event: 2041.550 Thread 0x00000153dab7a940 Exception <a 'sun/nio/fs/WindowsException'{0x00000000d574a8f8}> (0x00000000d574a8f8) 
thrown [s\src\hotspot\share\prims\jni.cpp, line 520]
Event: 2041.550 Thread 0x00000153dab7a940 Exception <a 'sun/nio/fs/WindowsException'{0x00000000d574b2b8}> (0x00000000d574b2b8) 
thrown [s\src\hotspot\share\prims\jni.cpp, line 520]
Event: 2041.745 Thread 0x00000153dab7a940 Implicit null exception at 0x00000153884a2831 to 0x00000153884a2fc4
Event: 27345.297 Thread 0x00000153db02b0b0 Exception <a 'java/lang/IncompatibleClassChangeError'{0x00000000d5b792b8}: Found class java.lang.Object, but interface was expected> (0x00000000d5b792b8) 
thrown [s\src\hotspot\share\interpreter\linkResolver.cpp, line 840]

ZGC Phase Switch (0 events):
No events

VM Operations (20 events):
Event: 16513.158 Executing safepoint VM operation: Cleanup
Event: 16513.158 Executing safepoint VM operation: Cleanup done
Event: 27312.961 Executing non-safepoint VM operation: HandshakeAllThreads (HandshakeForDeflation)
Event: 27313.352 Executing non-safepoint VM operation: HandshakeAllThreads (HandshakeForDeflation) done
Event: 27313.352 Executing safepoint VM operation: Cleanup
Event: 27313.620 Executing safepoint VM operation: Cleanup done
Event: 27313.620 Executing non-safepoint VM operation: RendezvousGCThreads
Event: 27313.620 Executing non-safepoint VM operation: RendezvousGCThreads done
Event: 27314.633 Executing safepoint VM operation: Cleanup
Event: 27314.710 Executing safepoint VM operation: Cleanup done
Event: 27316.737 Executing safepoint VM operation: Cleanup
Event: 27316.737 Executing safepoint VM operation: Cleanup done
Event: 27344.005 Executing safepoint VM operation: Cleanup
Event: 27344.022 Executing safepoint VM operation: Cleanup done
Event: 27372.991 Executing safepoint VM operation: ParallelGCFailedAllocation (Allocation Failure)
Event: 27374.698 Executing safepoint VM operation: ParallelGCFailedAllocation (Allocation Failure) done
Event: 27431.785 Executing non-safepoint VM operation: HandshakeAllThreads (HandshakeForDeflation)
Event: 27431.786 Executing non-safepoint VM operation: HandshakeAllThreads (HandshakeForDeflation) done
Event: 27431.786 Executing non-safepoint VM operation: RendezvousGCThreads
Event: 27431.786 Executing non-safepoint VM operation: RendezvousGCThreads done

Memory protections (0 events):
No events

Nmethod flushes (20 events):
Event: 383.797 Thread 0x00000153fe7e25e0 flushing  nmethod 0x0000015382ea3390
Event: 383.797 Thread 0x00000153fe7e25e0 flushing  nmethod 0x0000015382ecb010
Event: 383.797 Thread 0x00000153fe7e25e0 flushing  nmethod 0x0000015382ed5c90
Event: 383.797 Thread 0x00000153fe7e25e0 flushing  nmethod 0x0000015382ed6990
Event: 383.797 Thread 0x00000153fe7e25e0 flushing  nmethod 0x0000015382ee8890
Event: 383.797 Thread 0x00000153fe7e25e0 flushing  nmethod 0x0000015382f27a90
Event: 383.798 Thread 0x00000153fe7e25e0 flushing  nmethod 0x0000015382f36a10
Event: 383.798 Thread 0x00000153fe7e25e0 flushing  nmethod 0x0000015382f3a910
Event: 383.798 Thread 0x00000153fe7e25e0 flushing  nmethod 0x0000015382f4d890
Event: 383.798 Thread 0x00000153fe7e25e0 flushing  nmethod 0x0000015382f65d90
Event: 383.798 Thread 0x00000153fe7e25e0 flushing  nmethod 0x0000015382f7c490
Event: 383.798 Thread 0x00000153fe7e25e0 flushing  nmethod 0x0000015382f85590
Event: 383.798 Thread 0x00000153fe7e25e0 flushing  nmethod 0x0000015382f97610
Event: 383.798 Thread 0x00000153fe7e25e0 flushing  nmethod 0x0000015382fd0490
Event: 383.798 Thread 0x00000153fe7e25e0 flushing  nmethod 0x0000015382fd2690
Event: 383.798 Thread 0x00000153fe7e25e0 flushing  nmethod 0x0000015382fdbb10
Event: 383.798 Thread 0x00000153fe7e25e0 flushing  nmethod 0x0000015382ff6190
Event: 383.799 Thread 0x00000153fe7e25e0 flushing  nmethod 0x0000015382ff7c90
Event: 383.799 Thread 0x00000153fe7e25e0 flushing  nmethod 0x000001538308c710
Event: 383.799 Thread 0x00000153fe7e25e0 flushing  nmethod 0x000001538312fe90

Events (20 events):
Event: 2041.555 Thread 0x00000153d9ac1580 Thread added: 0x00000153d9ac2fc0
Event: 2041.556 Thread 0x00000153d9ac0860 Thread added: 0x00000153d9ac3650
Event: 2041.557 Thread 0x00000153d9ac3650 Thread exited: 0x00000153d9ac3650
Event: 2041.557 Thread 0x00000153d9ac2930 Thread exited: 0x00000153d9ac2930
Event: 2041.558 Thread 0x00000153d9ac2fc0 Thread exited: 0x00000153d9ac2fc0
Event: 2041.558 Thread 0x00000153d9abee20 Thread exited: 0x00000153d9abee20
Event: 2041.558 Thread 0x00000153d9ac1c10 Thread exited: 0x00000153d9ac1c10
Event: 2041.558 Thread 0x00000153d9ac0860 Thread exited: 0x00000153d9ac0860
Event: 2041.558 Thread 0x00000153d9ac1580 Thread exited: 0x00000153d9ac1580
Event: 2041.676 Thread 0x00000153dab7a940 Thread added: 0x00000153d9ac0860
Event: 2041.678 Thread 0x00000153d9ac0860 Thread exited: 0x00000153d9ac0860
Event: 2070.811 Thread 0x00000153db02aa20 Thread added: 0x00000153d9ac1580
Event: 2080.018 Thread 0x00000153d9abe100 Thread exited: 0x00000153d9abe100
Event: 16507.327 Thread 0x00000153fe80d9e0 Thread added: 0x00000153d99f1c80
Event: 16510.623 Thread 0x00000153d99f1c80 Thread exited: 0x00000153d99f1c80
Event: 27313.801 Thread 0x00000153d9abd3e0 Thread exited: 0x00000153d9abd3e0
Event: 27367.526 Thread 0x00000153dab7a940 Thread exited: 0x00000153dab7a940
Event: 27374.739 Thread 0x00000153d9abe790 Thread exited: 0x00000153d9abe790
Event: 27409.842 Thread 0x00000153db02ff70 Thread exited: 0x00000153db02ff70
Event: 27434.709 Thread 0x00000153d9abfb40 Thread exited: 0x00000153d9abfb40


Dynamic libraries:
0x00007ff7fb9c0000 - 0x00007ff7fb9ce000 	c:\Users\saida\.vscode\extensions\redhat.java-1.55.0-win32-x64\jre\21.0.11-win32-x86_64\bin\java.exe
0x00007ffb3b7c0000 - 0x00007ffb3ba29000 	C:\WINDOWS\SYSTEM32\ntdll.dll
0x00007ffb39640000 - 0x00007ffb39709000 	C:\WINDOWS\System32\KERNEL32.DLL
0x00007ffb38d60000 - 0x00007ffb39153000 	C:\WINDOWS\System32\KERNELBASE.dll
0x00007ffb39410000 - 0x00007ffb3955b000 	C:\WINDOWS\System32\ucrtbase.dll
0x00007ffb10a60000 - 0x00007ffb10a7e000 	c:\Users\saida\.vscode\extensions\redhat.java-1.55.0-win32-x64\jre\21.0.11-win32-x86_64\bin\VCRUNTIME140.dll
0x00007ffb10a10000 - 0x00007ffb10a28000 	c:\Users\saida\.vscode\extensions\redhat.java-1.55.0-win32-x64\jre\21.0.11-win32-x86_64\bin\jli.dll
0x00007ffb39710000 - 0x00007ffb398d4000 	C:\WINDOWS\System32\USER32.dll
0x00007ffb39560000 - 0x00007ffb39587000 	C:\WINDOWS\System32\win32u.dll
0x00007ffb17380000 - 0x00007ffb17613000 	C:\WINDOWS\WinSxS\amd64_microsoft.windows.common-controls_6595b64144ccf1df_6.0.26100.5074_none_3e0d6f78e32fd63f\COMCTL32.dll
0x00007ffb3b4a0000 - 0x00007ffb3b549000 	C:\WINDOWS\System32\msvcrt.dll
0x00007ffb3a850000 - 0x00007ffb3a87b000 	C:\WINDOWS\System32\GDI32.dll
0x00007ffb38950000 - 0x00007ffb38a7d000 	C:\WINDOWS\System32\gdi32full.dll
0x00007ffb38b40000 - 0x00007ffb38be3000 	C:\WINDOWS\System32\msvcp_win.dll
0x00007ffb398e0000 - 0x00007ffb3990f000 	C:\WINDOWS\System32\IMM32.DLL
0x00007ffb32520000 - 0x00007ffb3252c000 	c:\Users\saida\.vscode\extensions\redhat.java-1.55.0-win32-x64\jre\21.0.11-win32-x86_64\bin\vcruntime140_1.dll
0x00007ffae0150000 - 0x00007ffae01dd000 	c:\Users\saida\.vscode\extensions\redhat.java-1.55.0-win32-x64\jre\21.0.11-win32-x86_64\bin\msvcp140.dll
0x00007ffa584a0000 - 0x00007ffa59242000 	c:\Users\saida\.vscode\extensions\redhat.java-1.55.0-win32-x64\jre\21.0.11-win32-x86_64\bin\server\jvm.dll
0x00007ffb3ac90000 - 0x00007ffb3ad44000 	C:\WINDOWS\System32\ADVAPI32.dll
0x00007ffb39590000 - 0x00007ffb39636000 	C:\WINDOWS\System32\sechost.dll
0x00007ffb39ad0000 - 0x00007ffb39be8000 	C:\WINDOWS\System32\RPCRT4.dll
0x00007ffb3a670000 - 0x00007ffb3a6e4000 	C:\WINDOWS\System32\WS2_32.dll
0x00007ffb387a0000 - 0x00007ffb387fe000 	C:\WINDOWS\SYSTEM32\POWRPROF.dll
0x00007ffb2f1b0000 - 0x00007ffb2f1e5000 	C:\WINDOWS\SYSTEM32\WINMM.dll
0x00007ffb28e60000 - 0x00007ffb28e6b000 	C:\WINDOWS\SYSTEM32\VERSION.dll
0x00007ffb38780000 - 0x00007ffb38794000 	C:\WINDOWS\SYSTEM32\UMPDC.dll
0x00007ffb37730000 - 0x00007ffb3774b000 	C:\WINDOWS\SYSTEM32\kernel.appcore.dll
0x00007ffb18c80000 - 0x00007ffb18c8a000 	c:\Users\saida\.vscode\extensions\redhat.java-1.55.0-win32-x64\jre\21.0.11-win32-x86_64\bin\jimage.dll
0x00007ffb36110000 - 0x00007ffb36352000 	C:\WINDOWS\SYSTEM32\DBGHELP.DLL
0x00007ffb3a910000 - 0x00007ffb3ac8b000 	C:\WINDOWS\System32\combase.dll
0x00007ffb39df0000 - 0x00007ffb39ec7000 	C:\WINDOWS\System32\OLEAUT32.dll
0x00007ffb16130000 - 0x00007ffb1616d000 	C:\WINDOWS\SYSTEM32\dbgcore.DLL
0x00007ffb39160000 - 0x00007ffb391f9000 	C:\WINDOWS\System32\bcryptPrimitives.dll
0x00007ffb186c0000 - 0x00007ffb186cf000 	c:\Users\saida\.vscode\extensions\redhat.java-1.55.0-win32-x64\jre\21.0.11-win32-x86_64\bin\instrument.dll
0x00007ffb109f0000 - 0x00007ffb10a10000 	c:\Users\saida\.vscode\extensions\redhat.java-1.55.0-win32-x64\jre\21.0.11-win32-x86_64\bin\java.dll
0x00007ffb3ad50000 - 0x00007ffb3b49d000 	C:\WINDOWS\System32\SHELL32.dll
0x00007ffb38bf0000 - 0x00007ffb38d5c000 	C:\WINDOWS\System32\wintypes.dll
0x00007ffb36580000 - 0x00007ffb36dd9000 	C:\WINDOWS\SYSTEM32\windows.storage.dll
0x00007ffb3b680000 - 0x00007ffb3b770000 	C:\WINDOWS\System32\SHCORE.dll
0x00007ffb39a60000 - 0x00007ffb39ac2000 	C:\WINDOWS\System32\shlwapi.dll
0x00007ffb38870000 - 0x00007ffb38899000 	C:\WINDOWS\SYSTEM32\profapi.dll
0x00007ffb105a0000 - 0x00007ffb105b8000 	c:\Users\saida\.vscode\extensions\redhat.java-1.55.0-win32-x64\jre\21.0.11-win32-x86_64\bin\zip.dll
0x00007ffb143f0000 - 0x00007ffb14400000 	C:\Users\saida\.vscode\extensions\redhat.java-1.55.0-win32-x64\jre\21.0.11-win32-x86_64\bin\net.dll
0x00007ffb31d40000 - 0x00007ffb31e5f000 	C:\WINDOWS\SYSTEM32\WINHTTP.dll
0x00007ffb37cb0000 - 0x00007ffb37d1b000 	C:\WINDOWS\system32\mswsock.dll
0x00007ffaf7860000 - 0x00007ffaf7876000 	C:\Users\saida\.vscode\extensions\redhat.java-1.55.0-win32-x64\jre\21.0.11-win32-x86_64\bin\nio.dll
0x00007ffb140e0000 - 0x00007ffb140f0000 	c:\Users\saida\.vscode\extensions\redhat.java-1.55.0-win32-x64\jre\21.0.11-win32-x86_64\bin\verify.dll
0x00007ffae4fd0000 - 0x00007ffae5015000 	C:\Users\saida\AppData\Roaming\Code\User\globalStorage\redhat.java\1.55.0\config_win\org.eclipse.equinox.launcher\org.eclipse.equinox.launcher.win32.win32.x86_64_1.3.100.v20260613-0559\eclipse_11924.dll
0x00007ffb3a4d0000 - 0x00007ffb3a668000 	C:\WINDOWS\System32\ole32.dll
0x00007ffb10a50000 - 0x00007ffb10a5a000 	C:\Users\saida\.vscode\extensions\redhat.java-1.55.0-win32-x64\jre\21.0.11-win32-x86_64\bin\management.dll
0x00007ffb109c0000 - 0x00007ffb109cc000 	C:\Users\saida\.vscode\extensions\redhat.java-1.55.0-win32-x64\jre\21.0.11-win32-x86_64\bin\management_ext.dll
0x00007ffb3a4c0000 - 0x00007ffb3a4c8000 	C:\WINDOWS\System32\PSAPI.DLL
0x00007ffb37f50000 - 0x00007ffb37f6b000 	C:\WINDOWS\SYSTEM32\CRYPTSP.dll
0x00007ffb37690000 - 0x00007ffb376cb000 	C:\WINDOWS\system32\rsaenh.dll
0x00007ffb37d50000 - 0x00007ffb37d7b000 	C:\WINDOWS\SYSTEM32\USERENV.dll
0x00007ffb38840000 - 0x00007ffb38866000 	C:\WINDOWS\SYSTEM32\bcrypt.dll
0x00007ffb37f70000 - 0x00007ffb37f7c000 	C:\WINDOWS\SYSTEM32\CRYPTBASE.dll
0x00007ffb37260000 - 0x00007ffb37294000 	C:\WINDOWS\SYSTEM32\IPHLPAPI.DLL
0x00007ffb3a900000 - 0x00007ffb3a90a000 	C:\WINDOWS\System32\NSI.dll
0x00007ffae2010000 - 0x00007ffae2059000 	C:\Users\saida\AppData\Local\Temp\jna-109198744\jna12271616594111308002.dll
0x00007ffb31f00000 - 0x00007ffb31f1e000 	C:\WINDOWS\SYSTEM32\dhcpcsvc6.DLL
0x00007ffb31e70000 - 0x00007ffb31e93000 	C:\WINDOWS\SYSTEM32\dhcpcsvc.DLL
0x00007ffb26e80000 - 0x00007ffb26e8e000 	C:\Users\saida\.vscode\extensions\redhat.java-1.55.0-win32-x64\jre\21.0.11-win32-x86_64\bin\sunmscapi.dll
0x00007ffb39200000 - 0x00007ffb39377000 	C:\WINDOWS\System32\CRYPT32.dll
0x00007ffb38170000 - 0x00007ffb381a0000 	C:\WINDOWS\SYSTEM32\ncrypt.dll
0x00007ffb38120000 - 0x00007ffb3815f000 	C:\WINDOWS\SYSTEM32\NTASN1.dll
0x00007ffb372a0000 - 0x00007ffb373c6000 	C:\WINDOWS\SYSTEM32\DNSAPI.dll
0x00007ffb296a0000 - 0x00007ffb296ab000 	C:\Windows\System32\rasadhlp.dll
0x00007ffb32340000 - 0x00007ffb323c6000 	C:\WINDOWS\System32\fwpuclnt.dll
0x00007ffb0fea0000 - 0x00007ffb0fea9000 	C:\Users\saida\.vscode\extensions\redhat.java-1.55.0-win32-x64\jre\21.0.11-win32-x86_64\bin\extnet.dll
0x00007ffb37850000 - 0x00007ffb37886000 	C:\WINDOWS\SYSTEM32\ntmarta.dll

JVMTI agents:
c:\Users\saida\.vscode\extensions\redhat.java-1.55.0-win32-x64\lombok\lombok-1.18.39-4050.jar path:c:\Users\saida\.vscode\extensions\redhat.java-1.55.0-win32-x64\jre\21.0.11-win32-x86_64\bin\instrument.dll, loaded, initialized, instrumentlib options:none

dbghelp: loaded successfully - version: 4.0.5 - missing functions: none
symbol engine: initialized successfully - sym options: 0x614 - pdb path: .;c:\Users\saida\.vscode\extensions\redhat.java-1.55.0-win32-x64\jre\21.0.11-win32-x86_64\bin;C:\WINDOWS\SYSTEM32;C:\WINDOWS\WinSxS\amd64_microsoft.windows.common-controls_6595b64144ccf1df_6.0.26100.5074_none_3e0d6f78e32fd63f;c:\Users\saida\.vscode\extensions\redhat.java-1.55.0-win32-x64\jre\21.0.11-win32-x86_64\bin\server;C:\Users\saida\AppData\Roaming\Code\User\globalStorage\redhat.java\1.55.0\config_win\org.eclipse.equinox.launcher\org.eclipse.equinox.launcher.win32.win32.x86_64_1.3.100.v20260613-0559;C:\Users\saida\AppData\Local\Temp\jna-109198744

VM Arguments:
jvm_args: --add-modules=ALL-SYSTEM --add-opens=java.base/java.util=ALL-UNNAMED --add-opens=java.base/java.lang=ALL-UNNAMED --add-opens=java.base/sun.nio.fs=ALL-UNNAMED -Declipse.application=org.eclipse.jdt.ls.core.id1 -Dosgi.bundles.defaultStartLevel=4 -Declipse.product=org.eclipse.jdt.ls.core.product -Djava.import.generatesMetadataFilesAtProjectRoot=false -DDetectVMInstallationsJob.disabled=true -Dfile.encoding=utf8 -XX:+UseParallelGC -XX:GCTimeRatio=4 -XX:AdaptiveSizePolicyWeight=90 -Dsun.zip.disableMemoryMapping=true -Xmx2G -Xms100m -Xlog:disable -javaagent:c:\Users\saida\.vscode\extensions\redhat.java-1.55.0-win32-x64\lombok\lombok-1.18.39-4050.jar -XX:+HeapDumpOnOutOfMemoryError -XX:HeapDumpPath=c:\Users\saida\AppData\Roaming\Code\User\workspaceStorage\19bd9372ae1d924cd7bbf513b81384f7\redhat.java -Daether.dependencyCollector.impl=bf 
java_command: c:\Users\saida\.vscode\extensions\redhat.java-1.55.0-win32-x64\server\plugins\org.eclipse.equinox.launcher_1.7.200.v20260619-2039.jar -configuration c:\Users\saida\AppData\Roaming\Code\User\globalStorage\redhat.java\1.55.0\config_win -data c:\Users\saida\AppData\Roaming\Code\User\workspaceStorage\19bd9372ae1d924cd7bbf513b81384f7\redhat.java\jdt_ws --pipe=\\.\pipe\lsp-967604c750fa5b29319f32825cdeb588-sock
java_class_path (initial): c:\Users\saida\.vscode\extensions\redhat.java-1.55.0-win32-x64\server\plugins\org.eclipse.equinox.launcher_1.7.200.v20260619-2039.jar
Launcher Type: SUN_STANDARD

[Global flags]
    uintx AdaptiveSizePolicyWeight                 = 90                                        {product} {command line}
     intx CICompilerCount                          = 4                                         {product} {ergonomic}
    uintx GCTimeRatio                              = 4                                         {product} {command line}
     bool HeapDumpOnOutOfMemoryError               = true                                   {manageable} {command line}
    ccstr HeapDumpPath                             = c:\Users\saida\AppData\Roaming\Code\User\workspaceStorage\19bd9372ae1d924cd7bbf513b81384f7\redhat.java         {manageable} {command line}
   size_t InitialHeapSize                          = 104857600                                 {product} {command line}
   size_t MaxHeapSize                              = 2147483648                                {product} {command line}
   size_t MaxNewSize                               = 715653120                                 {product} {ergonomic}
   size_t MinHeapDeltaBytes                        = 524288                                    {product} {ergonomic}
   size_t MinHeapSize                              = 104857600                                 {product} {command line}
   size_t NewSize                                  = 34603008                                  {product} {ergonomic}
    uintx NonNMethodCodeHeapSize                   = 5839372                                {pd product} {ergonomic}
    uintx NonProfiledCodeHeapSize                  = 122909434                              {pd product} {ergonomic}
   size_t OldSize                                  = 70254592                                  {product} {ergonomic}
    uintx ProfiledCodeHeapSize                     = 122909434                              {pd product} {ergonomic}
    uintx ReservedCodeCacheSize                    = 251658240                              {pd product} {ergonomic}
     bool SegmentedCodeCache                       = true                                      {product} {ergonomic}
   size_t SoftMaxHeapSize                          = 2147483648                             {manageable} {ergonomic}
     bool UseCompressedOops                        = true                           {product lp64_product} {ergonomic}
     bool UseLargePagesIndividualAllocation        = false                                  {pd product} {ergonomic}
     bool UseParallelGC                            = true                                      {product} {command line}

Logging:
Log output configuration:
 #0: stdout all=off uptime,level,tags foldmultilines=false
 #1: stderr all=off uptime,level,tags foldmultilines=false

Release file:
JAVA_VERSION="21.0.11" 
MODULES="java.base java.compiler java.datatransfer java.xml java.prefs java.desktop java.instrument java.logging java.management java.security.sasl java.naming java.rmi java.management.rmi java.net.http java.scripting java.security.jgss java.transaction.xa java.sql java.sql.rowset java.xml.crypto java.se java.smartcardio jdk.accessibility jdk.internal.jvmstat jdk.attach jdk.charsets jdk.internal.opt jdk.zipfs jdk.compiler jdk.crypto.ec jdk.crypto.cryptoki jdk.crypto.mscapi jdk.dynalink jdk.internal.ed jdk.editpad jdk.hotspot.agent jdk.httpserver jdk.internal.le jdk.internal.vm.ci jdk.internal.vm.compiler jdk.internal.vm.compiler.management jdk.jartool jdk.javadoc jdk.jcmd jdk.management jdk.management.agent jdk.jconsole jdk.jdeps jdk.jdwp.agent jdk.jdi jdk.jfr jdk.jshell jdk.jsobject jdk.jstatd jdk.localedata jdk.management.jfr jdk.naming.dns jdk.naming.rmi jdk.net jdk.nio.mapmode jdk.random jdk.sctp jdk.security.auth jdk.security.jgss jdk.unsupported jdk.unsupported.desktop jdk.xml.dom" 

Environment Variables:
JAVA_HOME=C:\Program Files\Eclipse Adoptium\jdk-21.0.11.10-hotspot\
PATH=C:\Program Files\Eclipse Adoptium\jdk-21.0.11.10-hotspot\bin;C:\Users\saida\AppData\Local\Programs\Python\Python37\Scripts\;C:\Users\saida\AppData\Local\Programs\Python\Python37\;C:\protoc\bin;C:\WINDOWS\system32;C:\WINDOWS;C:\WINDOWS\System32\Wbem;C:\WINDOWS\System32\WindowsPowerShell\v1.0\;C:\WINDOWS\System32\OpenSSH\;C:\RealTimeObjectDetection\Tensorflow\bin\protoc.exe;C:\Program Files\HP\HP One Agent;C:\Program Files\Docker\Docker\resources\bin;C:\Program Files\nodejs\;C:\Users\saida\Downloads\apache-maven-3.9.10-bin\apache-maven-3.9.10\bin;C:\Users\saida\Downloads\ffmpeg-8.0.1-full_build\bin;C:\Users\saida\.local\bin;C:\Users\saida\.local\bin;C:\Users\saida\AppData\Local\Programs\Python\Python310\Scripts\;C:\Users\saida\AppData\Local\Programs\Python\Python310\;C:\Users\saida\AppData\Local\Programs\Python\Python38\Scripts\;C:\Users\saida\AppData\Local\Programs\Python\Python38\;D:\oracle\product\10.2.0\db_1\bin;C:\Program Files\Common Files\Oracle\Java\javapath;C:\WINDOWS\system32;C:\WINDOWS;C:\WINDOWS\System32\Wbem;C:\WINDOWS\System32\WindowsPowerShell\v1.0\;C:\WINDOWS\System32\OpenSSH\;C:\Program Files\nodejs\node_modules;C:\Program Files\Java\jdk-18.0.2.1;C:\Program Files\nodejs\;C:\Program Files\HP\HP One Agent;C:\php-8.3.9;C:\Users\saida\AppData\Local\Programs\Python\Python312\python.exe;C:\Users\saida\AppData\Local\Programs\Python\Python312\Scripts;C:\Users\saida\AppData\Local\Programs\Python\Python312;C:\Program Files\Git\cmd;C:\Users\saida\RealTimeObjectDetection\Tensorflow\labelImg;C:\Windows\System32;C:\Users\saida\AppData\Local\Microsoft\WindowsApps;C:\Users\saida\AppData\Local\Programs\Python\Python312\Scripts\pip.exe;C:\Users\saida\AppData\Local\GitHubDesktop\bin;C:\Python37\;C:\Python37\Scripts\;C:\protoc\bin;C:\Users\saida\AppData\Local\Microsoft\WindowsApps;C:\RealTimeObjectDetection\Tensorflow\bin\protoc.exe;C:\Users\saida\AppData\Roaming\npm;C:\Users\saida\Downloads\apache-maven-3.9.10-bin\apache-maven-3.9.10\bin;C:\Users\saida\AppData\Local\Programs\Microsoft VS Code\bin;C:\Users\saida\Downloads\ffmpeg-8.0.1-full_build\bin;C:\Users\saida\AppData\Local\Microsoft\WinGet\Packages\Ngrok.Ngrok_Microsoft.Winget.Source_8wekyb3d8bbwe;C:\Users\saida\AppData\Local\Programs\Antigravity\bin;C:\Users\saida\AppData\Local\Programs\Antigravity IDE\bin
USERNAME=saida
OS=Windows_NT
PROCESSOR_IDENTIFIER=Intel64 Family 6 Model 140 Stepping 1, GenuineIntel
TMP=C:\Users\saida\AppData\Local\Temp
TEMP=C:\Users\saida\AppData\Local\Temp




Periodic native trim disabled

---------------  S Y S T E M  ---------------

OS:
 Windows 11 , 64 bit Build 26100 (10.0.26100.5074)
OS uptime: 0 days 13:17 hours
Hyper-V role detected

CPU: total 8 (initial active 8) (4 cores per cpu, 2 threads per core) family 6 model 140 stepping 1 microcode 0x9a, cx8, cmov, fxsr, ht, mmx, 3dnowpref, sse, sse2, sse3, ssse3, sse4.1, sse4.2, popcnt, lzcnt, tsc, tscinvbit, avx, avx2, aes, erms, clmul, bmi1, bmi2, adx, avx512f, avx512dq, avx512cd, avx512bw, avx512vl, sha, fma, vzeroupper, avx512_vpopcntdq, avx512_vpclmulqdq, avx512_vaes, avx512_vnni, clflush, clflushopt, clwb, avx512_vbmi2, avx512_vbmi, hv, rdtscp, rdpid, fsrm, gfni, avx512_bitalg, f16c, cet_ibt, cet_ss, avx512_ifma
Processor Information for processor 0
  Max Mhz: 1997, Current Mhz: 1997, Mhz Limit: 1997
Processor Information for processor 1
  Max Mhz: 1997, Current Mhz: 998, Mhz Limit: 1997
Processor Information for processor 2
  Max Mhz: 1997, Current Mhz: 998, Mhz Limit: 1997
Processor Information for processor 3
  Max Mhz: 1997, Current Mhz: 998, Mhz Limit: 1997
Processor Information for processor 4
  Max Mhz: 1997, Current Mhz: 998, Mhz Limit: 1997
Processor Information for processor 5
  Max Mhz: 1997, Current Mhz: 1997, Mhz Limit: 1997
Processor Information for processor 6
  Max Mhz: 1997, Current Mhz: 1997, Mhz Limit: 1997
Processor Information for processor 7
  Max Mhz: 1997, Current Mhz: 1997, Mhz Limit: 1997

Memory: 4k page, system-wide physical 7959M (455M free)
TotalPageFile size 23820M (AvailPageFile size 109M)
current process WorkingSet (physical memory assigned to process): 11M, peak: 989M
current process commit charge ("private bytes"): 1246M, peak: 1756M

vm_info: OpenJDK 64-Bit Server VM (21.0.11+10-LTS) for windows-amd64 JRE (21.0.11+10-LTS), built on 2026-04-21T00:00:00Z by "admin" with MS VC++ 17.12 (VS2022)

END.
