#
# There is insufficient memory for the Java Runtime Environment to continue.
# Native memory allocation (malloc) failed to allocate 1046864 bytes. Error detail: Chunk::new
# Possible reasons:
#   The system is out of physical RAM or swap space
#   This process is running with CompressedOops enabled, and the Java Heap may be blocking the growth of the native heap
# Possible solutions:
#   Reduce memory load on the system
#   Increase physical memory or swap space
#   Check if swap backing store is full
#   Decrease Java heap size (-Xmx/-Xms)
#   Decrease number of Java threads
#   Decrease Java thread stack sizes (-Xss)
#   Set larger code cache with -XX:ReservedCodeCacheSize=
#   JVM is running with Unscaled Compressed Oops mode in which the Java heap is
#     placed in the first 4GB address space. The Java Heap base address is the
#     maximum limit for the native heap growth. Please use -XX:HeapBaseMinAddress
#     to set the Java Heap base and to place the Java Heap above 4GB virtual address.
# This output file may be truncated or incomplete.
#
#  Out of Memory Error (arena.cpp:168), pid=11172, tid=4152
#
# JRE version: OpenJDK Runtime Environment Temurin-21.0.11+10 (21.0.11+10) (build 21.0.11+10-LTS)
# Java VM: OpenJDK 64-Bit Server VM Temurin-21.0.11+10 (21.0.11+10-LTS, mixed mode, sharing, tiered, compressed oops, compressed class ptrs, parallel gc, windows-amd64)
# No core dump will be written. Minidumps are not enabled by default on client versions of Windows
#

---------------  S U M M A R Y ------------

Command Line: --add-modules=ALL-SYSTEM --add-opens=java.base/java.util=ALL-UNNAMED --add-opens=java.base/java.lang=ALL-UNNAMED --add-opens=java.base/sun.nio.fs=ALL-UNNAMED -Declipse.application=org.eclipse.jdt.ls.core.id1 -Dosgi.bundles.defaultStartLevel=4 -Declipse.product=org.eclipse.jdt.ls.core.product -Djava.import.generatesMetadataFilesAtProjectRoot=false -DDetectVMInstallationsJob.disabled=true -Dfile.encoding=utf8 -XX:+UseParallelGC -XX:GCTimeRatio=4 -XX:AdaptiveSizePolicyWeight=90 -Dsun.zip.disableMemoryMapping=true -Xmx2G -Xms100m -Xlog:disable -javaagent:c:\Users\saida\.vscode\extensions\redhat.java-1.55.0-win32-x64\lombok\lombok-1.18.39-4050.jar -XX:+HeapDumpOnOutOfMemoryError -XX:HeapDumpPath=c:\Users\saida\AppData\Roaming\Code\User\workspaceStorage\19bd9372ae1d924cd7bbf513b81384f7\redhat.java -Daether.dependencyCollector.impl=bf c:\Users\saida\.vscode\extensions\redhat.java-1.55.0-win32-x64\server\plugins\org.eclipse.equinox.launcher_1.7.200.v20260619-2039.jar -configuration c:\Users\saida\AppData\Roaming\Code\User\globalStorage\redhat.java\1.55.0\config_win -data c:\Users\saida\AppData\Roaming\Code\User\workspaceStorage\19bd9372ae1d924cd7bbf513b81384f7\redhat.java\jdt_ws --pipe=\\.\pipe\lsp-d9ff236b92d45fc9c11fbfc82bcde82c-sock

Host: 11th Gen Intel(R) Core(TM) i3-1125G4 @ 2.00GHz, 8 cores, 7G,  Windows 11 , 64 bit Build 26100 (10.0.26100.5074)
Time: Fri Jul 24 09:20:18 2026 India Standard Time elapsed time: 69.402720 seconds (0d 0h 1m 9s)

---------------  T H R E A D  ---------------

Current thread (0x000001f259d66690):  JavaThread "C2 CompilerThread1" daemon [_thread_in_native, id=4152, stack(0x000000eb9aa00000,0x000000eb9ab00000) (1024K)]


Current CompileTask:
C2:69405 17308       4       org.apache.maven.model.interpolation.StringVisitorModelInterpolator$ModelVisitor::visit (540 bytes)

Stack: [0x000000eb9aa00000,0x000000eb9ab00000]
Native frames: (J=compiled Java code, j=interpreted, Vv=VM code, C=native code)
V  [jvm.dll+0x6d7e19]
V  [jvm.dll+0x8b5096]
V  [jvm.dll+0x8b764e]
V  [jvm.dll+0x8b7d33]
V  [jvm.dll+0x284596]
V  [jvm.dll+0xc685d]
V  [jvm.dll+0xc6da1]
V  [jvm.dll+0x3bed6b]
V  [jvm.dll+0x1e3f42]
V  [jvm.dll+0x24c853]
V  [jvm.dll+0x24bce0]
V  [jvm.dll+0x1cb4ae]
V  [jvm.dll+0x25baad]
V  [jvm.dll+0x25a03a]
V  [jvm.dll+0x3f868e]
V  [jvm.dll+0x85fb0d]
V  [jvm.dll+0x6d664d]
C  [ucrtbase.dll+0x37b0]
C  [KERNEL32.DLL+0x2e8d7]
C  [ntdll.dll+0x8d9c]


---------------  P R O C E S S  ---------------

Threads class SMR info:
_java_thread_list=0x000001f25aeb7d00, length=65, elements={
0x000001f279600230, 0x000001f2796ba9b0, 0x000001f2796bccf0, 0x000001f27d0753e0,
0x000001f27d0760c0, 0x000001f27d07af80, 0x000001f27d07f000, 0x000001f27d07f9d0,
0x000001f27d094040, 0x000001f27eb1eba0, 0x000001f27ec8e0c0, 0x000001f27f1d59c0,
0x000001f258100480, 0x000001f2580efe10, 0x000001f2580ec190, 0x000001f2582bf7c0,
0x000001f25874c0b0, 0x000001f2583c7620, 0x000001f27f53b3b0, 0x000001f27f537f30,
0x000001f27f5392e0, 0x000001f27f5385c0, 0x000001f27f53a000, 0x000001f27f53a690,
0x000001f259f45e00, 0x000001f259f48560, 0x000001f259f46b20, 0x000001f259f471b0,
0x000001f259f47ed0, 0x000001f259f49280, 0x000001f259f48bf0, 0x000001f259f49910,
0x000001f259f46490, 0x000001f259f4a630, 0x000001f259f49fa0, 0x000001f259f4cd90,
0x000001f259f4d420, 0x000001f259f4b350, 0x000001f259f4acc0, 0x000001f259f4b9e0,
0x000001f258bd1b90, 0x000001f258bd0e70, 0x000001f258bceda0, 0x000001f258bce710,
0x000001f258bd28b0, 0x000001f258bcf430, 0x000001f258bd07e0, 0x000001f258bd1500,
0x000001f258bd0150, 0x000001f258bd2220, 0x000001f258bcfac0, 0x000001f258bd4980,
0x000001f258bd35d0, 0x000001f258bd3c60, 0x000001f258bd42f0, 0x000001f258bd5010,
0x000001f258bd5d30, 0x000001f25cc8b930, 0x000001f25cc8e090, 0x000001f259d66690,
0x000001f25cc8fad0, 0x000001f25cc8edb0, 0x000001f25cc8c650, 0x000001f25cc90160,
0x000001f25cc8da00
}

Java Threads: ( => current thread )
  0x000001f279600230 JavaThread "main"                              [_thread_blocked, id=17184, stack(0x000000eb9ac00000,0x000000eb9ad00000) (1024K)]
  0x000001f2796ba9b0 JavaThread "Reference Handler"          daemon [_thread_blocked, id=37528, stack(0x000000eb9b000000,0x000000eb9b100000) (1024K)]
  0x000001f2796bccf0 JavaThread "Finalizer"                  daemon [_thread_blocked, id=21844, stack(0x000000eb9b100000,0x000000eb9b200000) (1024K)]
  0x000001f27d0753e0 JavaThread "Signal Dispatcher"          daemon [_thread_blocked, id=22564, stack(0x000000eb9b200000,0x000000eb9b300000) (1024K)]
  0x000001f27d0760c0 JavaThread "Attach Listener"            daemon [_thread_blocked, id=11160, stack(0x000000eb9b300000,0x000000eb9b400000) (1024K)]
  0x000001f27d07af80 JavaThread "Service Thread"             daemon [_thread_blocked, id=20560, stack(0x000000eb9b400000,0x000000eb9b500000) (1024K)]
  0x000001f27d07f000 JavaThread "Monitor Deflation Thread"   daemon [_thread_blocked, id=37196, stack(0x000000eb9b500000,0x000000eb9b600000) (1024K)]
  0x000001f27d07f9d0 JavaThread "C2 CompilerThread0"         daemon [_thread_in_native, id=37512, stack(0x000000eb9b600000,0x000000eb9b700000) (1024K)]
  0x000001f27d094040 JavaThread "C1 CompilerThread0"         daemon [_thread_blocked, id=30204, stack(0x000000eb9b700000,0x000000eb9b800000) (1024K)]
  0x000001f27eb1eba0 JavaThread "Common-Cleaner"             daemon [_thread_blocked, id=18772, stack(0x000000eb9b800000,0x000000eb9b900000) (1024K)]
  0x000001f27ec8e0c0 JavaThread "Notification Thread"        daemon [_thread_blocked, id=12032, stack(0x000000eb9ba00000,0x000000eb9bb00000) (1024K)]
  0x000001f27f1d59c0 JavaThread "Active Thread: Equinox Container: 5a14373b-28b3-4b01-92cb-9e7a8f50121f"        [_thread_blocked, id=27568, stack(0x000000eb9c100000,0x000000eb9c200000) (1024K)]
  0x000001f258100480 JavaThread "Refresh Thread: Equinox Container: 5a14373b-28b3-4b01-92cb-9e7a8f50121f" daemon [_thread_blocked, id=12984, stack(0x000000eb9c300000,0x000000eb9c400000) (1024K)]
  0x000001f2580efe10 JavaThread "Framework Event Dispatcher: Equinox Container: 5a14373b-28b3-4b01-92cb-9e7a8f50121f" daemon [_thread_blocked, id=37164, stack(0x000000eb9c400000,0x000000eb9c500000) (1024K)]
  0x000001f2580ec190 JavaThread "Start Level: Equinox Container: 5a14373b-28b3-4b01-92cb-9e7a8f50121f" daemon [_thread_blocked, id=37812, stack(0x000000eb9c500000,0x000000eb9c600000) (1024K)]
  0x000001f2582bf7c0 JavaThread "Bundle File Closer"         daemon [_thread_blocked, id=37076, stack(0x000000eb9c600000,0x000000eb9c700000) (1024K)]
  0x000001f25874c0b0 JavaThread "SCR Component Actor"        daemon [_thread_blocked, id=9956, stack(0x000000eb9b900000,0x000000eb9ba00000) (1024K)]
  0x000001f2583c7620 JavaThread "Worker-JM"                         [_thread_blocked, id=20968, stack(0x000000eb9c900000,0x000000eb9ca00000) (1024K)]
  0x000001f27f53b3b0 JavaThread "JNA Cleaner"                daemon [_thread_blocked, id=27468, stack(0x000000eb9c700000,0x000000eb9c800000) (1024K)]
  0x000001f27f537f30 JavaThread "Worker-0"                          [_thread_blocked, id=12644, stack(0x000000eb9c800000,0x000000eb9c900000) (1024K)]
  0x000001f27f5392e0 JavaThread "Worker-1"                          [_thread_blocked, id=12200, stack(0x000000eb9ca00000,0x000000eb9cb00000) (1024K)]
  0x000001f27f5385c0 JavaThread "Worker-2: Java indexing... "        [_thread_blocked, id=34908, stack(0x000000eb9cb00000,0x000000eb9cc00000) (1024K)]
  0x000001f27f53a000 JavaThread "Worker-3"                          [_thread_blocked, id=6888, stack(0x000000eb9cd00000,0x000000eb9ce00000) (1024K)]
  0x000001f27f53a690 JavaThread "Java indexing"              daemon [_thread_in_Java, id=36428, stack(0x000000eb9ce00000,0x000000eb9cf00000) (1024K)]
  0x000001f259f45e00 JavaThread "Worker-4: Building"                [_thread_blocked, id=11344, stack(0x000000eb9cc00000,0x000000eb9cd00000) (1024K)]
  0x000001f259f48560 JavaThread "Worker-5"                          [_thread_blocked, id=21252, stack(0x000000eb9d100000,0x000000eb9d200000) (1024K)]
  0x000001f259f46b20 JavaThread "Thread-1"                   daemon [_thread_in_native, id=37768, stack(0x000000eb9d200000,0x000000eb9d300000) (1024K)]
  0x000001f259f471b0 JavaThread "Thread-2"                   daemon [_thread_in_native, id=14800, stack(0x000000eb9d300000,0x000000eb9d400000) (1024K)]
  0x000001f259f47ed0 JavaThread "Thread-3"                   daemon [_thread_in_native, id=31656, stack(0x000000eb9d400000,0x000000eb9d500000) (1024K)]
  0x000001f259f49280 JavaThread "Thread-4"                   daemon [_thread_in_native, id=13160, stack(0x000000eb9d500000,0x000000eb9d600000) (1024K)]
  0x000001f259f48bf0 JavaThread "Thread-5"                   daemon [_thread_in_native, id=16728, stack(0x000000eb9d600000,0x000000eb9d700000) (1024K)]
  0x000001f259f49910 JavaThread "Thread-6"                   daemon [_thread_in_native, id=9164, stack(0x000000eb9d700000,0x000000eb9d800000) (1024K)]
  0x000001f259f46490 JavaThread "Thread-7"                   daemon [_thread_in_native, id=30308, stack(0x000000eb9d800000,0x000000eb9d900000) (1024K)]
  0x000001f259f4a630 JavaThread "Thread-8"                   daemon [_thread_in_native, id=15968, stack(0x000000eb9d900000,0x000000eb9da00000) (1024K)]
  0x000001f259f49fa0 JavaThread "Thread-9"                   daemon [_thread_in_native, id=10520, stack(0x000000eb9da00000,0x000000eb9db00000) (1024K)]
  0x000001f259f4cd90 JavaThread "pool-2-thread-1"                   [_thread_blocked, id=7840, stack(0x000000eb9dc00000,0x000000eb9dd00000) (1024K)]
  0x000001f259f4d420 JavaThread "WorkspaceEventsHandler"            [_thread_blocked, id=16080, stack(0x000000eb9de00000,0x000000eb9df00000) (1024K)]
  0x000001f259f4b350 JavaThread "pool-1-thread-1"                   [_thread_blocked, id=8064, stack(0x000000eb9df00000,0x000000eb9e000000) (1024K)]
  0x000001f259f4acc0 JavaThread "LocalFile Deleter"          daemon [_thread_blocked, id=37500, stack(0x000000eb9e000000,0x000000eb9e100000) (1024K)]
  0x000001f259f4b9e0 JavaThread "LocalFile Deleter"          daemon [_thread_blocked, id=36200, stack(0x000000eb9e100000,0x000000eb9e200000) (1024K)]
  0x000001f258bd1b90 JavaThread "LocalFile Deleter"          daemon [_thread_blocked, id=37268, stack(0x000000eb9e200000,0x000000eb9e300000) (1024K)]
  0x000001f258bd0e70 JavaThread "LocalFile Deleter"          daemon [_thread_blocked, id=10316, stack(0x000000eb9e300000,0x000000eb9e400000) (1024K)]
  0x000001f258bceda0 JavaThread "LocalFile Deleter"          daemon [_thread_blocked, id=25908, stack(0x000000eb9e400000,0x000000eb9e500000) (1024K)]
  0x000001f258bce710 JavaThread "LocalFile Deleter"          daemon [_thread_blocked, id=32372, stack(0x000000eb9e500000,0x000000eb9e600000) (1024K)]
  0x000001f258bd28b0 JavaThread "LocalFile Deleter"          daemon [_thread_blocked, id=5164, stack(0x000000eb9e600000,0x000000eb9e700000) (1024K)]
  0x000001f258bcf430 JavaThread "LocalFile Deleter"          daemon [_thread_blocked, id=37188, stack(0x000000eb9e700000,0x000000eb9e800000) (1024K)]
  0x000001f258bd07e0 JavaThread "Compiler Source File Reader" daemon [_thread_blocked, id=28748, stack(0x000000eb9e800000,0x000000eb9e900000) (1024K)]
  0x000001f258bd1500 JavaThread "Compiler Source File Reader" daemon [_thread_blocked, id=18720, stack(0x000000eb9e900000,0x000000eb9ea00000) (1024K)]
  0x000001f258bd0150 JavaThread "Compiler Source File Reader" daemon [_thread_blocked, id=24312, stack(0x000000eb9ea00000,0x000000eb9eb00000) (1024K)]
  0x000001f258bd2220 JavaThread "Compiler Source File Reader" daemon [_thread_blocked, id=37444, stack(0x000000eb9eb00000,0x000000eb9ec00000) (1024K)]
  0x000001f258bcfac0 JavaThread "Compiler Source File Reader" daemon [_thread_blocked, id=29752, stack(0x000000eb9ec00000,0x000000eb9ed00000) (1024K)]
  0x000001f258bd4980 JavaThread "Compiler Source File Reader" daemon [_thread_blocked, id=34636, stack(0x000000eb9ed00000,0x000000eb9ee00000) (1024K)]
  0x000001f258bd35d0 JavaThread "Compiler Processing Task"   daemon [_thread_blocked, id=30444, stack(0x000000eb9dd00000,0x000000eb9de00000) (1024K)]
  0x000001f258bd3c60 JavaThread "Compiler Class File Writer" daemon [_thread_blocked, id=21868, stack(0x000000eb9ee00000,0x000000eb9ef00000) (1024K)]
  0x000001f258bd42f0 JavaThread "Compiler Class File Writer" daemon [_thread_blocked, id=17032, stack(0x000000eb9ef00000,0x000000eb9f000000) (1024K)]
  0x000001f258bd5010 JavaThread "Compiler Class File Writer" daemon [_thread_blocked, id=2692, stack(0x000000eb9f000000,0x000000eb9f100000) (1024K)]
  0x000001f258bd5d30 JavaThread "Compiler Class File Writer" daemon [_thread_blocked, id=11076, stack(0x000000eb9f100000,0x000000eb9f200000) (1024K)]
  0x000001f25cc8b930 JavaThread "Compiler Class File Writer" daemon [_thread_blocked, id=35464, stack(0x000000eb9f200000,0x000000eb9f300000) (1024K)]
  0x000001f25cc8e090 JavaThread "Compiler Class File Writer" daemon [_thread_blocked, id=21596, stack(0x000000eb9f300000,0x000000eb9f400000) (1024K)]
=>0x000001f259d66690 JavaThread "C2 CompilerThread1"         daemon [_thread_in_native, id=4152, stack(0x000000eb9aa00000,0x000000eb9ab00000) (1024K)]
  0x000001f25cc8fad0 JavaThread "ParallelDescriptorResolver-7-0" daemon [_thread_blocked, id=37184, stack(0x000000eb9ab00000,0x000000eb9ac00000) (1024K)]
  0x000001f25cc8edb0 JavaThread "ParallelDescriptorResolver-7-1" daemon [_thread_blocked, id=28184, stack(0x000000eb9db00000,0x000000eb9dc00000) (1024K)]
  0x000001f25cc8c650 JavaThread "ParallelDescriptorResolver-7-2" daemon [_thread_blocked, id=11976, stack(0x000000eb9f400000,0x000000eb9f500000) (1024K)]
  0x000001f25cc90160 JavaThread "ParallelDescriptorResolver-7-3" daemon [_thread_blocked, id=23168, stack(0x000000eb9f500000,0x000000eb9f600000) (1024K)]
  0x000001f25cc8da00 JavaThread "ParallelDescriptorResolver-7-4" daemon [_thread_blocked, id=7336, stack(0x000000eb9f600000,0x000000eb9f700000) (1024K)]
Total: 65

Other Threads:
  0x000001f27969f7c0 VMThread "VM Thread"                           [id=27224, stack(0x000000eb9af00000,0x000000eb9b000000) (1024K)]
  0x000001f27966eae0 WatcherThread "VM Periodic Task Thread"        [id=20536, stack(0x000000eb9ae00000,0x000000eb9af00000) (1024K)]
  0x000001f27961ed60 WorkerThread "GC Thread#0"                     [id=30924, stack(0x000000eb9ad00000,0x000000eb9ae00000) (1024K)]
  0x000001f27eed3ad0 WorkerThread "GC Thread#1"                     [id=29476, stack(0x000000eb9bb00000,0x000000eb9bc00000) (1024K)]
  0x000001f27ee50410 WorkerThread "GC Thread#2"                     [id=36896, stack(0x000000eb9bc00000,0x000000eb9bd00000) (1024K)]
  0x000001f27ee507c0 WorkerThread "GC Thread#3"                     [id=36548, stack(0x000000eb9bd00000,0x000000eb9be00000) (1024K)]
  0x000001f27ee50b70 WorkerThread "GC Thread#4"                     [id=36272, stack(0x000000eb9be00000,0x000000eb9bf00000) (1024K)]
  0x000001f27ee50f20 WorkerThread "GC Thread#5"                     [id=36472, stack(0x000000eb9bf00000,0x000000eb9c000000) (1024K)]
  0x000001f27ee512d0 WorkerThread "GC Thread#6"                     [id=13436, stack(0x000000eb9c000000,0x000000eb9c100000) (1024K)]
  0x000001f25814d6a0 WorkerThread "GC Thread#7"                     [id=37256, stack(0x000000eb9c200000,0x000000eb9c300000) (1024K)]
Total: 10

Threads with active compile tasks:
C2 CompilerThread0  69492 17341   !   4       org.apache.maven.model.building.DefaultModelBuilder::importDependencyManagement (1104 bytes)
C2 CompilerThread1  69492 17308       4       org.apache.maven.model.interpolation.StringVisitorModelInterpolator$ModelVisitor::visit (540 bytes)
Total: 2

VM state: not at safepoint (normal execution)

VM Mutex/Monitor currently owned by a thread: None

Heap address: 0x0000000080000000, size: 2048 MB, Compressed Oops mode: 32-bit

CDS archive(s) mapped at: [0x000001f213000000-0x000001f213ba0000-0x000001f213ba0000), size 12189696, SharedBaseAddress: 0x000001f213000000, ArchiveRelocationMode: 1.
Compressed class space mapped at: 0x000001f214000000-0x000001f254000000, reserved size: 1073741824
Narrow klass base: 0x000001f213000000, Narrow klass shift: 0, Narrow klass range: 0x100000000

GC Precious Log:
 CardTable entry size: 512
 CPUs: 8 total, 8 available
 Memory: 7959M
 Large Page Support: Disabled
 NUMA Support: Disabled
 Compressed Oops: Enabled (32-bit)
 Alignments: Space 512K, Generation 512K, Heap 2M
 Heap Min Capacity: 100M
 Heap Initial Capacity: 100M
 Heap Max Capacity: 2G
 Pre-touch: Disabled
 Parallel Workers: 8

Heap:
 PSYoungGen      total 5120K, used 1019K [0x00000000d5580000, 0x00000000d5b80000, 0x0000000100000000)
  eden space 4096K, 9% used [0x00000000d5580000,0x00000000d55decd8,0x00000000d5980000)
  from space 1024K, 62% used [0x00000000d5980000,0x00000000d5a20000,0x00000000d5a80000)
  to   space 1024K, 0% used [0x00000000d5a80000,0x00000000d5a80000,0x00000000d5b80000)
 ParOldGen       total 700416K, used 699942K [0x0000000080000000, 0x00000000aac00000, 0x00000000d5580000)
  object space 700416K, 99% used [0x0000000080000000,0x00000000aab89a00,0x00000000aac00000)
 Metaspace       used 66137K, committed 67648K, reserved 1114112K
  class space    used 6682K, committed 7360K, reserved 1048576K

Card table byte_map: [0x000001f278fa0000,0x000001f2793b0000] _byte_map_base: 0x000001f278ba0000

Marking Bits: (ParMarkBitMap*) 0x00007ffa59164460
 Begin Bits: [0x000001f20f000000, 0x000001f211000000)
 End Bits:   [0x000001f211000000, 0x000001f213000000)

Polling page: 0x000001f2774b0000

Metaspace:

Usage:
  Non-class:     58.06 MB used.
      Class:      6.53 MB used.
       Both:     64.59 MB used.

Virtual space:
  Non-class space:       64.00 MB reserved,      58.88 MB ( 92%) committed,  1 nodes.
      Class space:        1.00 GB reserved,       7.19 MB ( <1%) committed,  1 nodes.
             Both:        1.06 GB reserved,      66.06 MB (  6%) committed. 

Chunk freelists:
   Non-Class:  5.02 MB
       Class:  8.79 MB
        Both:  13.80 MB

MaxMetaspaceSize: unlimited
CompressedClassSpaceSize: 1.00 GB
Initial GC threshold: 21.00 MB
Current GC threshold: 97.31 MB
CDS: on
 - commit_granule_bytes: 65536.
 - commit_granule_words: 8192.
 - virtual_space_node_default_size: 8388608.
 - enlarge_chunks_in_place: 1.
 - use_allocation_guard: 0.


Internal statistics:

num_allocs_failed_limit: 9.
num_arena_births: 1312.
num_arena_deaths: 14.
num_vsnodes_births: 2.
num_vsnodes_deaths: 0.
num_space_committed: 1057.
num_space_uncommitted: 0.
num_chunks_returned_to_freelist: 23.
num_chunks_taken_from_freelist: 4572.
num_chunk_merges: 11.
num_chunk_splits: 2764.
num_chunks_enlarged: 1506.
num_inconsistent_stats: 0.

CodeHeap 'non-profiled nmethods': size=120000Kb used=15261Kb max_used=15261Kb free=104738Kb
 bounds [0x000001f207ad0000, 0x000001f2089c0000, 0x000001f20f000000]
CodeHeap 'profiled nmethods': size=120000Kb used=39455Kb max_used=39455Kb free=80544Kb
 bounds [0x000001f200000000, 0x000001f202690000, 0x000001f207530000]
CodeHeap 'non-nmethods': size=5760Kb used=1441Kb max_used=1518Kb free=4318Kb
 bounds [0x000001f207530000, 0x000001f2077a0000, 0x000001f207ad0000]
CodeCache: size=245760Kb, used=56157Kb, max_used=56234Kb, free=189600Kb
 total_blobs=17112, nmethods=16371, adapters=645, full_count=0
Compilation: enabled, stopped_count=0, restarted_count=0

Compilation events (20 events):
Event: 69.008 Thread 0x000001f27d07f9d0 17333       4       org.apache.maven.model.profile.DefaultProfileSelector::getActiveProfiles (223 bytes)
Event: 69.087 Thread 0x000001f27d094040 17337       3       org.apache.maven.model.interpolation.StringVisitorModelInterpolator$ModelVisitor::visit (89 bytes)
Event: 69.088 Thread 0x000001f27d094040 nmethod 17337 0x000001f202678a90 code [0x000001f202678cc0, 0x000001f2026793f8]
Event: 69.092 Thread 0x000001f27d094040 17338       3       org.apache.maven.model.interpolation.StringVisitorModelInterpolator$ModelVisitor::visit (157 bytes)
Event: 69.098 Thread 0x000001f27d094040 nmethod 17338 0x000001f202679710 code [0x000001f202679a00, 0x000001f20267a9c8]
Event: 69.098 Thread 0x000001f27d094040 17339       3       org.apache.maven.model.interpolation.StringVisitorModelInterpolator$ModelVisitor::visit (89 bytes)
Event: 69.101 Thread 0x000001f27d094040 nmethod 17339 0x000001f20267b010 code [0x000001f20267b2e0, 0x000001f20267c248]
Event: 69.107 Thread 0x000001f27d094040 17340       3       org.apache.maven.model.io.xpp3.MavenXpp3Reader::parseReportSet (310 bytes)
Event: 69.109 Thread 0x000001f27d094040 nmethod 17340 0x000001f20267c810 code [0x000001f20267cce0, 0x000001f20267eca0]
Event: 69.129 Thread 0x000001f27d07f9d0 nmethod 17333 0x000001f2089aea10 code [0x000001f2089aee80, 0x000001f2089b1d80]
Event: 69.130 Thread 0x000001f27d07f9d0 17334       4       org.apache.maven.model.building.DefaultModelBuilder::getProfiles (64 bytes)
Event: 69.148 Thread 0x000001f27d07f9d0 nmethod 17334 0x000001f2089b3790 code [0x000001f2089b39e0, 0x000001f2089b42a0]
Event: 69.148 Thread 0x000001f27d07f9d0 17335   !   4       sun.nio.ch.IOUtil::read (133 bytes)
Event: 69.192 Thread 0x000001f27d094040 17344       3       org.codehaus.plexus.util.xml.pull.MXParser::parseAttribute (1438 bytes)
Event: 69.203 Thread 0x000001f27d094040 nmethod 17344 0x000001f20267f990 code [0x000001f202680160, 0x000001f202684998]
Event: 69.204 Thread 0x000001f27d07f9d0 nmethod 17335 0x000001f2089b4910 code [0x000001f2089b4c40, 0x000001f2089b6020]
Event: 69.204 Thread 0x000001f27d07f9d0 17341   !   4       org.apache.maven.model.building.DefaultModelBuilder::importDependencyManagement (1104 bytes)
Event: 69.227 Thread 0x000001f27d094040 17345       3       org.apache.maven.model.interpolation.StringVisitorModelInterpolator$ModelVisitor::visit (68 bytes)
Event: 69.229 Thread 0x000001f27d094040 nmethod 17345 0x000001f202686410 code [0x000001f202686620, 0x000001f202686bc8]
Event: 69.384 Thread 0x000001f27d094040 17348       3       org.apache.maven.model.interpolation.StringVisitorModelInterpolator$ModelVisitor::visit (89 bytes)

GC Heap History (20 events):
Event: 69.142 GC heap before
{Heap before GC invocations=1133 (full 3):
 PSYoungGen      total 5120K, used 4704K [0x00000000d5580000, 0x00000000d5b80000, 0x0000000100000000)
  eden space 4096K, 100% used [0x00000000d5580000,0x00000000d5980000,0x00000000d5980000)
  from space 1024K, 59% used [0x00000000d5980000,0x00000000d5a18000,0x00000000d5a80000)
  to   space 1024K, 0% used [0x00000000d5a80000,0x00000000d5a80000,0x00000000d5b80000)
 ParOldGen       total 691200K, used 690845K [0x0000000080000000, 0x00000000aa300000, 0x00000000d5580000)
  object space 691200K, 99% used [0x0000000080000000,0x00000000aa2a7418,0x00000000aa300000)
 Metaspace       used 66137K, committed 67648K, reserved 1114112K
  class space    used 6682K, committed 7360K, reserved 1048576K
}
Event: 69.146 GC heap after
{Heap after GC invocations=1133 (full 3):
 PSYoungGen      total 5120K, used 480K [0x00000000d5580000, 0x00000000d5b80000, 0x0000000100000000)
  eden space 4096K, 0% used [0x00000000d5580000,0x00000000d5580000,0x00000000d5980000)
  from space 1024K, 46% used [0x00000000d5a80000,0x00000000d5af8000,0x00000000d5b80000)
  to   space 1024K, 0% used [0x00000000d5980000,0x00000000d5980000,0x00000000d5a80000)
 ParOldGen       total 691712K, used 691277K [0x0000000080000000, 0x00000000aa380000, 0x00000000d5580000)
  object space 691712K, 99% used [0x0000000080000000,0x00000000aa313418,0x00000000aa380000)
 Metaspace       used 66137K, committed 67648K, reserved 1114112K
  class space    used 6682K, committed 7360K, reserved 1048576K
}
Event: 69.166 GC heap before
{Heap before GC invocations=1134 (full 3):
 PSYoungGen      total 5120K, used 4576K [0x00000000d5580000, 0x00000000d5b80000, 0x0000000100000000)
  eden space 4096K, 100% used [0x00000000d5580000,0x00000000d5980000,0x00000000d5980000)
  from space 1024K, 46% used [0x00000000d5a80000,0x00000000d5af8000,0x00000000d5b80000)
  to   space 1024K, 0% used [0x00000000d5980000,0x00000000d5980000,0x00000000d5a80000)
 ParOldGen       total 691712K, used 691289K [0x0000000080000000, 0x00000000aa380000, 0x00000000d5580000)
  object space 691712K, 99% used [0x0000000080000000,0x00000000aa316428,0x00000000aa380000)
 Metaspace       used 66137K, committed 67648K, reserved 1114112K
  class space    used 6682K, committed 7360K, reserved 1048576K
}
Event: 69.169 GC heap after
{Heap after GC invocations=1134 (full 3):
 PSYoungGen      total 5120K, used 736K [0x00000000d5580000, 0x00000000d5b80000, 0x0000000100000000)
  eden space 4096K, 0% used [0x00000000d5580000,0x00000000d5580000,0x00000000d5980000)
  from space 1024K, 71% used [0x00000000d5980000,0x00000000d5a38000,0x00000000d5a80000)
  to   space 1024K, 0% used [0x00000000d5a80000,0x00000000d5a80000,0x00000000d5b80000)
 ParOldGen       total 691712K, used 691598K [0x0000000080000000, 0x00000000aa380000, 0x00000000d5580000)
  object space 691712K, 99% used [0x0000000080000000,0x00000000aa363a30,0x00000000aa380000)
 Metaspace       used 66137K, committed 67648K, reserved 1114112K
  class space    used 6682K, committed 7360K, reserved 1048576K
}
Event: 69.186 GC heap before
{Heap before GC invocations=1135 (full 3):
 PSYoungGen      total 5120K, used 4832K [0x00000000d5580000, 0x00000000d5b80000, 0x0000000100000000)
  eden space 4096K, 100% used [0x00000000d5580000,0x00000000d5980000,0x00000000d5980000)
  from space 1024K, 71% used [0x00000000d5980000,0x00000000d5a38000,0x00000000d5a80000)
  to   space 1024K, 0% used [0x00000000d5a80000,0x00000000d5a80000,0x00000000d5b80000)
 ParOldGen       total 691712K, used 691600K [0x0000000080000000, 0x00000000aa380000, 0x00000000d5580000)
  object space 691712K, 99% used [0x0000000080000000,0x00000000aa3641e0,0x00000000aa380000)
 Metaspace       used 66137K, committed 67648K, reserved 1114112K
  class space    used 6682K, committed 7360K, reserved 1048576K
}
Event: 69.191 GC heap after
{Heap after GC invocations=1135 (full 3):
 PSYoungGen      total 5120K, used 752K [0x00000000d5580000, 0x00000000d5b80000, 0x0000000100000000)
  eden space 4096K, 0% used [0x00000000d5580000,0x00000000d5580000,0x00000000d5980000)
  from space 1024K, 73% used [0x00000000d5a80000,0x00000000d5b3c010,0x00000000d5b80000)
  to   space 1024K, 0% used [0x00000000d5980000,0x00000000d5980000,0x00000000d5a80000)
 ParOldGen       total 692736K, used 692260K [0x0000000080000000, 0x00000000aa480000, 0x00000000d5580000)
  object space 692736K, 99% used [0x0000000080000000,0x00000000aa409058,0x00000000aa480000)
 Metaspace       used 66137K, committed 67648K, reserved 1114112K
  class space    used 6682K, committed 7360K, reserved 1048576K
}
Event: 69.197 GC heap before
{Heap before GC invocations=1136 (full 3):
 PSYoungGen      total 5120K, used 4848K [0x00000000d5580000, 0x00000000d5b80000, 0x0000000100000000)
  eden space 4096K, 100% used [0x00000000d5580000,0x00000000d5980000,0x00000000d5980000)
  from space 1024K, 73% used [0x00000000d5a80000,0x00000000d5b3c010,0x00000000d5b80000)
  to   space 1024K, 0% used [0x00000000d5980000,0x00000000d5980000,0x00000000d5a80000)
 ParOldGen       total 692736K, used 692260K [0x0000000080000000, 0x00000000aa480000, 0x00000000d5580000)
  object space 692736K, 99% used [0x0000000080000000,0x00000000aa409058,0x00000000aa480000)
 Metaspace       used 66137K, committed 67648K, reserved 1114112K
  class space    used 6682K, committed 7360K, reserved 1048576K
}
Event: 69.201 GC heap after
{Heap after GC invocations=1136 (full 3):
 PSYoungGen      total 5120K, used 816K [0x00000000d5580000, 0x00000000d5c80000, 0x0000000100000000)
  eden space 4096K, 0% used [0x00000000d5580000,0x00000000d5580000,0x00000000d5980000)
  from space 1024K, 79% used [0x00000000d5980000,0x00000000d5a4c010,0x00000000d5a80000)
  to   space 1024K, 0% used [0x00000000d5b80000,0x00000000d5b80000,0x00000000d5c80000)
 ParOldGen       total 692736K, used 692675K [0x0000000080000000, 0x00000000aa480000, 0x00000000d5580000)
  object space 692736K, 99% used [0x0000000080000000,0x00000000aa470d78,0x00000000aa480000)
 Metaspace       used 66137K, committed 67648K, reserved 1114112K
  class space    used 6682K, committed 7360K, reserved 1048576K
}
Event: 69.215 GC heap before
{Heap before GC invocations=1137 (full 3):
 PSYoungGen      total 5120K, used 4912K [0x00000000d5580000, 0x00000000d5c80000, 0x0000000100000000)
  eden space 4096K, 100% used [0x00000000d5580000,0x00000000d5980000,0x00000000d5980000)
  from space 1024K, 79% used [0x00000000d5980000,0x00000000d5a4c010,0x00000000d5a80000)
  to   space 1024K, 0% used [0x00000000d5b80000,0x00000000d5b80000,0x00000000d5c80000)
 ParOldGen       total 692736K, used 692675K [0x0000000080000000, 0x00000000aa480000, 0x00000000d5580000)
  object space 692736K, 99% used [0x0000000080000000,0x00000000aa470d78,0x00000000aa480000)
 Metaspace       used 66137K, committed 67648K, reserved 1114112K
  class space    used 6682K, committed 7360K, reserved 1048576K
}
Event: 69.219 GC heap after
{Heap after GC invocations=1137 (full 3):
 PSYoungGen      total 6144K, used 672K [0x00000000d5580000, 0x00000000d5c80000, 0x0000000100000000)
  eden space 5120K, 0% used [0x00000000d5580000,0x00000000d5580000,0x00000000d5a80000)
  from space 1024K, 65% used [0x00000000d5b80000,0x00000000d5c28020,0x00000000d5c80000)
  to   space 1024K, 0% used [0x00000000d5a80000,0x00000000d5a80000,0x00000000d5b80000)
 ParOldGen       total 693248K, used 693159K [0x0000000080000000, 0x00000000aa500000, 0x00000000d5580000)
  object space 693248K, 99% used [0x0000000080000000,0x00000000aa4e9d88,0x00000000aa500000)
 Metaspace       used 66137K, committed 67648K, reserved 1114112K
  class space    used 6682K, committed 7360K, reserved 1048576K
}
Event: 69.238 GC heap before
{Heap before GC invocations=1138 (full 3):
 PSYoungGen      total 6144K, used 5792K [0x00000000d5580000, 0x00000000d5c80000, 0x0000000100000000)
  eden space 5120K, 100% used [0x00000000d5580000,0x00000000d5a80000,0x00000000d5a80000)
  from space 1024K, 65% used [0x00000000d5b80000,0x00000000d5c28020,0x00000000d5c80000)
  to   space 1024K, 0% used [0x00000000d5a80000,0x00000000d5a80000,0x00000000d5b80000)
 ParOldGen       total 693248K, used 693181K [0x0000000080000000, 0x00000000aa500000, 0x00000000d5580000)
  object space 693248K, 99% used [0x0000000080000000,0x00000000aa4ef608,0x00000000aa500000)
 Metaspace       used 66137K, committed 67648K, reserved 1114112K
  class space    used 6682K, committed 7360K, reserved 1048576K
}
Event: 69.241 GC heap after
{Heap after GC invocations=1138 (full 3):
 PSYoungGen      total 6144K, used 736K [0x00000000d5580000, 0x00000000d5c80000, 0x0000000100000000)
  eden space 5120K, 0% used [0x00000000d5580000,0x00000000d5580000,0x00000000d5a80000)
  from space 1024K, 71% used [0x00000000d5a80000,0x00000000d5b38000,0x00000000d5b80000)
  to   space 1024K, 0% used [0x00000000d5b80000,0x00000000d5b80000,0x00000000d5c80000)
 ParOldGen       total 693760K, used 693465K [0x0000000080000000, 0x00000000aa580000, 0x00000000d5580000)
  object space 693760K, 99% used [0x0000000080000000,0x00000000aa536618,0x00000000aa580000)
 Metaspace       used 66137K, committed 67648K, reserved 1114112K
  class space    used 6682K, committed 7360K, reserved 1048576K
}
Event: 69.257 GC heap before
{Heap before GC invocations=1139 (full 3):
 PSYoungGen      total 6144K, used 5856K [0x00000000d5580000, 0x00000000d5c80000, 0x0000000100000000)
  eden space 5120K, 100% used [0x00000000d5580000,0x00000000d5a80000,0x00000000d5a80000)
  from space 1024K, 71% used [0x00000000d5a80000,0x00000000d5b38000,0x00000000d5b80000)
  to   space 1024K, 0% used [0x00000000d5b80000,0x00000000d5b80000,0x00000000d5c80000)
 ParOldGen       total 693760K, used 693475K [0x0000000080000000, 0x00000000aa580000, 0x00000000d5580000)
  object space 693760K, 99% used [0x0000000080000000,0x00000000aa538f50,0x00000000aa580000)
 Metaspace       used 66137K, committed 67648K, reserved 1114112K
  class space    used 6682K, committed 7360K, reserved 1048576K
}
Event: 69.261 GC heap after
{Heap after GC invocations=1139 (full 3):
 PSYoungGen      total 6144K, used 891K [0x00000000d5580000, 0x00000000d5c80000, 0x0000000100000000)
  eden space 5120K, 0% used [0x00000000d5580000,0x00000000d5580000,0x00000000d5a80000)
  from space 1024K, 87% used [0x00000000d5b80000,0x00000000d5c5ec08,0x00000000d5c80000)
  to   space 1024K, 0% used [0x00000000d5a80000,0x00000000d5a80000,0x00000000d5b80000)
 ParOldGen       total 694272K, used 693791K [0x0000000080000000, 0x00000000aa600000, 0x00000000d5580000)
  object space 694272K, 99% used [0x0000000080000000,0x00000000aa587f60,0x00000000aa600000)
 Metaspace       used 66137K, committed 67648K, reserved 1114112K
  class space    used 6682K, committed 7360K, reserved 1048576K
}
Event: 69.303 GC heap before
{Heap before GC invocations=1140 (full 3):
 PSYoungGen      total 6144K, used 6011K [0x00000000d5580000, 0x00000000d5c80000, 0x0000000100000000)
  eden space 5120K, 100% used [0x00000000d5580000,0x00000000d5a80000,0x00000000d5a80000)
  from space 1024K, 87% used [0x00000000d5b80000,0x00000000d5c5ec08,0x00000000d5c80000)
  to   space 1024K, 0% used [0x00000000d5a80000,0x00000000d5a80000,0x00000000d5b80000)
 ParOldGen       total 696320K, used 695939K [0x0000000080000000, 0x00000000aa800000, 0x00000000d5580000)
  object space 696320K, 99% used [0x0000000080000000,0x00000000aa7a0d18,0x00000000aa800000)
 Metaspace       used 66137K, committed 67648K, reserved 1114112K
  class space    used 6682K, committed 7360K, reserved 1048576K
}
Event: 69.308 GC heap after
{Heap after GC invocations=1140 (full 3):
 PSYoungGen      total 6144K, used 512K [0x00000000d5580000, 0x00000000d5c80000, 0x0000000100000000)
  eden space 5120K, 0% used [0x00000000d5580000,0x00000000d5580000,0x00000000d5a80000)
  from space 1024K, 50% used [0x00000000d5a80000,0x00000000d5b00000,0x00000000d5b80000)
  to   space 1024K, 0% used [0x00000000d5b80000,0x00000000d5b80000,0x00000000d5c80000)
 ParOldGen       total 696832K, used 696398K [0x0000000080000000, 0x00000000aa880000, 0x00000000d5580000)
  object space 696832K, 99% used [0x0000000080000000,0x00000000aa813920,0x00000000aa880000)
 Metaspace       used 66137K, committed 67648K, reserved 1114112K
  class space    used 6682K, committed 7360K, reserved 1048576K
}
Event: 69.343 GC heap before
{Heap before GC invocations=1141 (full 3):
 PSYoungGen      total 6144K, used 5632K [0x00000000d5580000, 0x00000000d5c80000, 0x0000000100000000)
  eden space 5120K, 100% used [0x00000000d5580000,0x00000000d5a80000,0x00000000d5a80000)
  from space 1024K, 50% used [0x00000000d5a80000,0x00000000d5b00000,0x00000000d5b80000)
  to   space 1024K, 0% used [0x00000000d5b80000,0x00000000d5b80000,0x00000000d5c80000)
 ParOldGen       total 696832K, used 696400K [0x0000000080000000, 0x00000000aa880000, 0x00000000d5580000)
  object space 696832K, 99% used [0x0000000080000000,0x00000000aa814210,0x00000000aa880000)
 Metaspace       used 66137K, committed 67648K, reserved 1114112K
  class space    used 6682K, committed 7360K, reserved 1048576K
}
Event: 69.347 GC heap after
{Heap after GC invocations=1141 (full 3):
 PSYoungGen      total 5120K, used 1008K [0x00000000d5580000, 0x00000000d5e80000, 0x0000000100000000)
  eden space 4096K, 0% used [0x00000000d5580000,0x00000000d5580000,0x00000000d5980000)
  from space 1024K, 98% used [0x00000000d5b80000,0x00000000d5c7c010,0x00000000d5c80000)
  to   space 2048K, 0% used [0x00000000d5980000,0x00000000d5980000,0x00000000d5b80000)
 ParOldGen       total 696832K, used 696804K [0x0000000080000000, 0x00000000aa880000, 0x00000000d5580000)
  object space 696832K, 99% used [0x0000000080000000,0x00000000aa879220,0x00000000aa880000)
 Metaspace       used 66137K, committed 67648K, reserved 1114112K
  class space    used 6682K, committed 7360K, reserved 1048576K
}
Event: 69.361 GC heap before
{Heap before GC invocations=1142 (full 3):
 PSYoungGen      total 5120K, used 5104K [0x00000000d5580000, 0x00000000d5e80000, 0x0000000100000000)
  eden space 4096K, 100% used [0x00000000d5580000,0x00000000d5980000,0x00000000d5980000)
  from space 1024K, 98% used [0x00000000d5b80000,0x00000000d5c7c010,0x00000000d5c80000)
  to   space 2048K, 0% used [0x00000000d5980000,0x00000000d5980000,0x00000000d5b80000)
 ParOldGen       total 696832K, used 696804K [0x0000000080000000, 0x00000000aa880000, 0x00000000d5580000)
  object space 696832K, 99% used [0x0000000080000000,0x00000000aa879220,0x00000000aa880000)
 Metaspace       used 66137K, committed 67648K, reserved 1114112K
  class space    used 6682K, committed 7360K, reserved 1048576K
}
Event: 69.367 GC heap after
{Heap after GC invocations=1142 (full 3):
 PSYoungGen      total 5120K, used 1024K [0x00000000d5580000, 0x00000000d5c80000, 0x0000000100000000)
  eden space 4096K, 0% used [0x00000000d5580000,0x00000000d5580000,0x00000000d5980000)
  from space 1024K, 100% used [0x00000000d5980000,0x00000000d5a80000,0x00000000d5a80000)
  to   space 1536K, 0% used [0x00000000d5b00000,0x00000000d5b00000,0x00000000d5c80000)
 ParOldGen       total 697856K, used 697632K [0x0000000080000000, 0x00000000aa980000, 0x00000000d5580000)
  object space 697856K, 99% used [0x0000000080000000,0x00000000aa948230,0x00000000aa980000)
 Metaspace       used 66137K, committed 67648K, reserved 1114112K
  class space    used 6682K, committed 7360K, reserved 1048576K
}

Dll operation events (10 events):
Event: 0.014 Loaded shared library c:\Users\saida\.vscode\extensions\redhat.java-1.55.0-win32-x64\jre\21.0.11-win32-x86_64\bin\java.dll
Event: 0.089 Loaded shared library c:\Users\saida\.vscode\extensions\redhat.java-1.55.0-win32-x64\jre\21.0.11-win32-x86_64\bin\zip.dll
Event: 0.111 Loaded shared library C:\Users\saida\.vscode\extensions\redhat.java-1.55.0-win32-x64\jre\21.0.11-win32-x86_64\bin\instrument.dll
Event: 0.117 Loaded shared library C:\Users\saida\.vscode\extensions\redhat.java-1.55.0-win32-x64\jre\21.0.11-win32-x86_64\bin\net.dll
Event: 0.120 Loaded shared library C:\Users\saida\.vscode\extensions\redhat.java-1.55.0-win32-x64\jre\21.0.11-win32-x86_64\bin\nio.dll
Event: 0.126 Loaded shared library C:\Users\saida\.vscode\extensions\redhat.java-1.55.0-win32-x64\jre\21.0.11-win32-x86_64\bin\zip.dll
Event: 0.147 Loaded shared library C:\Users\saida\.vscode\extensions\redhat.java-1.55.0-win32-x64\jre\21.0.11-win32-x86_64\bin\jimage.dll
Event: 0.252 Loaded shared library c:\Users\saida\.vscode\extensions\redhat.java-1.55.0-win32-x64\jre\21.0.11-win32-x86_64\bin\verify.dll
Event: 2.165 Loaded shared library C:\Users\saida\AppData\Roaming\Code\User\globalStorage\redhat.java\1.55.0\config_win\org.eclipse.equinox.launcher\org.eclipse.equinox.launcher.win32.win32.x86_64_1.3.100.v20260613-0559\eclipse_11924.dll
Event: 6.805 Loaded shared library C:\Users\saida\AppData\Local\Temp\jna-109198744\jna11672040719518285850.dll

Deoptimization events (20 events):
Event: 68.298 Thread 0x000001f259f45e00 DEOPT PACKING pc=0x000001f208997afc sp=0x000000eb9ccfc520
Event: 68.298 Thread 0x000001f259f45e00 DEOPT UNPACKING pc=0x000001f207586da2 sp=0x000000eb9ccfc4c0 mode 2
Event: 68.305 Thread 0x000001f259f45e00 Uncommon trap: trap_request=0xffffffbe fr.pc=0x000001f208997afc relative=0x000000000000067c
Event: 68.305 Thread 0x000001f259f45e00 Uncommon trap: reason=profile_predicate action=maybe_recompile pc=0x000001f208997afc method=org.apache.maven.model.interpolation.StringVisitorModelInterpolator$ModelVisitor.visit(Lorg/apache/maven/model/DependencyManagement;)V @ 20 c2
Event: 68.305 Thread 0x000001f259f45e00 DEOPT PACKING pc=0x000001f208997afc sp=0x000000eb9ccfc520
Event: 68.305 Thread 0x000001f259f45e00 DEOPT UNPACKING pc=0x000001f207586da2 sp=0x000000eb9ccfc4c0 mode 2
Event: 68.312 Thread 0x000001f259f45e00 Uncommon trap: trap_request=0xffffffbe fr.pc=0x000001f208997afc relative=0x000000000000067c
Event: 68.312 Thread 0x000001f259f45e00 Uncommon trap: reason=profile_predicate action=maybe_recompile pc=0x000001f208997afc method=org.apache.maven.model.interpolation.StringVisitorModelInterpolator$ModelVisitor.visit(Lorg/apache/maven/model/DependencyManagement;)V @ 20 c2
Event: 68.312 Thread 0x000001f259f45e00 DEOPT PACKING pc=0x000001f208997afc sp=0x000000eb9ccfc520
Event: 68.312 Thread 0x000001f259f45e00 DEOPT UNPACKING pc=0x000001f207586da2 sp=0x000000eb9ccfc4c0 mode 2
Event: 68.315 Thread 0x000001f259f45e00 Uncommon trap: trap_request=0xffffffbe fr.pc=0x000001f208997afc relative=0x000000000000067c
Event: 68.315 Thread 0x000001f259f45e00 Uncommon trap: reason=profile_predicate action=maybe_recompile pc=0x000001f208997afc method=org.apache.maven.model.interpolation.StringVisitorModelInterpolator$ModelVisitor.visit(Lorg/apache/maven/model/DependencyManagement;)V @ 20 c2
Event: 68.315 Thread 0x000001f259f45e00 DEOPT PACKING pc=0x000001f208997afc sp=0x000000eb9ccfc520
Event: 68.316 Thread 0x000001f259f45e00 DEOPT UNPACKING pc=0x000001f207586da2 sp=0x000000eb9ccfc4c0 mode 2
Event: 69.158 Thread 0x000001f25cc8fad0 DEOPT PACKING pc=0x000001f2020861fc sp=0x000000eb9abfd810
Event: 69.158 Thread 0x000001f25cc8fad0 DEOPT UNPACKING pc=0x000001f2075878e2 sp=0x000000eb9abfcea0 mode 0
Event: 69.185 Thread 0x000001f25cc8da00 Uncommon trap: trap_request=0xffffff45 fr.pc=0x000001f20899fb28 relative=0x00000000000032e8
Event: 69.185 Thread 0x000001f25cc8da00 Uncommon trap: reason=unstable_if action=reinterpret pc=0x000001f20899fb28 method=org.codehaus.plexus.util.xml.pull.MXParser.parseAttribute()C @ 915 c2
Event: 69.185 Thread 0x000001f25cc8da00 DEOPT PACKING pc=0x000001f20899fb28 sp=0x000000eb9f6fd4c0
Event: 69.186 Thread 0x000001f25cc8da00 DEOPT UNPACKING pc=0x000001f207586da2 sp=0x000000eb9f6fd458 mode 2

Classes loaded (20 events):
Event: 40.722 Loading class java/nio/file/DirectoryIteratorException
Event: 40.728 Loading class java/nio/file/DirectoryIteratorException done
Event: 41.852 Loading class java/nio/file/FileTreeIterator
Event: 41.853 Loading class java/nio/file/FileTreeIterator done
Event: 49.460 Loading class jdk/internal/module/IllegalAccessLogger
Event: 49.460 Loading class jdk/internal/module/IllegalAccessLogger done
Event: 53.935 Loading class jdk/internal/module/IllegalAccessLogger
Event: 53.935 Loading class jdk/internal/module/IllegalAccessLogger done
Event: 56.170 Loading class java/lang/invoke/MethodHandleImpl$CountingWrapper$1
Event: 56.173 Loading class java/lang/invoke/MethodHandleImpl$CountingWrapper$1 done
Event: 56.220 Loading class sun/nio/fs/WindowsFileCopy
Event: 56.227 Loading class sun/nio/fs/WindowsFileCopy done
Event: 57.926 Loading class jdk/internal/module/IllegalAccessLogger
Event: 57.926 Loading class jdk/internal/module/IllegalAccessLogger done
Event: 59.841 Loading class jdk/internal/module/IllegalAccessLogger
Event: 59.841 Loading class jdk/internal/module/IllegalAccessLogger done
Event: 65.220 Loading class jdk/internal/module/IllegalAccessLogger
Event: 65.220 Loading class jdk/internal/module/IllegalAccessLogger done
Event: 67.016 Loading class jdk/internal/module/IllegalAccessLogger
Event: 67.016 Loading class jdk/internal/module/IllegalAccessLogger done

Classes unloaded (7 events):
Event: 8.263 Thread 0x000001f27969f7c0 Unloading class 0x000001f2141a5000 'java/lang/invoke/LambdaForm$MH+0x000001f2141a5000'
Event: 8.263 Thread 0x000001f27969f7c0 Unloading class 0x000001f2141a4c00 'java/lang/invoke/LambdaForm$MH+0x000001f2141a4c00'
Event: 8.263 Thread 0x000001f27969f7c0 Unloading class 0x000001f2141a4800 'java/lang/invoke/LambdaForm$MH+0x000001f2141a4800'
Event: 8.263 Thread 0x000001f27969f7c0 Unloading class 0x000001f2141a4400 'java/lang/invoke/LambdaForm$MH+0x000001f2141a4400'
Event: 8.263 Thread 0x000001f27969f7c0 Unloading class 0x000001f2141a4000 'java/lang/invoke/LambdaForm$BMH+0x000001f2141a4000'
Event: 8.263 Thread 0x000001f27969f7c0 Unloading class 0x000001f2141a3c00 'java/lang/invoke/LambdaForm$DMH+0x000001f2141a3c00'
Event: 8.263 Thread 0x000001f27969f7c0 Unloading class 0x000001f2141a2800 'java/lang/invoke/LambdaForm$DMH+0x000001f2141a2800'

Classes redefined (0 events):
No events

Internal exceptions (20 events):
Event: 67.894 Thread 0x000001f258bd35d0 Implicit null exception at 0x000001f2022d701b to 0x000001f2022da87b
Event: 67.894 Thread 0x000001f258bd35d0 Exception <a 'java/lang/NullPointerException'{0x00000000d55f26b0}> (0x00000000d55f26b0) 
thrown [s\src\hotspot\share\runtime\sharedRuntime.cpp, line 625]
Event: 67.894 Thread 0x000001f258bd35d0 Implicit null exception at 0x000001f2022d701b to 0x000001f2022da87b
Event: 67.894 Thread 0x000001f258bd35d0 Exception <a 'java/lang/NullPointerException'{0x00000000d55f3218}> (0x00000000d55f3218) 
thrown [s\src\hotspot\share\runtime\sharedRuntime.cpp, line 625]
Event: 67.894 Thread 0x000001f258bd35d0 Implicit null exception at 0x000001f2022d701b to 0x000001f2022da87b
Event: 67.894 Thread 0x000001f258bd35d0 Exception <a 'java/lang/NullPointerException'{0x00000000d55f3b38}> (0x00000000d55f3b38) 
thrown [s\src\hotspot\share\runtime\sharedRuntime.cpp, line 625]
Event: 67.897 Thread 0x000001f258bd35d0 Implicit null exception at 0x000001f2022d701b to 0x000001f2022da87b
Event: 67.897 Thread 0x000001f258bd35d0 Exception <a 'java/lang/NullPointerException'{0x00000000d567f540}> (0x00000000d567f540) 
thrown [s\src\hotspot\share\runtime\sharedRuntime.cpp, line 625]
Event: 67.897 Thread 0x000001f258bd35d0 Implicit null exception at 0x000001f2022d701b to 0x000001f2022da87b
Event: 67.897 Thread 0x000001f258bd35d0 Exception <a 'java/lang/NullPointerException'{0x00000000d5681a10}> (0x00000000d5681a10) 
thrown [s\src\hotspot\share\runtime\sharedRuntime.cpp, line 625]
Event: 67.897 Thread 0x000001f258bd35d0 Implicit null exception at 0x000001f2022d701b to 0x000001f2022da87b
Event: 67.897 Thread 0x000001f258bd35d0 Exception <a 'java/lang/NullPointerException'{0x00000000d56822c8}> (0x00000000d56822c8) 
thrown [s\src\hotspot\share\runtime\sharedRuntime.cpp, line 625]
Event: 67.897 Thread 0x000001f258bd35d0 Implicit null exception at 0x000001f2022d701b to 0x000001f2022da87b
Event: 67.897 Thread 0x000001f258bd35d0 Exception <a 'java/lang/NullPointerException'{0x00000000d5682be8}> (0x00000000d5682be8) 
thrown [s\src\hotspot\share\runtime\sharedRuntime.cpp, line 625]
Event: 67.933 Thread 0x000001f259f45e00 Exception <a 'sun/nio/fs/WindowsException'{0x00000000d55dd630}> (0x00000000d55dd630) 
thrown [s\src\hotspot\share\prims\jni.cpp, line 520]
Event: 67.934 Thread 0x000001f259f45e00 Exception <a 'sun/nio/fs/WindowsException'{0x00000000d55ddd58}> (0x00000000d55ddd58) 
thrown [s\src\hotspot\share\prims\jni.cpp, line 520]
Event: 68.259 Thread 0x000001f27f53a690 Exception <a 'sun/nio/fs/WindowsException'{0x00000000d55b28d8}> (0x00000000d55b28d8) 
thrown [s\src\hotspot\share\prims\jni.cpp, line 520]
Event: 68.369 Thread 0x000001f27f53a690 Exception <a 'sun/nio/fs/WindowsException'{0x00000000d5853430}> (0x00000000d5853430) 
thrown [s\src\hotspot\share\prims\jni.cpp, line 520]
Event: 68.444 Thread 0x000001f27f53a690 Exception <a 'sun/nio/fs/WindowsException'{0x00000000d57d47c8}> (0x00000000d57d47c8) 
thrown [s\src\hotspot\share\prims\jni.cpp, line 520]
Event: 69.003 Thread 0x000001f27f53a690 Exception <a 'sun/nio/fs/WindowsException'{0x00000000d56930d8}> (0x00000000d56930d8) 
thrown [s\src\hotspot\share\prims\jni.cpp, line 520]

ZGC Phase Switch (0 events):
No events

VM Operations (20 events):
Event: 69.219 Executing safepoint VM operation: ParallelGCFailedAllocation (Allocation Failure) done
Event: 69.237 Executing safepoint VM operation: ParallelGCFailedAllocation (Allocation Failure)
Event: 69.237 Executing safepoint VM operation: ParallelGCFailedAllocation (Allocation Failure) done
Event: 69.237 Executing safepoint VM operation: ParallelGCFailedAllocation (Allocation Failure)
Event: 69.238 Executing safepoint VM operation: ParallelGCFailedAllocation (Allocation Failure) done
Event: 69.238 Executing safepoint VM operation: ParallelGCFailedAllocation (Allocation Failure)
Event: 69.241 Executing safepoint VM operation: ParallelGCFailedAllocation (Allocation Failure) done
Event: 69.257 Executing safepoint VM operation: ParallelGCFailedAllocation (Allocation Failure)
Event: 69.257 Executing safepoint VM operation: ParallelGCFailedAllocation (Allocation Failure) done
Event: 69.257 Executing safepoint VM operation: ParallelGCFailedAllocation (Allocation Failure)
Event: 69.261 Executing safepoint VM operation: ParallelGCFailedAllocation (Allocation Failure) done
Event: 69.277 Executing safepoint VM operation: ParallelGCFailedAllocation (Allocation Failure)
Event: 69.277 Executing safepoint VM operation: ParallelGCFailedAllocation (Allocation Failure) done
Event: 69.303 Executing safepoint VM operation: ParallelGCSystemGC (GCLocker Initiated GC)
Event: 69.308 Executing safepoint VM operation: ParallelGCSystemGC (GCLocker Initiated GC) done
Event: 69.342 Executing safepoint VM operation: ParallelGCFailedAllocation (Allocation Failure)
Event: 69.347 Executing safepoint VM operation: ParallelGCFailedAllocation (Allocation Failure) done
Event: 69.360 Executing safepoint VM operation: ParallelGCFailedAllocation (Allocation Failure)
Event: 69.368 Executing safepoint VM operation: ParallelGCFailedAllocation (Allocation Failure) done
Event: 69.385 Executing safepoint VM operation: ParallelGCFailedAllocation (Allocation Failure)

Memory protections (0 events):
No events

Nmethod flushes (20 events):
Event: 28.493 Thread 0x000001f27969f7c0 flushing  nmethod 0x000001f200afcc90
Event: 28.493 Thread 0x000001f27969f7c0 flushing  nmethod 0x000001f200afd290
Event: 28.493 Thread 0x000001f27969f7c0 flushing  nmethod 0x000001f200afd610
Event: 28.493 Thread 0x000001f27969f7c0 flushing  nmethod 0x000001f200afe410
Event: 28.493 Thread 0x000001f27969f7c0 flushing  nmethod 0x000001f200aff510
Event: 28.493 Thread 0x000001f27969f7c0 flushing  nmethod 0x000001f200affb10
Event: 28.493 Thread 0x000001f27969f7c0 flushing  nmethod 0x000001f200b00390
Event: 28.493 Thread 0x000001f27969f7c0 flushing osr nmethod 0x000001f200b05890
Event: 28.493 Thread 0x000001f27969f7c0 flushing  nmethod 0x000001f200b11e90
Event: 28.493 Thread 0x000001f27969f7c0 flushing  nmethod 0x000001f200b38f90
Event: 28.493 Thread 0x000001f27969f7c0 flushing  nmethod 0x000001f200b39510
Event: 28.493 Thread 0x000001f27969f7c0 flushing  nmethod 0x000001f200b39890
Event: 28.493 Thread 0x000001f27969f7c0 flushing  nmethod 0x000001f200b3a110
Event: 28.493 Thread 0x000001f27969f7c0 flushing  nmethod 0x000001f200b3a710
Event: 28.493 Thread 0x000001f27969f7c0 flushing  nmethod 0x000001f200b3ac10
Event: 28.493 Thread 0x000001f27969f7c0 flushing  nmethod 0x000001f200b3f390
Event: 28.493 Thread 0x000001f27969f7c0 flushing  nmethod 0x000001f200b40110
Event: 28.493 Thread 0x000001f27969f7c0 flushing  nmethod 0x000001f200b40490
Event: 28.493 Thread 0x000001f27969f7c0 flushing  nmethod 0x000001f200b43990
Event: 28.493 Thread 0x000001f27969f7c0 flushing  nmethod 0x000001f200b44090

Events (20 events):
Event: 62.008 Thread 0x000001f259f45e00 Thread added: 0x000001f25cc907f0
Event: 62.009 Thread 0x000001f259f45e00 Thread added: 0x000001f25cc8fad0
Event: 62.009 Thread 0x000001f259f45e00 Thread added: 0x000001f25cc90160
Event: 63.433 Thread 0x000001f25cc90160 Thread exited: 0x000001f25cc90160
Event: 63.433 Thread 0x000001f25cc907f0 Thread exited: 0x000001f25cc907f0
Event: 63.433 Thread 0x000001f25cc8da00 Thread exited: 0x000001f25cc8da00
Event: 63.433 Thread 0x000001f25cc8fad0 Thread exited: 0x000001f25cc8fad0
Event: 63.433 Thread 0x000001f25cc8c650 Thread exited: 0x000001f25cc8c650
Event: 64.649 Thread 0x000001f259b57e50 Thread exited: 0x000001f259b57e50
Event: 66.678 Thread 0x000001f25e12a610 Thread exited: 0x000001f25e12a610
Event: 66.884 Thread 0x000001f27d094040 Thread added: 0x000001f25e12a610
Event: 67.576 Thread 0x000001f25e12a610 Thread exited: 0x000001f25e12a610
Event: 67.613 Thread 0x000001f27d07f9d0 Thread added: 0x000001f25e12a610
Event: 68.259 Thread 0x000001f25e12a610 Thread exited: 0x000001f25e12a610
Event: 68.661 Thread 0x000001f27d094040 Thread added: 0x000001f259d66690
Event: 68.919 Thread 0x000001f259f45e00 Thread added: 0x000001f25cc8fad0
Event: 68.919 Thread 0x000001f259f45e00 Thread added: 0x000001f25cc8edb0
Event: 68.920 Thread 0x000001f259f45e00 Thread added: 0x000001f25cc8c650
Event: 68.920 Thread 0x000001f259f45e00 Thread added: 0x000001f25cc90160
Event: 68.920 Thread 0x000001f259f45e00 Thread added: 0x000001f25cc8da00


Dynamic libraries:
0x00007ff7fb9c0000 - 0x00007ff7fb9ce000 	c:\Users\saida\.vscode\extensions\redhat.java-1.55.0-win32-x64\jre\21.0.11-win32-x86_64\bin\java.exe
0x00007ffb3b7c0000 - 0x00007ffb3ba29000 	C:\WINDOWS\SYSTEM32\ntdll.dll
0x00007ffb39640000 - 0x00007ffb39709000 	C:\WINDOWS\System32\KERNEL32.DLL
0x00007ffb38d60000 - 0x00007ffb39153000 	C:\WINDOWS\System32\KERNELBASE.dll
0x00007ffb39410000 - 0x00007ffb3955b000 	C:\WINDOWS\System32\ucrtbase.dll
0x00007ffb10a60000 - 0x00007ffb10a78000 	c:\Users\saida\.vscode\extensions\redhat.java-1.55.0-win32-x64\jre\21.0.11-win32-x86_64\bin\jli.dll
0x00007ffb10a10000 - 0x00007ffb10a2e000 	c:\Users\saida\.vscode\extensions\redhat.java-1.55.0-win32-x64\jre\21.0.11-win32-x86_64\bin\VCRUNTIME140.dll
0x00007ffb39710000 - 0x00007ffb398d4000 	C:\WINDOWS\System32\USER32.dll
0x00007ffb39560000 - 0x00007ffb39587000 	C:\WINDOWS\System32\win32u.dll
0x00007ffb17380000 - 0x00007ffb17613000 	C:\WINDOWS\WinSxS\amd64_microsoft.windows.common-controls_6595b64144ccf1df_6.0.26100.5074_none_3e0d6f78e32fd63f\COMCTL32.dll
0x00007ffb3a850000 - 0x00007ffb3a87b000 	C:\WINDOWS\System32\GDI32.dll
0x00007ffb3b4a0000 - 0x00007ffb3b549000 	C:\WINDOWS\System32\msvcrt.dll
0x00007ffb38950000 - 0x00007ffb38a7d000 	C:\WINDOWS\System32\gdi32full.dll
0x00007ffb38b40000 - 0x00007ffb38be3000 	C:\WINDOWS\System32\msvcp_win.dll
0x00007ffb398e0000 - 0x00007ffb3990f000 	C:\WINDOWS\System32\IMM32.DLL
0x00007ffb32520000 - 0x00007ffb3252c000 	c:\Users\saida\.vscode\extensions\redhat.java-1.55.0-win32-x64\jre\21.0.11-win32-x86_64\bin\vcruntime140_1.dll
0x00007ffae0150000 - 0x00007ffae01dd000 	c:\Users\saida\.vscode\extensions\redhat.java-1.55.0-win32-x64\jre\21.0.11-win32-x86_64\bin\msvcp140.dll
0x00007ffa584a0000 - 0x00007ffa59242000 	c:\Users\saida\.vscode\extensions\redhat.java-1.55.0-win32-x64\jre\21.0.11-win32-x86_64\bin\server\jvm.dll
0x00007ffb3ac90000 - 0x00007ffb3ad44000 	C:\WINDOWS\System32\ADVAPI32.dll
0x00007ffb39590000 - 0x00007ffb39636000 	C:\WINDOWS\System32\sechost.dll
0x00007ffb39ad0000 - 0x00007ffb39be8000 	C:\WINDOWS\System32\RPCRT4.dll
0x00007ffb3a670000 - 0x00007ffb3a6e4000 	C:\WINDOWS\System32\WS2_32.dll
0x00007ffb387a0000 - 0x00007ffb387fe000 	C:\WINDOWS\SYSTEM32\POWRPROF.dll
0x00007ffb2f1b0000 - 0x00007ffb2f1e5000 	C:\WINDOWS\SYSTEM32\WINMM.dll
0x00007ffb28e60000 - 0x00007ffb28e6b000 	C:\WINDOWS\SYSTEM32\VERSION.dll
0x00007ffb38780000 - 0x00007ffb38794000 	C:\WINDOWS\SYSTEM32\UMPDC.dll
0x00007ffb37730000 - 0x00007ffb3774b000 	C:\WINDOWS\SYSTEM32\kernel.appcore.dll
0x00007ffb26e80000 - 0x00007ffb26e8a000 	c:\Users\saida\.vscode\extensions\redhat.java-1.55.0-win32-x64\jre\21.0.11-win32-x86_64\bin\jimage.dll
0x00007ffb36110000 - 0x00007ffb36352000 	C:\WINDOWS\SYSTEM32\DBGHELP.DLL
0x00007ffb3a910000 - 0x00007ffb3ac8b000 	C:\WINDOWS\System32\combase.dll
0x00007ffb39df0000 - 0x00007ffb39ec7000 	C:\WINDOWS\System32\OLEAUT32.dll
0x00007ffb16130000 - 0x00007ffb1616d000 	C:\WINDOWS\SYSTEM32\dbgcore.DLL
0x00007ffb39160000 - 0x00007ffb391f9000 	C:\WINDOWS\System32\bcryptPrimitives.dll
0x00007ffb18c80000 - 0x00007ffb18c8f000 	c:\Users\saida\.vscode\extensions\redhat.java-1.55.0-win32-x64\jre\21.0.11-win32-x86_64\bin\instrument.dll
0x00007ffb109f0000 - 0x00007ffb10a10000 	c:\Users\saida\.vscode\extensions\redhat.java-1.55.0-win32-x64\jre\21.0.11-win32-x86_64\bin\java.dll
0x00007ffb3ad50000 - 0x00007ffb3b49d000 	C:\WINDOWS\System32\SHELL32.dll
0x00007ffb38bf0000 - 0x00007ffb38d5c000 	C:\WINDOWS\System32\wintypes.dll
0x00007ffb36580000 - 0x00007ffb36dd9000 	C:\WINDOWS\SYSTEM32\windows.storage.dll
0x00007ffb3b680000 - 0x00007ffb3b770000 	C:\WINDOWS\System32\SHCORE.dll
0x00007ffb39a60000 - 0x00007ffb39ac2000 	C:\WINDOWS\System32\shlwapi.dll
0x00007ffb38870000 - 0x00007ffb38899000 	C:\WINDOWS\SYSTEM32\profapi.dll
0x00007ffb105a0000 - 0x00007ffb105b8000 	c:\Users\saida\.vscode\extensions\redhat.java-1.55.0-win32-x64\jre\21.0.11-win32-x86_64\bin\zip.dll
0x00007ffb186c0000 - 0x00007ffb186d0000 	C:\Users\saida\.vscode\extensions\redhat.java-1.55.0-win32-x64\jre\21.0.11-win32-x86_64\bin\net.dll
0x00007ffb31d40000 - 0x00007ffb31e5f000 	C:\WINDOWS\SYSTEM32\WINHTTP.dll
0x00007ffb37cb0000 - 0x00007ffb37d1b000 	C:\WINDOWS\system32\mswsock.dll
0x00007ffaf7860000 - 0x00007ffaf7876000 	C:\Users\saida\.vscode\extensions\redhat.java-1.55.0-win32-x64\jre\21.0.11-win32-x86_64\bin\nio.dll
0x00007ffb143f0000 - 0x00007ffb14400000 	c:\Users\saida\.vscode\extensions\redhat.java-1.55.0-win32-x64\jre\21.0.11-win32-x86_64\bin\verify.dll
0x00007ffae4fd0000 - 0x00007ffae5015000 	C:\Users\saida\AppData\Roaming\Code\User\globalStorage\redhat.java\1.55.0\config_win\org.eclipse.equinox.launcher\org.eclipse.equinox.launcher.win32.win32.x86_64_1.3.100.v20260613-0559\eclipse_11924.dll
0x00007ffb3a4d0000 - 0x00007ffb3a668000 	C:\WINDOWS\System32\ole32.dll
0x00007ffb37f50000 - 0x00007ffb37f6b000 	C:\WINDOWS\SYSTEM32\CRYPTSP.dll
0x00007ffb37690000 - 0x00007ffb376cb000 	C:\WINDOWS\system32\rsaenh.dll
0x00007ffb37d50000 - 0x00007ffb37d7b000 	C:\WINDOWS\SYSTEM32\USERENV.dll
0x00007ffb38840000 - 0x00007ffb38866000 	C:\WINDOWS\SYSTEM32\bcrypt.dll
0x00007ffb37f70000 - 0x00007ffb37f7c000 	C:\WINDOWS\SYSTEM32\CRYPTBASE.dll
0x00007ffb37260000 - 0x00007ffb37294000 	C:\WINDOWS\SYSTEM32\IPHLPAPI.DLL
0x00007ffb3a900000 - 0x00007ffb3a90a000 	C:\WINDOWS\System32\NSI.dll
0x00007ffae2010000 - 0x00007ffae2059000 	C:\Users\saida\AppData\Local\Temp\jna-109198744\jna11672040719518285850.dll
0x00007ffb3a4c0000 - 0x00007ffb3a4c8000 	C:\WINDOWS\System32\PSAPI.DLL
0x00007ffb31f00000 - 0x00007ffb31f1e000 	C:\WINDOWS\SYSTEM32\dhcpcsvc6.DLL
0x00007ffb31e70000 - 0x00007ffb31e93000 	C:\WINDOWS\SYSTEM32\dhcpcsvc.DLL
0x00007ffb37850000 - 0x00007ffb37886000 	C:\WINDOWS\SYSTEM32\ntmarta.dll

JVMTI agents:
c:\Users\saida\.vscode\extensions\redhat.java-1.55.0-win32-x64\lombok\lombok-1.18.39-4050.jar path:c:\Users\saida\.vscode\extensions\redhat.java-1.55.0-win32-x64\jre\21.0.11-win32-x86_64\bin\instrument.dll, loaded, initialized, instrumentlib options:none

dbghelp: loaded successfully - version: 4.0.5 - missing functions: none
symbol engine: initialized successfully - sym options: 0x614 - pdb path: .;c:\Users\saida\.vscode\extensions\redhat.java-1.55.0-win32-x64\jre\21.0.11-win32-x86_64\bin;C:\WINDOWS\SYSTEM32;C:\WINDOWS\WinSxS\amd64_microsoft.windows.common-controls_6595b64144ccf1df_6.0.26100.5074_none_3e0d6f78e32fd63f;c:\Users\saida\.vscode\extensions\redhat.java-1.55.0-win32-x64\jre\21.0.11-win32-x86_64\bin\server;C:\Users\saida\AppData\Roaming\Code\User\globalStorage\redhat.java\1.55.0\config_win\org.eclipse.equinox.launcher\org.eclipse.equinox.launcher.win32.win32.x86_64_1.3.100.v20260613-0559;C:\Users\saida\AppData\Local\Temp\jna-109198744

VM Arguments:
jvm_args: --add-modules=ALL-SYSTEM --add-opens=java.base/java.util=ALL-UNNAMED --add-opens=java.base/java.lang=ALL-UNNAMED --add-opens=java.base/sun.nio.fs=ALL-UNNAMED -Declipse.application=org.eclipse.jdt.ls.core.id1 -Dosgi.bundles.defaultStartLevel=4 -Declipse.product=org.eclipse.jdt.ls.core.product -Djava.import.generatesMetadataFilesAtProjectRoot=false -DDetectVMInstallationsJob.disabled=true -Dfile.encoding=utf8 -XX:+UseParallelGC -XX:GCTimeRatio=4 -XX:AdaptiveSizePolicyWeight=90 -Dsun.zip.disableMemoryMapping=true -Xmx2G -Xms100m -Xlog:disable -javaagent:c:\Users\saida\.vscode\extensions\redhat.java-1.55.0-win32-x64\lombok\lombok-1.18.39-4050.jar -XX:+HeapDumpOnOutOfMemoryError -XX:HeapDumpPath=c:\Users\saida\AppData\Roaming\Code\User\workspaceStorage\19bd9372ae1d924cd7bbf513b81384f7\redhat.java -Daether.dependencyCollector.impl=bf 
java_command: c:\Users\saida\.vscode\extensions\redhat.java-1.55.0-win32-x64\server\plugins\org.eclipse.equinox.launcher_1.7.200.v20260619-2039.jar -configuration c:\Users\saida\AppData\Roaming\Code\User\globalStorage\redhat.java\1.55.0\config_win -data c:\Users\saida\AppData\Roaming\Code\User\workspaceStorage\19bd9372ae1d924cd7bbf513b81384f7\redhat.java\jdt_ws --pipe=\\.\pipe\lsp-d9ff236b92d45fc9c11fbfc82bcde82c-sock
java_class_path (initial): c:\Users\saida\.vscode\extensions\redhat.java-1.55.0-win32-x64\server\plugins\org.eclipse.equinox.launcher_1.7.200.v20260619-2039.jar
Launcher Type: SUN_STANDARD

[Global flags]
    uintx AdaptiveSizePolicyWeight                 = 90                                        {product} {command line}
     intx CICompilerCount                          = 4                                         {product} {ergonomic}
    uintx GCTimeRatio                              = 4                                         {product} {command line}
     bool HeapDumpOnOutOfMemoryError               = true                                   {manageable} {command line}
    ccstr HeapDumpPath                             = c:\Users\saida\AppData\Roaming\Code\User\workspaceStorage\19bd9372ae1d924cd7bbf513b81384f7\redhat.java         {manageable} {command line}
   size_t InitialHeapSize                          = 104857600                                 {product} {command line}
   size_t MaxHeapSize                              = 2147483648                                {product} {command line}
   size_t MaxNewSize                               = 715653120                                 {product} {ergonomic}
   size_t MinHeapDeltaBytes                        = 524288                                    {product} {ergonomic}
   size_t MinHeapSize                              = 104857600                                 {product} {command line}
   size_t NewSize                                  = 34603008                                  {product} {ergonomic}
    uintx NonNMethodCodeHeapSize                   = 5839372                                {pd product} {ergonomic}
    uintx NonProfiledCodeHeapSize                  = 122909434                              {pd product} {ergonomic}
   size_t OldSize                                  = 70254592                                  {product} {ergonomic}
    uintx ProfiledCodeHeapSize                     = 122909434                              {pd product} {ergonomic}
    uintx ReservedCodeCacheSize                    = 251658240                              {pd product} {ergonomic}
     bool SegmentedCodeCache                       = true                                      {product} {ergonomic}
   size_t SoftMaxHeapSize                          = 2147483648                             {manageable} {ergonomic}
     bool UseCompressedOops                        = true                           {product lp64_product} {ergonomic}
     bool UseLargePagesIndividualAllocation        = false                                  {pd product} {ergonomic}
     bool UseParallelGC                            = true                                      {product} {command line}

Logging:
Log output configuration:
 #0: stdout all=off uptime,level,tags foldmultilines=false
 #1: stderr all=off uptime,level,tags foldmultilines=false

Release file:
JAVA_VERSION="21.0.11" 
MODULES="java.base java.compiler java.datatransfer java.xml java.prefs java.desktop java.instrument java.logging java.management java.security.sasl java.naming java.rmi java.management.rmi java.net.http java.scripting java.security.jgss java.transaction.xa java.sql java.sql.rowset java.xml.crypto java.se java.smartcardio jdk.accessibility jdk.internal.jvmstat jdk.attach jdk.charsets jdk.internal.opt jdk.zipfs jdk.compiler jdk.crypto.ec jdk.crypto.cryptoki jdk.crypto.mscapi jdk.dynalink jdk.internal.ed jdk.editpad jdk.hotspot.agent jdk.httpserver jdk.internal.le jdk.internal.vm.ci jdk.internal.vm.compiler jdk.internal.vm.compiler.management jdk.jartool jdk.javadoc jdk.jcmd jdk.management jdk.management.agent jdk.jconsole jdk.jdeps jdk.jdwp.agent jdk.jdi jdk.jfr jdk.jshell jdk.jsobject jdk.jstatd jdk.localedata jdk.management.jfr jdk.naming.dns jdk.naming.rmi jdk.net jdk.nio.mapmode jdk.random jdk.sctp jdk.security.auth jdk.security.jgss jdk.unsupported jdk.unsupported.desktop jdk.xml.dom" 

Environment Variables:
JAVA_HOME=C:\Program Files\Eclipse Adoptium\jdk-21.0.11.10-hotspot\
PATH=C:\Program Files\Eclipse Adoptium\jdk-21.0.11.10-hotspot\bin;C:\Users\saida\AppData\Local\Programs\Python\Python37\Scripts\;C:\Users\saida\AppData\Local\Programs\Python\Python37\;C:\protoc\bin;C:\WINDOWS\system32;C:\WINDOWS;C:\WINDOWS\System32\Wbem;C:\WINDOWS\System32\WindowsPowerShell\v1.0\;C:\WINDOWS\System32\OpenSSH\;C:\RealTimeObjectDetection\Tensorflow\bin\protoc.exe;C:\Program Files\HP\HP One Agent;C:\Program Files\Docker\Docker\resources\bin;C:\Program Files\nodejs\;C:\Users\saida\Downloads\apache-maven-3.9.10-bin\apache-maven-3.9.10\bin;C:\Users\saida\Downloads\ffmpeg-8.0.1-full_build\bin;C:\Users\saida\.local\bin;C:\Users\saida\.local\bin;C:\Users\saida\AppData\Local\Programs\Python\Python310\Scripts\;C:\Users\saida\AppData\Local\Programs\Python\Python310\;C:\Users\saida\AppData\Local\Programs\Python\Python38\Scripts\;C:\Users\saida\AppData\Local\Programs\Python\Python38\;D:\oracle\product\10.2.0\db_1\bin;C:\Program Files\Common Files\Oracle\Java\javapath;C:\WINDOWS\system32;C:\WINDOWS;C:\WINDOWS\System32\Wbem;C:\WINDOWS\System32\WindowsPowerShell\v1.0\;C:\WINDOWS\System32\OpenSSH\;C:\Program Files\nodejs\node_modules;C:\Program Files\Java\jdk-18.0.2.1;C:\Program Files\nodejs\;C:\Program Files\HP\HP One Agent;C:\php-8.3.9;C:\Users\saida\AppData\Local\Programs\Python\Python312\python.exe;C:\Users\saida\AppData\Local\Programs\Python\Python312\Scripts;C:\Users\saida\AppData\Local\Programs\Python\Python312;C:\Program Files\Git\cmd;C:\Users\saida\RealTimeObjectDetection\Tensorflow\labelImg;C:\Windows\System32;C:\Users\saida\AppData\Local\Microsoft\WindowsApps;C:\Users\saida\AppData\Local\Programs\Python\Python312\Scripts\pip.exe;C:\Users\saida\AppData\Local\GitHubDesktop\bin;C:\Python37\;C:\Python37\Scripts\;C:\protoc\bin;C:\Users\saida\AppData\Local\Microsoft\WindowsApps;C:\RealTimeObjectDetection\Tensorflow\bin\protoc.exe;C:\Users\saida\AppData\Roaming\npm;C:\Users\saida\Downloads\apache-maven-3.9.10-bin\apache-maven-3.9.10\bin;C:\Users\saida\AppData\Local\Programs\Microsoft VS Code\bin;C:\Users\saida\Downloads\ffmpeg-8.0.1-full_build\bin;C:\Users\saida\AppData\Local\Microsoft\WinGet\Packages\Ngrok.Ngrok_Microsoft.Winget.Source_8wekyb3d8bbwe;C:\Users\saida\AppData\Local\Programs\Antigravity\bin;C:\Users\saida\AppData\Local\Programs\Antigravity IDE\bin
USERNAME=saida
OS=Windows_NT
PROCESSOR_IDENTIFIER=Intel64 Family 6 Model 140 Stepping 1, GenuineIntel
TMP=C:\Users\saida\AppData\Local\Temp
TEMP=C:\Users\saida\AppData\Local\Temp




Periodic native trim disabled

---------------  S Y S T E M  ---------------

OS:
 Windows 11 , 64 bit Build 26100 (10.0.26100.5074)
OS uptime: 0 days 13:18 hours
Hyper-V role detected

CPU: total 8 (initial active 8) (4 cores per cpu, 2 threads per core) family 6 model 140 stepping 1 microcode 0x9a, cx8, cmov, fxsr, ht, mmx, 3dnowpref, sse, sse2, sse3, ssse3, sse4.1, sse4.2, popcnt, lzcnt, tsc, tscinvbit, avx, avx2, aes, erms, clmul, bmi1, bmi2, adx, avx512f, avx512dq, avx512cd, avx512bw, avx512vl, sha, fma, vzeroupper, avx512_vpopcntdq, avx512_vpclmulqdq, avx512_vaes, avx512_vnni, clflush, clflushopt, clwb, avx512_vbmi2, avx512_vbmi, hv, rdtscp, rdpid, fsrm, gfni, avx512_bitalg, f16c, cet_ibt, cet_ss, avx512_ifma
Processor Information for processor 0
  Max Mhz: 1997, Current Mhz: 1997, Mhz Limit: 1997
Processor Information for processor 1
  Max Mhz: 1997, Current Mhz: 1997, Mhz Limit: 1997
Processor Information for processor 2
  Max Mhz: 1997, Current Mhz: 1997, Mhz Limit: 1997
Processor Information for processor 3
  Max Mhz: 1997, Current Mhz: 1997, Mhz Limit: 1997
Processor Information for processor 4
  Max Mhz: 1997, Current Mhz: 1997, Mhz Limit: 1997
Processor Information for processor 5
  Max Mhz: 1997, Current Mhz: 998, Mhz Limit: 1997
Processor Information for processor 6
  Max Mhz: 1997, Current Mhz: 1997, Mhz Limit: 1997
Processor Information for processor 7
  Max Mhz: 1997, Current Mhz: 1997, Mhz Limit: 1997

Memory: 4k page, system-wide physical 7959M (465M free)
TotalPageFile size 23820M (AvailPageFile size 1M)
current process WorkingSet (physical memory assigned to process): 694M, peak: 844M
current process commit charge ("private bytes"): 1025M, peak: 1026M

vm_info: OpenJDK 64-Bit Server VM (21.0.11+10-LTS) for windows-amd64 JRE (21.0.11+10-LTS), built on 2026-04-21T00:00:00Z by "admin" with MS VC++ 17.12 (VS2022)

END.
