#
# There is insufficient memory for the Java Runtime Environment to continue.
# Native memory allocation (malloc) failed to allocate 763856 bytes. Error detail: Chunk::new
# Possible reasons:
#   The system is out of physical RAM or swap space
#   This process is running with CompressedOops enabled, and the Java Heap may be blocking the growth of the native heap
# Possible solutions:
#   Reduce memory load on the system
#   Increase physical memory or swap space
#   Check if swap backing store is full
#   Decrease Java heap size (-Xmx/-Xms)
#   Decrease number of Java threads
#   Decrease Java thread stack sizes (-Xss)
#   Set larger code cache with -XX:ReservedCodeCacheSize=
#   JVM is running with Unscaled Compressed Oops mode in which the Java heap is
#     placed in the first 4GB address space. The Java Heap base address is the
#     maximum limit for the native heap growth. Please use -XX:HeapBaseMinAddress
#     to set the Java Heap base and to place the Java Heap above 4GB virtual address.
# This output file may be truncated or incomplete.
#
#  Out of Memory Error (arena.cpp:168), pid=30292, tid=17132
#
# JRE version: OpenJDK Runtime Environment Temurin-21.0.11+10 (21.0.11+10) (build 21.0.11+10-LTS)
# Java VM: OpenJDK 64-Bit Server VM Temurin-21.0.11+10 (21.0.11+10-LTS, mixed mode, sharing, tiered, compressed oops, compressed class ptrs, parallel gc, windows-amd64)
# No core dump will be written. Minidumps are not enabled by default on client versions of Windows
#

---------------  S U M M A R Y ------------

Command Line: --add-modules=ALL-SYSTEM --add-opens=java.base/java.util=ALL-UNNAMED --add-opens=java.base/java.lang=ALL-UNNAMED --add-opens=java.base/sun.nio.fs=ALL-UNNAMED -Declipse.application=org.eclipse.jdt.ls.core.id1 -Dosgi.bundles.defaultStartLevel=4 -Declipse.product=org.eclipse.jdt.ls.core.product -Djava.import.generatesMetadataFilesAtProjectRoot=false -DDetectVMInstallationsJob.disabled=true -Dfile.encoding=utf8 -XX:+UseParallelGC -XX:GCTimeRatio=4 -XX:AdaptiveSizePolicyWeight=90 -Dsun.zip.disableMemoryMapping=true -Xmx2G -Xms100m -Xlog:disable -javaagent:c:\Users\saida\.vscode\extensions\redhat.java-1.55.0-win32-x64\lombok\lombok-1.18.39-4050.jar -XX:+HeapDumpOnOutOfMemoryError -XX:HeapDumpPath=c:\Users\saida\AppData\Roaming\Code\User\workspaceStorage\19bd9372ae1d924cd7bbf513b81384f7\redhat.java -Daether.dependencyCollector.impl=bf c:\Users\saida\.vscode\extensions\redhat.java-1.55.0-win32-x64\server\plugins\org.eclipse.equinox.launcher_1.7.200.v20260619-2039.jar -configuration c:\Users\saida\AppData\Roaming\Code\User\globalStorage\redhat.java\1.55.0\config_win -data c:\Users\saida\AppData\Roaming\Code\User\workspaceStorage\19bd9372ae1d924cd7bbf513b81384f7\redhat.java\jdt_ws --pipe=\\.\pipe\lsp-af61a493d47075a2654a6f8bd0d5a0b5-sock

Host: 11th Gen Intel(R) Core(TM) i3-1125G4 @ 2.00GHz, 8 cores, 7G,  Windows 11 , 64 bit Build 26100 (10.0.26100.5074)
Time: Fri Jul 24 16:16:24 2026 India Standard Time elapsed time: 50.610174 seconds (0d 0h 0m 50s)

---------------  T H R E A D  ---------------

Current thread (0x00000205a14d5420):  JavaThread "C2 CompilerThread0" daemon [_thread_in_native, id=17132, stack(0x000000464ab00000,0x000000464ac00000) (1024K)]


Current CompileTask:
C2:50611 7113       4       org.eclipse.osgi.internal.serviceregistry.ServiceRegistry::notifyHooksPrivileged (57 bytes)

Stack: [0x000000464ab00000,0x000000464ac00000]
Native frames: (J=compiled Java code, j=interpreted, Vv=VM code, C=native code)
V  [jvm.dll+0x6d7e19]
V  [jvm.dll+0x8b5096]
V  [jvm.dll+0x8b764e]
V  [jvm.dll+0x8b7d33]
V  [jvm.dll+0x284596]
V  [jvm.dll+0xc685d]
V  [jvm.dll+0xc6da1]
V  [jvm.dll+0x3bed31]
V  [jvm.dll+0x38b2b2]
V  [jvm.dll+0x38a6fa]
V  [jvm.dll+0x24c700]
V  [jvm.dll+0x24bce0]
V  [jvm.dll+0x1cb4ae]
V  [jvm.dll+0x25baad]
V  [jvm.dll+0x25a03a]
V  [jvm.dll+0x3f868e]
V  [jvm.dll+0x85fb0d]
V  [jvm.dll+0x6d664d]
C  [ucrtbase.dll+0x37b0]
C  [KERNEL32.DLL+0x2e8d7]
C  [ntdll.dll+0x8d9c]


---------------  P R O C E S S  ---------------

Threads class SMR info:
_java_thread_list=0x00000205eb15be60, length=28, elements={
0x0000020588681000, 0x000002058aafd730, 0x000002058aafe700, 0x00000205a14c1200,
0x00000205a14c2e70, 0x00000205a14c6f40, 0x00000205a14cb040, 0x00000205a14d5420,
0x00000205e80404a0, 0x00000205e81cac30, 0x00000205e83063b0, 0x00000205e89ee550,
0x00000205e89ff5f0, 0x00000205e82faa10, 0x00000205e8aeadc0, 0x00000205e9178150,
0x00000205e879b010, 0x00000205e82de470, 0x00000205e805db30, 0x00000205e8060fb0,
0x00000205e805fc00, 0x00000205e805e1c0, 0x00000205e805e850, 0x00000205ea6c53e0,
0x00000205ea6c5a70, 0x00000205ea6c25f0, 0x00000205ea6c46c0, 0x00000205ea6c6100
}

Java Threads: ( => current thread )
  0x0000020588681000 JavaThread "main"                              [_thread_blocked, id=30172, stack(0x000000464a100000,0x000000464a200000) (1024K)]
  0x000002058aafd730 JavaThread "Reference Handler"          daemon [_thread_blocked, id=29068, stack(0x000000464a500000,0x000000464a600000) (1024K)]
  0x000002058aafe700 JavaThread "Finalizer"                  daemon [_thread_blocked, id=26976, stack(0x000000464a600000,0x000000464a700000) (1024K)]
  0x00000205a14c1200 JavaThread "Signal Dispatcher"          daemon [_thread_blocked, id=31252, stack(0x000000464a700000,0x000000464a800000) (1024K)]
  0x00000205a14c2e70 JavaThread "Attach Listener"            daemon [_thread_blocked, id=30840, stack(0x000000464a800000,0x000000464a900000) (1024K)]
  0x00000205a14c6f40 JavaThread "Service Thread"             daemon [_thread_blocked, id=28948, stack(0x000000464a900000,0x000000464aa00000) (1024K)]
  0x00000205a14cb040 JavaThread "Monitor Deflation Thread"   daemon [_thread_blocked, id=30476, stack(0x000000464aa00000,0x000000464ab00000) (1024K)]
=>0x00000205a14d5420 JavaThread "C2 CompilerThread0"         daemon [_thread_in_native, id=17132, stack(0x000000464ab00000,0x000000464ac00000) (1024K)]
  0x00000205e80404a0 JavaThread "C1 CompilerThread0"         daemon [_thread_blocked, id=25684, stack(0x000000464ac00000,0x000000464ad00000) (1024K)]
  0x00000205e81cac30 JavaThread "Common-Cleaner"             daemon [_thread_blocked, id=30384, stack(0x000000464ad00000,0x000000464ae00000) (1024K)]
  0x00000205e83063b0 JavaThread "Notification Thread"        daemon [_thread_blocked, id=32480, stack(0x000000464ae00000,0x000000464af00000) (1024K)]
  0x00000205e89ee550 JavaThread "Active Thread: Equinox Container: bcf7eb44-9507-4557-a4b2-c5834862bb2a"        [_thread_blocked, id=29512, stack(0x000000464b500000,0x000000464b600000) (1024K)]
  0x00000205e89ff5f0 JavaThread "Refresh Thread: Equinox Container: bcf7eb44-9507-4557-a4b2-c5834862bb2a" daemon [_thread_blocked, id=33452, stack(0x000000464b700000,0x000000464b800000) (1024K)]
  0x00000205e82faa10 JavaThread "Framework Event Dispatcher: Equinox Container: bcf7eb44-9507-4557-a4b2-c5834862bb2a" daemon [_thread_blocked, id=34304, stack(0x000000464b800000,0x000000464b900000) (1024K)]
  0x00000205e8aeadc0 JavaThread "Start Level: Equinox Container: bcf7eb44-9507-4557-a4b2-c5834862bb2a" daemon [_thread_blocked, id=33084, stack(0x000000464b900000,0x000000464ba00000) (1024K)]
  0x00000205e9178150 JavaThread "Bundle File Closer"         daemon [_thread_blocked, id=33168, stack(0x000000464bb00000,0x000000464bc00000) (1024K)]
  0x00000205e879b010 JavaThread "SCR Component Actor"        daemon [_thread_blocked, id=32688, stack(0x000000464ba00000,0x000000464bb00000) (1024K)]
  0x00000205e82de470 JavaThread "Worker-JM"                         [_thread_blocked, id=29360, stack(0x000000464bc00000,0x000000464bd00000) (1024K)]
  0x00000205e805db30 JavaThread "JNA Cleaner"                daemon [_thread_blocked, id=33340, stack(0x0000004649e00000,0x0000004649f00000) (1024K)]
  0x00000205e8060fb0 JavaThread "Worker-0"                          [_thread_blocked, id=29120, stack(0x000000464bd00000,0x000000464be00000) (1024K)]
  0x00000205e805fc00 JavaThread "Worker-1: Refreshing workspace"        [_thread_in_native, id=24544, stack(0x000000464be00000,0x000000464bf00000) (1024K)]
  0x00000205e805e1c0 JavaThread "Worker-2"                          [_thread_blocked, id=34828, stack(0x000000464bf00000,0x000000464c000000) (1024K)]
  0x00000205e805e850 JavaThread "Worker-3"                          [_thread_blocked, id=35256, stack(0x000000464c000000,0x000000464c100000) (1024K)]
  0x00000205ea6c53e0 JavaThread "Java indexing"              daemon [_thread_blocked, id=35460, stack(0x000000464c100000,0x000000464c200000) (1024K)]
  0x00000205ea6c5a70 JavaThread "Worker-4: Initialize After Load"        [_thread_in_native, id=35680, stack(0x000000464c200000,0x000000464c300000) (1024K)]
  0x00000205ea6c25f0 JavaThread "Worker-5"                          [_thread_blocked, id=23688, stack(0x000000464c500000,0x000000464c600000) (1024K)]
  0x00000205ea6c46c0 JavaThread "pool-2-thread-1"                   [_thread_blocked, id=24656, stack(0x000000464c600000,0x000000464c700000) (1024K)]
  0x00000205ea6c6100 JavaThread "Framework stop - Equinox Container: bcf7eb44-9507-4557-a4b2-c5834862bb2a"        [_thread_blocked, id=30920, stack(0x000000464c700000,0x000000464c800000) (1024K)]
Total: 28

Other Threads:
  0x00000205a14b35f0 VMThread "VM Thread"                           [id=15112, stack(0x000000464a400000,0x000000464a500000) (1024K)]
  0x000002058aaba280 WatcherThread "VM Periodic Task Thread"        [id=33492, stack(0x000000464a300000,0x000000464a400000) (1024K)]
  0x000002058aa6d680 WorkerThread "GC Thread#0"                     [id=32740, stack(0x000000464a200000,0x000000464a300000) (1024K)]
  0x00000205e859dd90 WorkerThread "GC Thread#1"                     [id=32252, stack(0x000000464af00000,0x000000464b000000) (1024K)]
  0x00000205e859e140 WorkerThread "GC Thread#2"                     [id=20244, stack(0x000000464b000000,0x000000464b100000) (1024K)]
  0x00000205e8322b30 WorkerThread "GC Thread#3"                     [id=18452, stack(0x000000464b100000,0x000000464b200000) (1024K)]
  0x00000205e8322ee0 WorkerThread "GC Thread#4"                     [id=10792, stack(0x000000464b200000,0x000000464b300000) (1024K)]
  0x00000205e8323290 WorkerThread "GC Thread#5"                     [id=9256, stack(0x000000464b300000,0x000000464b400000) (1024K)]
  0x00000205e8981060 WorkerThread "GC Thread#6"                     [id=16716, stack(0x000000464b400000,0x000000464b500000) (1024K)]
  0x00000205e8982680 WorkerThread "GC Thread#7"                     [id=30392, stack(0x000000464b600000,0x000000464b700000) (1024K)]
Total: 10

Threads with active compile tasks:
C2 CompilerThread0  50697 7113       4       org.eclipse.osgi.internal.serviceregistry.ServiceRegistry::notifyHooksPrivileged (57 bytes)
C1 CompilerThread0  50697 7241       2       org.eclipse.jdt.ls.core.internal.filesystem.JLSFile::childNames (166 bytes)
Total: 2

VM state: not at safepoint (normal execution)

VM Mutex/Monitor currently owned by a thread: None

Heap address: 0x0000000080000000, size: 2048 MB, Compressed Oops mode: 32-bit

CDS archive(s) mapped at: [0x00000205a2000000-0x00000205a2ba0000-0x00000205a2ba0000), size 12189696, SharedBaseAddress: 0x00000205a2000000, ArchiveRelocationMode: 1.
Compressed class space mapped at: 0x00000205a3000000-0x00000205e3000000, reserved size: 1073741824
Narrow klass base: 0x00000205a2000000, Narrow klass shift: 0, Narrow klass range: 0x100000000

GC Precious Log:
 CardTable entry size: 512
 CPUs: 8 total, 8 available
 Memory: 7959M
 Large Page Support: Disabled
 NUMA Support: Disabled
 Compressed Oops: Enabled (32-bit)
 Alignments: Space 512K, Generation 512K, Heap 2M
 Heap Min Capacity: 100M
 Heap Initial Capacity: 100M
 Heap Max Capacity: 2G
 Pre-touch: Disabled
 Parallel Workers: 8

Heap:
 PSYoungGen      total 22528K, used 17257K [0x00000000d5580000, 0x00000000d6f80000, 0x0000000100000000)
  eden space 19456K, 73% used [0x00000000d5580000,0x00000000d63716a8,0x00000000d6880000)
  from space 3072K, 97% used [0x00000000d6880000,0x00000000d6b68f98,0x00000000d6b80000)
  to   space 3584K, 0% used [0x00000000d6c00000,0x00000000d6c00000,0x00000000d6f80000)
 ParOldGen       total 68608K, used 27466K [0x0000000080000000, 0x0000000084300000, 0x00000000d5580000)
  object space 68608K, 40% used [0x0000000080000000,0x0000000081ad2840,0x0000000084300000)
 Metaspace       used 44863K, committed 46080K, reserved 1114112K
  class space    used 4779K, committed 5312K, reserved 1048576K

Card table byte_map: [0x000002058a3e0000,0x000002058a7f0000] _byte_map_base: 0x0000020589fe0000

Marking Bits: (ParMarkBitMap*) 0x00007fff6ef84460
 Begin Bits: [0x000002059cef0000, 0x000002059eef0000)
 End Bits:   [0x000002059eef0000, 0x00000205a0ef0000)

Polling page: 0x0000020588c00000

Metaspace:

Usage:
  Non-class:     39.14 MB used.
      Class:      4.67 MB used.
       Both:     43.81 MB used.

Virtual space:
  Non-class space:       64.00 MB reserved,      39.81 MB ( 62%) committed,  1 nodes.
      Class space:        1.00 GB reserved,       5.19 MB ( <1%) committed,  1 nodes.
             Both:        1.06 GB reserved,      45.00 MB (  4%) committed. 

Chunk freelists:
   Non-Class:  7.80 MB
       Class:  10.84 MB
        Both:  18.64 MB

MaxMetaspaceSize: unlimited
CompressedClassSpaceSize: 1.00 GB
Initial GC threshold: 21.00 MB
Current GC threshold: 58.38 MB
CDS: on
 - commit_granule_bytes: 65536.
 - commit_granule_words: 8192.
 - virtual_space_node_default_size: 8388608.
 - enlarge_chunks_in_place: 1.
 - use_allocation_guard: 0.


Internal statistics:

num_allocs_failed_limit: 6.
num_arena_births: 958.
num_arena_deaths: 14.
num_vsnodes_births: 2.
num_vsnodes_deaths: 0.
num_space_committed: 720.
num_space_uncommitted: 0.
num_chunks_returned_to_freelist: 20.
num_chunks_taken_from_freelist: 2983.
num_chunk_merges: 8.
num_chunk_splits: 1864.
num_chunks_enlarged: 1080.
num_inconsistent_stats: 0.

CodeHeap 'non-profiled nmethods': size=120000Kb used=3291Kb max_used=3291Kb free=116708Kb
 bounds [0x0000020595710000, 0x0000020595a50000, 0x000002059cc40000]
CodeHeap 'profiled nmethods': size=120000Kb used=14020Kb max_used=14020Kb free=105979Kb
 bounds [0x000002058dc40000, 0x000002058ea00000, 0x0000020595170000]
CodeHeap 'non-nmethods': size=5760Kb used=1367Kb max_used=1416Kb free=4392Kb
 bounds [0x0000020595170000, 0x00000205953e0000, 0x0000020595710000]
CodeCache: size=245760Kb, used=18678Kb, max_used=18727Kb, free=227079Kb
 total_blobs=7242, nmethods=6589, adapters=559, full_count=0
Compilation: enabled, stopped_count=0, restarted_count=0

Compilation events (20 events):
Event: 50.506 Thread 0x00000205e80404a0 7227       2       java.io.File::length (33 bytes)
Event: 50.507 Thread 0x00000205e80404a0 nmethod 7227 0x000002058e9e6d90 code [0x000002058e9e6f40, 0x000002058e9e70d8]
Event: 50.507 Thread 0x00000205e80404a0 7228   !   2       java.io.WinNTFileSystem::getLength (27 bytes)
Event: 50.507 Thread 0x00000205e80404a0 nmethod 7228 0x000002058e9e7190 code [0x000002058e9e7360, 0x000002058e9e7528]
Event: 50.507 Thread 0x00000205e80404a0 7229       2       org.eclipse.jdt.internal.core.JavaModelManager::knownToNotExistOnFileSystem (44 bytes)
Event: 50.508 Thread 0x00000205e80404a0 nmethod 7229 0x000002058e9e7690 code [0x000002058e9e7840, 0x000002058e9e7a18]
Event: 50.509 Thread 0x00000205e80404a0 7230  s    3       org.eclipse.core.internal.filesystem.InternalFileSystemCore::getFileSystemRegistry (156 bytes)
Event: 50.510 Thread 0x00000205e80404a0 nmethod 7230 0x000002058e9e7b10 code [0x000002058e9e7ec0, 0x000002058e9ea2c8]
Event: 50.510 Thread 0x00000205e80404a0 7231       2       org.eclipse.jdt.internal.core.JavaModelManager::clearExternalFileState (19 bytes)
Event: 50.511 Thread 0x00000205e80404a0 nmethod 7231 0x000002058e9eaf10 code [0x000002058e9eb0c0, 0x000002058e9eb200]
Event: 50.511 Thread 0x00000205e80404a0 7232       2       org.eclipse.jdt.internal.core.JavaModel::getTarget (11 bytes)
Event: 50.511 Thread 0x00000205e80404a0 nmethod 7232 0x000002058e9eb290 code [0x000002058e9eb440, 0x000002058e9eb5c8]
Event: 50.526 Thread 0x00000205e80404a0 7234       1       org.eclipse.jdt.internal.core.JavaElement::getJavaProject (5 bytes)
Event: 50.526 Thread 0x00000205e80404a0 nmethod 7234 0x0000020595a46c10 code [0x0000020595a46da0, 0x0000020595a46e68]
Event: 50.546 Thread 0x00000205e80404a0 7235       2       java.util.concurrent.ConcurrentHashMap::isEmpty (15 bytes)
Event: 50.547 Thread 0x00000205e80404a0 nmethod 7235 0x000002058e9eb710 code [0x000002058e9eb8c0, 0x000002058e9eba00]
Event: 50.548 Thread 0x00000205e80404a0 7236       3       java.util.HashSet::size (8 bytes)
Event: 50.548 Thread 0x00000205e80404a0 nmethod 7236 0x000002058e9eba90 code [0x000002058e9ebc20, 0x000002058e9ebdd0]
Event: 50.584 Thread 0x00000205e80404a0 7237       2       java.lang.invoke.MemberName::equals (69 bytes)
Event: 50.585 Thread 0x00000205e80404a0 nmethod 7237 0x000002058e9ebe90 code [0x000002058e9ec080, 0x000002058e9ec418]

GC Heap History (20 events):
Event: 40.161 GC heap before
{Heap before GC invocations=14 (full 1):
 PSYoungGen      total 23040K, used 22858K [0x00000000d5580000, 0x00000000d7100000, 0x0000000100000000)
  eden space 22016K, 100% used [0x00000000d5580000,0x00000000d6b00000,0x00000000d6b00000)
  from space 1024K, 82% used [0x00000000d7000000,0x00000000d70d2a50,0x00000000d7100000)
  to   space 1536K, 0% used [0x00000000d6e00000,0x00000000d6e00000,0x00000000d6f80000)
 ParOldGen       total 68608K, used 18136K [0x0000000080000000, 0x0000000084300000, 0x00000000d5580000)
  object space 68608K, 26% used [0x0000000080000000,0x00000000811b6188,0x0000000084300000)
 Metaspace       used 31449K, committed 32512K, reserved 1114112K
  class space    used 3179K, committed 3648K, reserved 1048576K
}
Event: 40.163 GC heap after
{Heap after GC invocations=14 (full 1):
 PSYoungGen      total 23552K, used 880K [0x00000000d5580000, 0x00000000d7080000, 0x0000000100000000)
  eden space 22016K, 0% used [0x00000000d5580000,0x00000000d5580000,0x00000000d6b00000)
  from space 1536K, 57% used [0x00000000d6e00000,0x00000000d6edc010,0x00000000d6f80000)
  to   space 1024K, 0% used [0x00000000d6f80000,0x00000000d6f80000,0x00000000d7080000)
 ParOldGen       total 68608K, used 18688K [0x0000000080000000, 0x0000000084300000, 0x00000000d5580000)
  object space 68608K, 27% used [0x0000000080000000,0x00000000812401c8,0x0000000084300000)
 Metaspace       used 31449K, committed 32512K, reserved 1114112K
  class space    used 3179K, committed 3648K, reserved 1048576K
}
Event: 40.639 GC heap before
{Heap before GC invocations=15 (full 1):
 PSYoungGen      total 23552K, used 22895K [0x00000000d5580000, 0x00000000d7080000, 0x0000000100000000)
  eden space 22016K, 99% used [0x00000000d5580000,0x00000000d6afffc8,0x00000000d6b00000)
  from space 1536K, 57% used [0x00000000d6e00000,0x00000000d6edc010,0x00000000d6f80000)
  to   space 1024K, 0% used [0x00000000d6f80000,0x00000000d6f80000,0x00000000d7080000)
 ParOldGen       total 68608K, used 18688K [0x0000000080000000, 0x0000000084300000, 0x00000000d5580000)
  object space 68608K, 27% used [0x0000000080000000,0x00000000812401c8,0x0000000084300000)
 Metaspace       used 32533K, committed 33536K, reserved 1114112K
  class space    used 3314K, committed 3776K, reserved 1048576K
}
Event: 40.641 GC heap after
{Heap after GC invocations=15 (full 1):
 PSYoungGen      total 23040K, used 608K [0x00000000d5580000, 0x00000000d7080000, 0x0000000100000000)
  eden space 22016K, 0% used [0x00000000d5580000,0x00000000d5580000,0x00000000d6b00000)
  from space 1024K, 59% used [0x00000000d6f80000,0x00000000d7018000,0x00000000d7080000)
  to   space 1024K, 0% used [0x00000000d6e80000,0x00000000d6e80000,0x00000000d6f80000)
 ParOldGen       total 68608K, used 19296K [0x0000000080000000, 0x0000000084300000, 0x00000000d5580000)
  object space 68608K, 28% used [0x0000000080000000,0x00000000812d81c8,0x0000000084300000)
 Metaspace       used 32533K, committed 33536K, reserved 1114112K
  class space    used 3314K, committed 3776K, reserved 1048576K
}
Event: 41.180 GC heap before
{Heap before GC invocations=16 (full 1):
 PSYoungGen      total 23040K, used 22624K [0x00000000d5580000, 0x00000000d7080000, 0x0000000100000000)
  eden space 22016K, 100% used [0x00000000d5580000,0x00000000d6b00000,0x00000000d6b00000)
  from space 1024K, 59% used [0x00000000d6f80000,0x00000000d7018000,0x00000000d7080000)
  to   space 1024K, 0% used [0x00000000d6e80000,0x00000000d6e80000,0x00000000d6f80000)
 ParOldGen       total 68608K, used 19296K [0x0000000080000000, 0x0000000084300000, 0x00000000d5580000)
  object space 68608K, 28% used [0x0000000080000000,0x00000000812d81c8,0x0000000084300000)
 Metaspace       used 33727K, committed 34688K, reserved 1114112K
  class space    used 3458K, committed 3904K, reserved 1048576K
}
Event: 41.197 GC heap after
{Heap after GC invocations=16 (full 1):
 PSYoungGen      total 23040K, used 864K [0x00000000d5580000, 0x00000000d7000000, 0x0000000100000000)
  eden space 22016K, 0% used [0x00000000d5580000,0x00000000d5580000,0x00000000d6b00000)
  from space 1024K, 84% used [0x00000000d6e80000,0x00000000d6f58000,0x00000000d6f80000)
  to   space 512K, 0% used [0x00000000d6f80000,0x00000000d6f80000,0x00000000d7000000)
 ParOldGen       total 68608K, used 19696K [0x0000000080000000, 0x0000000084300000, 0x00000000d5580000)
  object space 68608K, 28% used [0x0000000080000000,0x000000008133c1c8,0x0000000084300000)
 Metaspace       used 33727K, committed 34688K, reserved 1114112K
  class space    used 3458K, committed 3904K, reserved 1048576K
}
Event: 42.108 GC heap before
{Heap before GC invocations=17 (full 1):
 PSYoungGen      total 23040K, used 20054K [0x00000000d5580000, 0x00000000d7000000, 0x0000000100000000)
  eden space 22016K, 87% used [0x00000000d5580000,0x00000000d683db28,0x00000000d6b00000)
  from space 1024K, 84% used [0x00000000d6e80000,0x00000000d6f58000,0x00000000d6f80000)
  to   space 512K, 0% used [0x00000000d6f80000,0x00000000d6f80000,0x00000000d7000000)
 ParOldGen       total 68608K, used 19696K [0x0000000080000000, 0x0000000084300000, 0x00000000d5580000)
  object space 68608K, 28% used [0x0000000080000000,0x000000008133c1c8,0x0000000084300000)
 Metaspace       used 34873K, committed 35840K, reserved 1114112K
  class space    used 3589K, committed 4032K, reserved 1048576K
}
Event: 42.110 GC heap after
{Heap after GC invocations=17 (full 1):
 PSYoungGen      total 22528K, used 510K [0x00000000d5580000, 0x00000000d7000000, 0x0000000100000000)
  eden space 22016K, 0% used [0x00000000d5580000,0x00000000d5580000,0x00000000d6b00000)
  from space 512K, 99% used [0x00000000d6f80000,0x00000000d6fffaa8,0x00000000d7000000)
  to   space 1536K, 0% used [0x00000000d6d00000,0x00000000d6d00000,0x00000000d6e80000)
 ParOldGen       total 68608K, used 20547K [0x0000000080000000, 0x0000000084300000, 0x00000000d5580000)
  object space 68608K, 29% used [0x0000000080000000,0x0000000081410fc8,0x0000000084300000)
 Metaspace       used 34873K, committed 35840K, reserved 1114112K
  class space    used 3589K, committed 4032K, reserved 1048576K
}
Event: 42.110 GC heap before
{Heap before GC invocations=18 (full 2):
 PSYoungGen      total 22528K, used 510K [0x00000000d5580000, 0x00000000d7000000, 0x0000000100000000)
  eden space 22016K, 0% used [0x00000000d5580000,0x00000000d5580000,0x00000000d6b00000)
  from space 512K, 99% used [0x00000000d6f80000,0x00000000d6fffaa8,0x00000000d7000000)
  to   space 1536K, 0% used [0x00000000d6d00000,0x00000000d6d00000,0x00000000d6e80000)
 ParOldGen       total 68608K, used 20547K [0x0000000080000000, 0x0000000084300000, 0x00000000d5580000)
  object space 68608K, 29% used [0x0000000080000000,0x0000000081410fc8,0x0000000084300000)
 Metaspace       used 34873K, committed 35840K, reserved 1114112K
  class space    used 3589K, committed 4032K, reserved 1048576K
}
Event: 42.192 GC heap after
{Heap after GC invocations=18 (full 2):
 PSYoungGen      total 22528K, used 0K [0x00000000d5580000, 0x00000000d7000000, 0x0000000100000000)
  eden space 22016K, 0% used [0x00000000d5580000,0x00000000d5580000,0x00000000d6b00000)
  from space 512K, 0% used [0x00000000d6f80000,0x00000000d6f80000,0x00000000d7000000)
  to   space 1536K, 0% used [0x00000000d6d00000,0x00000000d6d00000,0x00000000d6e80000)
 ParOldGen       total 68608K, used 20305K [0x0000000080000000, 0x0000000084300000, 0x00000000d5580000)
  object space 68608K, 29% used [0x0000000080000000,0x00000000813d45c8,0x0000000084300000)
 Metaspace       used 34873K, committed 35840K, reserved 1114112K
  class space    used 3589K, committed 4032K, reserved 1048576K
}
Event: 42.869 GC heap before
{Heap before GC invocations=19 (full 2):
 PSYoungGen      total 22528K, used 22016K [0x00000000d5580000, 0x00000000d7000000, 0x0000000100000000)
  eden space 22016K, 100% used [0x00000000d5580000,0x00000000d6b00000,0x00000000d6b00000)
  from space 512K, 0% used [0x00000000d6f80000,0x00000000d6f80000,0x00000000d7000000)
  to   space 1536K, 0% used [0x00000000d6d00000,0x00000000d6d00000,0x00000000d6e80000)
 ParOldGen       total 68608K, used 20305K [0x0000000080000000, 0x0000000084300000, 0x00000000d5580000)
  object space 68608K, 29% used [0x0000000080000000,0x00000000813d45c8,0x0000000084300000)
 Metaspace       used 35980K, committed 36992K, reserved 1114112K
  class space    used 3726K, committed 4160K, reserved 1048576K
}
Event: 42.872 GC heap after
{Heap after GC invocations=19 (full 2):
 PSYoungGen      total 23552K, used 1536K [0x00000000d5580000, 0x00000000d7000000, 0x0000000100000000)
  eden space 22016K, 0% used [0x00000000d5580000,0x00000000d5580000,0x00000000d6b00000)
  from space 1536K, 100% used [0x00000000d6d00000,0x00000000d6e80000,0x00000000d6e80000)
  to   space 1536K, 0% used [0x00000000d6e80000,0x00000000d6e80000,0x00000000d7000000)
 ParOldGen       total 68608K, used 20313K [0x0000000080000000, 0x0000000084300000, 0x00000000d5580000)
  object space 68608K, 29% used [0x0000000080000000,0x00000000813d65c8,0x0000000084300000)
 Metaspace       used 35980K, committed 36992K, reserved 1114112K
  class space    used 3726K, committed 4160K, reserved 1048576K
}
Event: 44.850 GC heap before
{Heap before GC invocations=20 (full 2):
 PSYoungGen      total 23552K, used 23552K [0x00000000d5580000, 0x00000000d7000000, 0x0000000100000000)
  eden space 22016K, 100% used [0x00000000d5580000,0x00000000d6b00000,0x00000000d6b00000)
  from space 1536K, 100% used [0x00000000d6d00000,0x00000000d6e80000,0x00000000d6e80000)
  to   space 1536K, 0% used [0x00000000d6e80000,0x00000000d6e80000,0x00000000d7000000)
 ParOldGen       total 68608K, used 20313K [0x0000000080000000, 0x0000000084300000, 0x00000000d5580000)
  object space 68608K, 29% used [0x0000000080000000,0x00000000813d65c8,0x0000000084300000)
 Metaspace       used 38610K, committed 39680K, reserved 1114112K
  class space    used 4024K, committed 4480K, reserved 1048576K
}
Event: 44.874 GC heap after
{Heap after GC invocations=20 (full 2):
 PSYoungGen      total 23552K, used 1508K [0x00000000d5580000, 0x00000000d7200000, 0x0000000100000000)
  eden space 22016K, 0% used [0x00000000d5580000,0x00000000d5580000,0x00000000d6b00000)
  from space 1536K, 98% used [0x00000000d6e80000,0x00000000d6ff9350,0x00000000d7000000)
  to   space 3584K, 0% used [0x00000000d6b00000,0x00000000d6b00000,0x00000000d6e80000)
 ParOldGen       total 68608K, used 21976K [0x0000000080000000, 0x0000000084300000, 0x00000000d5580000)
  object space 68608K, 32% used [0x0000000080000000,0x00000000815762d8,0x0000000084300000)
 Metaspace       used 38610K, committed 39680K, reserved 1114112K
  class space    used 4024K, committed 4480K, reserved 1048576K
}
Event: 45.550 GC heap before
{Heap before GC invocations=21 (full 2):
 PSYoungGen      total 23552K, used 23524K [0x00000000d5580000, 0x00000000d7200000, 0x0000000100000000)
  eden space 22016K, 100% used [0x00000000d5580000,0x00000000d6b00000,0x00000000d6b00000)
  from space 1536K, 98% used [0x00000000d6e80000,0x00000000d6ff9350,0x00000000d7000000)
  to   space 3584K, 0% used [0x00000000d6b00000,0x00000000d6b00000,0x00000000d6e80000)
 ParOldGen       total 68608K, used 21976K [0x0000000080000000, 0x0000000084300000, 0x00000000d5580000)
  object space 68608K, 32% used [0x0000000080000000,0x00000000815762d8,0x0000000084300000)
 Metaspace       used 41043K, committed 42176K, reserved 1114112K
  class space    used 4343K, committed 4864K, reserved 1048576K
}
Event: 45.559 GC heap after
{Heap after GC invocations=21 (full 2):
 PSYoungGen      total 23552K, used 1305K [0x00000000d5580000, 0x00000000d6f00000, 0x0000000100000000)
  eden space 22016K, 0% used [0x00000000d5580000,0x00000000d5580000,0x00000000d6b00000)
  from space 1536K, 85% used [0x00000000d6b00000,0x00000000d6c46740,0x00000000d6c80000)
  to   space 2048K, 0% used [0x00000000d6d00000,0x00000000d6d00000,0x00000000d6f00000)
 ParOldGen       total 68608K, used 23438K [0x0000000080000000, 0x0000000084300000, 0x00000000d5580000)
  object space 68608K, 34% used [0x0000000080000000,0x00000000816e3808,0x0000000084300000)
 Metaspace       used 41043K, committed 42176K, reserved 1114112K
  class space    used 4343K, committed 4864K, reserved 1048576K
}
Event: 47.819 GC heap before
{Heap before GC invocations=22 (full 2):
 PSYoungGen      total 23552K, used 23221K [0x00000000d5580000, 0x00000000d6f00000, 0x0000000100000000)
  eden space 22016K, 99% used [0x00000000d5580000,0x00000000d6ae6db8,0x00000000d6b00000)
  from space 1536K, 85% used [0x00000000d6b00000,0x00000000d6c46740,0x00000000d6c80000)
  to   space 2048K, 0% used [0x00000000d6d00000,0x00000000d6d00000,0x00000000d6f00000)
 ParOldGen       total 68608K, used 24219K [0x0000000080000000, 0x0000000084300000, 0x00000000d5580000)
  object space 68608K, 35% used [0x0000000080000000,0x00000000817a6d18,0x0000000084300000)
 Metaspace       used 43050K, committed 44352K, reserved 1114112K
  class space    used 4581K, committed 5184K, reserved 1048576K
}
Event: 47.832 GC heap after
{Heap after GC invocations=22 (full 2):
 PSYoungGen      total 21504K, used 2029K [0x00000000d5580000, 0x00000000d7400000, 0x0000000100000000)
  eden space 19456K, 0% used [0x00000000d5580000,0x00000000d5580000,0x00000000d6880000)
  from space 2048K, 99% used [0x00000000d6d00000,0x00000000d6efb560,0x00000000d6f00000)
  to   space 4608K, 0% used [0x00000000d6880000,0x00000000d6880000,0x00000000d6d00000)
 ParOldGen       total 68608K, used 26245K [0x0000000080000000, 0x0000000084300000, 0x00000000d5580000)
  object space 68608K, 38% used [0x0000000080000000,0x00000000819a16b0,0x0000000084300000)
 Metaspace       used 43050K, committed 44352K, reserved 1114112K
  class space    used 4581K, committed 5184K, reserved 1048576K
}
Event: 50.443 GC heap before
{Heap before GC invocations=23 (full 2):
 PSYoungGen      total 21504K, used 21485K [0x00000000d5580000, 0x00000000d7400000, 0x0000000100000000)
  eden space 19456K, 100% used [0x00000000d5580000,0x00000000d6880000,0x00000000d6880000)
  from space 2048K, 99% used [0x00000000d6d00000,0x00000000d6efb560,0x00000000d6f00000)
  to   space 4608K, 0% used [0x00000000d6880000,0x00000000d6880000,0x00000000d6d00000)
 ParOldGen       total 68608K, used 26248K [0x0000000080000000, 0x0000000084300000, 0x00000000d5580000)
  object space 68608K, 38% used [0x0000000080000000,0x00000000819a2218,0x0000000084300000)
 Metaspace       used 44283K, committed 45504K, reserved 1114112K
  class space    used 4730K, committed 5248K, reserved 1048576K
}
Event: 50.459 GC heap after
{Heap after GC invocations=23 (full 2):
 PSYoungGen      total 22528K, used 2979K [0x00000000d5580000, 0x00000000d6f80000, 0x0000000100000000)
  eden space 19456K, 0% used [0x00000000d5580000,0x00000000d5580000,0x00000000d6880000)
  from space 3072K, 97% used [0x00000000d6880000,0x00000000d6b68f98,0x00000000d6b80000)
  to   space 3584K, 0% used [0x00000000d6c00000,0x00000000d6c00000,0x00000000d6f80000)
 ParOldGen       total 68608K, used 27466K [0x0000000080000000, 0x0000000084300000, 0x00000000d5580000)
  object space 68608K, 40% used [0x0000000080000000,0x0000000081ad2840,0x0000000084300000)
 Metaspace       used 44283K, committed 45504K, reserved 1114112K
  class space    used 4730K, committed 5248K, reserved 1048576K
}

Dll operation events (10 events):
Event: 0.185 Loaded shared library c:\Users\saida\.vscode\extensions\redhat.java-1.55.0-win32-x64\jre\21.0.11-win32-x86_64\bin\java.dll
Event: 0.660 Loaded shared library c:\Users\saida\.vscode\extensions\redhat.java-1.55.0-win32-x64\jre\21.0.11-win32-x86_64\bin\zip.dll
Event: 0.704 Loaded shared library C:\Users\saida\.vscode\extensions\redhat.java-1.55.0-win32-x64\jre\21.0.11-win32-x86_64\bin\instrument.dll
Event: 0.727 Loaded shared library C:\Users\saida\.vscode\extensions\redhat.java-1.55.0-win32-x64\jre\21.0.11-win32-x86_64\bin\net.dll
Event: 0.735 Loaded shared library C:\Users\saida\.vscode\extensions\redhat.java-1.55.0-win32-x64\jre\21.0.11-win32-x86_64\bin\nio.dll
Event: 0.739 Loaded shared library C:\Users\saida\.vscode\extensions\redhat.java-1.55.0-win32-x64\jre\21.0.11-win32-x86_64\bin\zip.dll
Event: 0.766 Loaded shared library C:\Users\saida\.vscode\extensions\redhat.java-1.55.0-win32-x64\jre\21.0.11-win32-x86_64\bin\jimage.dll
Event: 0.863 Loaded shared library c:\Users\saida\.vscode\extensions\redhat.java-1.55.0-win32-x64\jre\21.0.11-win32-x86_64\bin\verify.dll
Event: 8.977 Loaded shared library C:\Users\saida\AppData\Roaming\Code\User\globalStorage\redhat.java\1.55.0\config_win\org.eclipse.equinox.launcher\org.eclipse.equinox.launcher.win32.win32.x86_64_1.3.100.v20260613-0559\eclipse_11924.dll
Event: 32.510 Loaded shared library C:\Users\saida\AppData\Local\Temp\jna-109198744\jna12686748748952700589.dll

Deoptimization events (20 events):
Event: 50.534 Thread 0x00000205ea6c5a70 DEOPT PACKING pc=0x000002058e96cc9f sp=0x000000464c2fedb0
Event: 50.534 Thread 0x00000205ea6c5a70 DEOPT UNPACKING pc=0x00000205951c78e2 sp=0x000000464c2fe288 mode 0
Event: 50.534 Thread 0x00000205ea6c5a70 DEOPT PACKING pc=0x000002058e96cc9f sp=0x000000464c2fedb0
Event: 50.534 Thread 0x00000205ea6c5a70 DEOPT UNPACKING pc=0x00000205951c78e2 sp=0x000000464c2fe288 mode 0
Event: 50.535 Thread 0x00000205ea6c5a70 DEOPT PACKING pc=0x000002058e96cc9f sp=0x000000464c2feed0
Event: 50.535 Thread 0x00000205ea6c5a70 DEOPT UNPACKING pc=0x00000205951c78e2 sp=0x000000464c2fe3a8 mode 0
Event: 50.536 Thread 0x00000205ea6c5a70 DEOPT PACKING pc=0x000002058e96cc9f sp=0x000000464c2feed0
Event: 50.536 Thread 0x00000205ea6c5a70 DEOPT UNPACKING pc=0x00000205951c78e2 sp=0x000000464c2fe3a8 mode 0
Event: 50.536 Thread 0x00000205ea6c5a70 DEOPT PACKING pc=0x000002058e96cc9f sp=0x000000464c2feed0
Event: 50.536 Thread 0x00000205ea6c5a70 DEOPT UNPACKING pc=0x00000205951c78e2 sp=0x000000464c2fe3a8 mode 0
Event: 50.537 Thread 0x00000205ea6c5a70 DEOPT PACKING pc=0x000002058e96cc9f sp=0x000000464c2fedb0
Event: 50.537 Thread 0x00000205ea6c5a70 DEOPT UNPACKING pc=0x00000205951c78e2 sp=0x000000464c2fe288 mode 0
Event: 50.537 Thread 0x00000205ea6c5a70 DEOPT PACKING pc=0x000002058e96cc9f sp=0x000000464c2fedb0
Event: 50.537 Thread 0x00000205ea6c5a70 DEOPT UNPACKING pc=0x00000205951c78e2 sp=0x000000464c2fe288 mode 0
Event: 50.538 Thread 0x00000205ea6c5a70 DEOPT PACKING pc=0x000002058e96cc9f sp=0x000000464c2fedb0
Event: 50.538 Thread 0x00000205ea6c5a70 DEOPT UNPACKING pc=0x00000205951c78e2 sp=0x000000464c2fe288 mode 0
Event: 50.551 Thread 0x00000205e805fc00 DEOPT PACKING pc=0x000002058e9524c6 sp=0x000000464befe860
Event: 50.551 Thread 0x00000205e805fc00 DEOPT UNPACKING pc=0x00000205951c78e2 sp=0x000000464befdde0 mode 0
Event: 50.563 Thread 0x00000205e805fc00 DEOPT PACKING pc=0x000002058e96cc9f sp=0x000000464befe9c0
Event: 50.563 Thread 0x00000205e805fc00 DEOPT UNPACKING pc=0x00000205951c78e2 sp=0x000000464befde98 mode 0

Classes loaded (20 events):
Event: 48.491 Loading class java/util/WeakHashMap$KeyIterator
Event: 48.496 Loading class java/util/WeakHashMap$KeyIterator done
Event: 48.764 Loading class java/nio/channels/spi/AbstractInterruptibleChannel$1
Event: 48.765 Loading class sun/nio/ch/Interruptible
Event: 48.793 Loading class sun/nio/ch/Interruptible done
Event: 48.794 Loading class java/nio/channels/spi/AbstractInterruptibleChannel$1 done
Event: 50.177 Loading class java/math/BigDecimal
Event: 50.287 Loading class java/math/BigDecimal done
Event: 50.353 Loading class java/util/concurrent/atomic/AtomicIntegerArray
Event: 50.363 Loading class java/util/concurrent/atomic/AtomicIntegerArray done
Event: 50.365 Loading class java/util/Currency
Event: 50.376 Loading class java/util/Currency done
Event: 50.380 Loading class sun/nio/ch/ChannelOutputStream
Event: 50.384 Loading class sun/nio/ch/ChannelOutputStream done
Event: 50.400 Loading class sun/nio/fs/WindowsFileCopy
Event: 50.403 Loading class sun/nio/fs/WindowsFileCopy done
Event: 50.423 Loading class java/util/concurrent/atomic/AtomicLongArray
Event: 50.423 Loading class java/util/Hashtable$KeySet
Event: 50.424 Loading class java/util/concurrent/atomic/AtomicLongArray done
Event: 50.424 Loading class java/util/Hashtable$KeySet done

Classes unloaded (7 events):
Event: 37.469 Thread 0x00000205a14b35f0 Unloading class 0x00000205a31a4800 'java/lang/invoke/LambdaForm$MH+0x00000205a31a4800'
Event: 37.469 Thread 0x00000205a14b35f0 Unloading class 0x00000205a31a4400 'java/lang/invoke/LambdaForm$MH+0x00000205a31a4400'
Event: 37.469 Thread 0x00000205a14b35f0 Unloading class 0x00000205a31a4000 'java/lang/invoke/LambdaForm$MH+0x00000205a31a4000'
Event: 37.469 Thread 0x00000205a14b35f0 Unloading class 0x00000205a31a3c00 'java/lang/invoke/LambdaForm$MH+0x00000205a31a3c00'
Event: 37.469 Thread 0x00000205a14b35f0 Unloading class 0x00000205a31a3800 'java/lang/invoke/LambdaForm$BMH+0x00000205a31a3800'
Event: 37.469 Thread 0x00000205a14b35f0 Unloading class 0x00000205a31a3400 'java/lang/invoke/LambdaForm$DMH+0x00000205a31a3400'
Event: 37.469 Thread 0x00000205a14b35f0 Unloading class 0x00000205a31a2000 'java/lang/invoke/LambdaForm$DMH+0x00000205a31a2000'

Classes redefined (0 events):
No events

Internal exceptions (20 events):
Event: 48.428 Thread 0x00000205e805fc00 Exception <a 'sun/nio/fs/WindowsException'{0x00000000d5a56db8}> (0x00000000d5a56db8) 
thrown [s\src\hotspot\share\prims\jni.cpp, line 520]
Event: 48.428 Thread 0x00000205e805fc00 Exception <a 'sun/nio/fs/WindowsException'{0x00000000d5a57790}> (0x00000000d5a57790) 
thrown [s\src\hotspot\share\prims\jni.cpp, line 520]
Event: 48.430 Thread 0x00000205e805fc00 Exception <a 'sun/nio/fs/WindowsException'{0x00000000d5a88cb0}> (0x00000000d5a88cb0) 
thrown [s\src\hotspot\share\prims\jni.cpp, line 520]
Event: 48.430 Thread 0x00000205e805fc00 Exception <a 'sun/nio/fs/WindowsException'{0x00000000d5a89688}> (0x00000000d5a89688) 
thrown [s\src\hotspot\share\prims\jni.cpp, line 520]
Event: 48.432 Thread 0x00000205e805fc00 Exception <a 'sun/nio/fs/WindowsException'{0x00000000d5a94d88}> (0x00000000d5a94d88) 
thrown [s\src\hotspot\share\prims\jni.cpp, line 520]
Event: 48.432 Thread 0x00000205e805fc00 Exception <a 'sun/nio/fs/WindowsException'{0x00000000d5a95760}> (0x00000000d5a95760) 
thrown [s\src\hotspot\share\prims\jni.cpp, line 520]
Event: 48.433 Thread 0x00000205e805fc00 Exception <a 'sun/nio/fs/WindowsException'{0x00000000d5a9a548}> (0x00000000d5a9a548) 
thrown [s\src\hotspot\share\prims\jni.cpp, line 520]
Event: 48.434 Thread 0x00000205e805fc00 Exception <a 'sun/nio/fs/WindowsException'{0x00000000d5a9af20}> (0x00000000d5a9af20) 
thrown [s\src\hotspot\share\prims\jni.cpp, line 520]
Event: 48.921 Thread 0x00000205ea6c6100 Implicit null exception at 0x0000020595a137f8 to 0x0000020595a138d7
Event: 50.283 Thread 0x00000205ea6c6100 Exception <a 'java/lang/NoSuchMethodError'{0x00000000d608c3f8}: 'void java.lang.invoke.DirectMethodHandle$Holder.invokeInterface(java.lang.Object, java.lang.Object)'> (0x00000000d608c3f8) 
thrown [s\src\hotspot\share\interpreter\linkResolver.cpp, line 773]
Event: 50.333 Thread 0x00000205ea6c6100 Exception <a 'sun/nio/fs/WindowsException'{0x00000000d62f8950}> (0x00000000d62f8950) 
thrown [s\src\hotspot\share\prims\jni.cpp, line 520]
Event: 50.334 Thread 0x00000205ea6c6100 Exception <a 'sun/nio/fs/WindowsException'{0x00000000d62f9428}> (0x00000000d62f9428) 
thrown [s\src\hotspot\share\prims\jni.cpp, line 520]
Event: 50.334 Thread 0x00000205ea6c6100 Exception <a 'sun/nio/fs/WindowsException'{0x00000000d62fa198}> (0x00000000d62fa198) 
thrown [s\src\hotspot\share\prims\jni.cpp, line 520]
Event: 50.334 Thread 0x00000205ea6c6100 Exception <a 'sun/nio/fs/WindowsException'{0x00000000d62fa8c0}> (0x00000000d62fa8c0) 
thrown [s\src\hotspot\share\prims\jni.cpp, line 520]
Event: 50.334 Thread 0x00000205ea6c6100 Exception <a 'sun/nio/fs/WindowsException'{0x00000000d62fb410}> (0x00000000d62fb410) 
thrown [s\src\hotspot\share\prims\jni.cpp, line 520]
Event: 50.334 Thread 0x00000205ea6c6100 Exception <a 'sun/nio/fs/WindowsException'{0x00000000d62fba60}> (0x00000000d62fba60) 
thrown [s\src\hotspot\share\prims\jni.cpp, line 520]
Event: 50.378 Thread 0x00000205ea6c6100 Exception <a 'sun/nio/fs/WindowsException'{0x00000000d63b59a0}> (0x00000000d63b59a0) 
thrown [s\src\hotspot\share\prims\jni.cpp, line 520]
Event: 50.427 Thread 0x00000205ea6c6100 Exception <a 'java/io/FileNotFoundException'{0x00000000d6671288}> (0x00000000d6671288) 
thrown [s\src\hotspot\share\prims\jni.cpp, line 520]
Event: 50.427 Thread 0x00000205ea6c6100 Exception <a 'java/io/FileNotFoundException'{0x00000000d6672538}> (0x00000000d6672538) 
thrown [s\src\hotspot\share\prims\jni.cpp, line 520]
Event: 50.428 Thread 0x00000205ea6c6100 Exception <a 'java/io/FileNotFoundException'{0x00000000d6673540}> (0x00000000d6673540) 
thrown [s\src\hotspot\share\prims\jni.cpp, line 520]

ZGC Phase Switch (0 events):
No events

VM Operations (20 events):
Event: 46.585 Executing non-safepoint VM operation: HandshakeAllThreads (Deoptimize)
Event: 46.585 Executing non-safepoint VM operation: HandshakeAllThreads (Deoptimize) done
Event: 46.585 Executing safepoint VM operation: Cleanup
Event: 46.585 Executing safepoint VM operation: Cleanup done
Event: 47.596 Executing safepoint VM operation: Cleanup
Event: 47.597 Executing safepoint VM operation: Cleanup done
Event: 47.818 Executing safepoint VM operation: ParallelGCFailedAllocation (Allocation Failure)
Event: 47.818 Executing safepoint VM operation: ParallelGCFailedAllocation (Allocation Failure) done
Event: 47.818 Executing safepoint VM operation: ParallelGCSystemGC (GCLocker Initiated GC)
Event: 47.833 Executing safepoint VM operation: ParallelGCSystemGC (GCLocker Initiated GC) done
Event: 48.844 Executing safepoint VM operation: Cleanup
Event: 48.859 Executing safepoint VM operation: Cleanup done
Event: 49.956 Executing safepoint VM operation: Cleanup
Event: 50.044 Executing safepoint VM operation: Cleanup done
Event: 50.327 Executing non-safepoint VM operation: HandshakeAllThreads (Deoptimize)
Event: 50.327 Executing non-safepoint VM operation: HandshakeAllThreads (Deoptimize) done
Event: 50.406 Executing non-safepoint VM operation: HandshakeAllThreads (Deoptimize)
Event: 50.406 Executing non-safepoint VM operation: HandshakeAllThreads (Deoptimize) done
Event: 50.443 Executing safepoint VM operation: ParallelGCFailedAllocation (Allocation Failure)
Event: 50.459 Executing safepoint VM operation: ParallelGCFailedAllocation (Allocation Failure) done

Memory protections (0 events):
No events

Nmethod flushes (20 events):
Event: 42.148 Thread 0x00000205a14b35f0 flushing  nmethod 0x000002058e367d10
Event: 42.148 Thread 0x00000205a14b35f0 flushing  nmethod 0x000002058e368c10
Event: 42.148 Thread 0x00000205a14b35f0 flushing  nmethod 0x000002058e369510
Event: 42.148 Thread 0x00000205a14b35f0 flushing  nmethod 0x000002058e36a710
Event: 42.148 Thread 0x00000205a14b35f0 flushing  nmethod 0x000002058e36af10
Event: 42.148 Thread 0x00000205a14b35f0 flushing  nmethod 0x000002058e36cc10
Event: 42.148 Thread 0x00000205a14b35f0 flushing  nmethod 0x000002058e36d110
Event: 42.148 Thread 0x00000205a14b35f0 flushing  nmethod 0x000002058e36d510
Event: 42.148 Thread 0x00000205a14b35f0 flushing  nmethod 0x000002058e36e090
Event: 42.148 Thread 0x00000205a14b35f0 flushing  nmethod 0x000002058e36e510
Event: 42.148 Thread 0x00000205a14b35f0 flushing  nmethod 0x000002058e36ff90
Event: 42.148 Thread 0x00000205a14b35f0 flushing  nmethod 0x000002058e37ab10
Event: 42.148 Thread 0x00000205a14b35f0 flushing  nmethod 0x000002058e37b010
Event: 42.148 Thread 0x00000205a14b35f0 flushing  nmethod 0x000002058e3cab90
Event: 42.148 Thread 0x00000205a14b35f0 flushing  nmethod 0x000002058e3ccf90
Event: 42.148 Thread 0x00000205a14b35f0 flushing  nmethod 0x000002058e3cf590
Event: 42.148 Thread 0x00000205a14b35f0 flushing  nmethod 0x000002058e3d9090
Event: 42.148 Thread 0x00000205a14b35f0 flushing  nmethod 0x000002058e419090
Event: 42.148 Thread 0x00000205a14b35f0 flushing  nmethod 0x000002058e437310
Event: 42.148 Thread 0x00000205a14b35f0 flushing  nmethod 0x000002058e460c10

Events (20 events):
Event: 0.987 Thread 0x0000020588681000 Thread added: 0x00000205e83063b0
Event: 2.714 Thread 0x0000020588681000 Thread added: 0x00000205e89ee550
Event: 8.370 Thread 0x0000020588681000 Thread added: 0x00000205e89ff5f0
Event: 8.422 Thread 0x00000205e89ff5f0 Thread added: 0x00000205e82faa10
Event: 8.984 Thread 0x0000020588681000 Thread added: 0x00000205e8aeadc0
Event: 11.814 Thread 0x00000205e80404a0 Thread added: 0x00000205e84f9620
Event: 11.973 Thread 0x00000205e8aeadc0 Thread added: 0x00000205e9178150
Event: 12.293 Thread 0x00000205e84f9620 Thread exited: 0x00000205e84f9620
Event: 28.626 Thread 0x00000205e8aeadc0 Thread added: 0x00000205e879b010
Event: 29.338 Thread 0x00000205e8aeadc0 Thread added: 0x00000205e82de470
Event: 32.795 Thread 0x00000205e8aeadc0 Thread added: 0x00000205e805db30
Event: 34.404 Thread 0x00000205e8aeadc0 Thread added: 0x00000205e8060fb0
Event: 34.550 Thread 0x00000205e8aeadc0 Thread added: 0x00000205e805fc00
Event: 34.803 Thread 0x00000205e805fc00 Thread added: 0x00000205e805e1c0
Event: 40.293 Thread 0x00000205e805e1c0 Thread added: 0x00000205e805e850
Event: 42.921 Thread 0x00000205e8aeadc0 Thread added: 0x00000205ea6c53e0
Event: 45.518 Thread 0x00000205e805e850 Thread added: 0x00000205ea6c5a70
Event: 47.651 Thread 0x00000205e805e850 Thread added: 0x00000205ea6c25f0
Event: 48.422 Thread 0x0000020588681000 Thread added: 0x00000205ea6c46c0
Event: 48.670 Thread 0x0000020588681000 Thread added: 0x00000205ea6c6100


Dynamic libraries:
0x00007ff78e1a0000 - 0x00007ff78e1ae000 	c:\Users\saida\.vscode\extensions\redhat.java-1.55.0-win32-x64\jre\21.0.11-win32-x86_64\bin\java.exe
0x00007ff888c20000 - 0x00007ff888e89000 	C:\WINDOWS\SYSTEM32\ntdll.dll
0x00007ff886a40000 - 0x00007ff886b09000 	C:\WINDOWS\System32\KERNEL32.DLL
0x00007ff886530000 - 0x00007ff886923000 	C:\WINDOWS\System32\KERNELBASE.dll
0x00007ff8828f0000 - 0x00007ff88298e000 	C:\WINDOWS\SYSTEM32\apphelp.dll
0x00007ff886090000 - 0x00007ff8861db000 	C:\WINDOWS\System32\ucrtbase.dll
0x00007fffcefe0000 - 0x00007fffceff8000 	c:\Users\saida\.vscode\extensions\redhat.java-1.55.0-win32-x64\jre\21.0.11-win32-x86_64\bin\jli.dll
0x00007fffce390000 - 0x00007fffce3ae000 	c:\Users\saida\.vscode\extensions\redhat.java-1.55.0-win32-x64\jre\21.0.11-win32-x86_64\bin\VCRUNTIME140.dll
0x00007ff887ac0000 - 0x00007ff887c84000 	C:\WINDOWS\System32\USER32.dll
0x00007ff886930000 - 0x00007ff886957000 	C:\WINDOWS\System32\win32u.dll
0x00007ff887e20000 - 0x00007ff887e4b000 	C:\WINDOWS\System32\GDI32.dll
0x00007ff886400000 - 0x00007ff88652d000 	C:\WINDOWS\System32\gdi32full.dll
0x00007ff885db0000 - 0x00007ff885e53000 	C:\WINDOWS\System32\msvcp_win.dll
0x00007ff866780000 - 0x00007ff866a13000 	C:\WINDOWS\WinSxS\amd64_microsoft.windows.common-controls_6595b64144ccf1df_6.0.26100.5074_none_3e0d6f78e32fd63f\COMCTL32.dll
0x00007ff887a00000 - 0x00007ff887aa9000 	C:\WINDOWS\System32\msvcrt.dll
0x00007ff886a00000 - 0x00007ff886a2f000 	C:\WINDOWS\System32\IMM32.DLL
0x00007fffdf2d0000 - 0x00007fffdf2dc000 	c:\Users\saida\.vscode\extensions\redhat.java-1.55.0-win32-x64\jre\21.0.11-win32-x86_64\bin\vcruntime140_1.dll
0x00007fff91720000 - 0x00007fff917ad000 	c:\Users\saida\.vscode\extensions\redhat.java-1.55.0-win32-x64\jre\21.0.11-win32-x86_64\bin\msvcp140.dll
0x00007fff6e2c0000 - 0x00007fff6f062000 	c:\Users\saida\.vscode\extensions\redhat.java-1.55.0-win32-x64\jre\21.0.11-win32-x86_64\bin\server\jvm.dll
0x00007ff886cf0000 - 0x00007ff886da4000 	C:\WINDOWS\System32\ADVAPI32.dll
0x00007ff8886a0000 - 0x00007ff888746000 	C:\WINDOWS\System32\sechost.dll
0x00007ff886f90000 - 0x00007ff8870a8000 	C:\WINDOWS\System32\RPCRT4.dll
0x00007ff887500000 - 0x00007ff887574000 	C:\WINDOWS\System32\WS2_32.dll
0x00007ff885c10000 - 0x00007ff885c6e000 	C:\WINDOWS\SYSTEM32\POWRPROF.dll
0x00007ff873610000 - 0x00007ff87361b000 	C:\WINDOWS\SYSTEM32\VERSION.dll
0x00007ff87c6f0000 - 0x00007ff87c725000 	C:\WINDOWS\SYSTEM32\WINMM.dll
0x00007ff885bf0000 - 0x00007ff885c04000 	C:\WINDOWS\SYSTEM32\UMPDC.dll
0x00007ff884b70000 - 0x00007ff884b8b000 	C:\WINDOWS\SYSTEM32\kernel.appcore.dll
0x00007fffdf120000 - 0x00007fffdf12a000 	c:\Users\saida\.vscode\extensions\redhat.java-1.55.0-win32-x64\jre\21.0.11-win32-x86_64\bin\jimage.dll
0x00007ff8835a0000 - 0x00007ff8837e2000 	C:\WINDOWS\SYSTEM32\DBGHELP.DLL
0x00007ff8870b0000 - 0x00007ff88742b000 	C:\WINDOWS\System32\combase.dll
0x00007ff8876b0000 - 0x00007ff887787000 	C:\WINDOWS\System32\OLEAUT32.dll
0x00007ff85dbc0000 - 0x00007ff85dbfd000 	C:\WINDOWS\SYSTEM32\dbgcore.DLL
0x00007ff886360000 - 0x00007ff8863f9000 	C:\WINDOWS\System32\bcryptPrimitives.dll
0x00007fffd94b0000 - 0x00007fffd94bf000 	c:\Users\saida\.vscode\extensions\redhat.java-1.55.0-win32-x64\jre\21.0.11-win32-x86_64\bin\instrument.dll
0x00007fffcdfe0000 - 0x00007fffce000000 	c:\Users\saida\.vscode\extensions\redhat.java-1.55.0-win32-x64\jre\21.0.11-win32-x86_64\bin\java.dll
0x00007ff887f50000 - 0x00007ff88869d000 	C:\WINDOWS\System32\SHELL32.dll
0x00007ff885e60000 - 0x00007ff885fcc000 	C:\WINDOWS\System32\wintypes.dll
0x00007ff8839e0000 - 0x00007ff884239000 	C:\WINDOWS\SYSTEM32\windows.storage.dll
0x00007ff887c90000 - 0x00007ff887d80000 	C:\WINDOWS\System32\SHCORE.dll
0x00007ff887930000 - 0x00007ff887992000 	C:\WINDOWS\System32\shlwapi.dll
0x00007ff885cd0000 - 0x00007ff885cf9000 	C:\WINDOWS\SYSTEM32\profapi.dll
0x00007fffcdf50000 - 0x00007fffcdf68000 	c:\Users\saida\.vscode\extensions\redhat.java-1.55.0-win32-x64\jre\21.0.11-win32-x86_64\bin\zip.dll
0x00007fffd8e50000 - 0x00007fffd8e60000 	C:\Users\saida\.vscode\extensions\redhat.java-1.55.0-win32-x64\jre\21.0.11-win32-x86_64\bin\net.dll
0x00007ff87f4b0000 - 0x00007ff87f5cf000 	C:\WINDOWS\SYSTEM32\WINHTTP.dll
0x00007ff885110000 - 0x00007ff88517b000 	C:\WINDOWS\system32\mswsock.dll
0x00007fffcaea0000 - 0x00007fffcaeb6000 	C:\Users\saida\.vscode\extensions\redhat.java-1.55.0-win32-x64\jre\21.0.11-win32-x86_64\bin\nio.dll
0x00007fffd8dc0000 - 0x00007fffd8dd0000 	c:\Users\saida\.vscode\extensions\redhat.java-1.55.0-win32-x64\jre\21.0.11-win32-x86_64\bin\verify.dll
0x00007fff97800000 - 0x00007fff97845000 	C:\Users\saida\AppData\Roaming\Code\User\globalStorage\redhat.java\1.55.0\config_win\org.eclipse.equinox.launcher\org.eclipse.equinox.launcher.win32.win32.x86_64_1.3.100.v20260613-0559\eclipse_11924.dll
0x00007ff887790000 - 0x00007ff887928000 	C:\WINDOWS\System32\ole32.dll
0x00007ff8853b0000 - 0x00007ff8853cb000 	C:\WINDOWS\SYSTEM32\CRYPTSP.dll
0x00007ff884ad0000 - 0x00007ff884b0b000 	C:\WINDOWS\system32\rsaenh.dll
0x00007ff8851b0000 - 0x00007ff8851db000 	C:\WINDOWS\SYSTEM32\USERENV.dll
0x00007ff885ca0000 - 0x00007ff885cc6000 	C:\WINDOWS\SYSTEM32\bcrypt.dll
0x00007ff8853d0000 - 0x00007ff8853dc000 	C:\WINDOWS\SYSTEM32\CRYPTBASE.dll
0x00007ff8846b0000 - 0x00007ff8846e4000 	C:\WINDOWS\SYSTEM32\IPHLPAPI.DLL
0x00007ff887430000 - 0x00007ff88743a000 	C:\WINDOWS\System32\NSI.dll
0x00007fff90800000 - 0x00007fff90849000 	C:\Users\saida\AppData\Local\Temp\jna-109198744\jna12686748748952700589.dll
0x00007ff887e10000 - 0x00007ff887e18000 	C:\WINDOWS\System32\PSAPI.DLL
0x00007ff87f610000 - 0x00007ff87f62e000 	C:\WINDOWS\SYSTEM32\dhcpcsvc6.DLL
0x00007ff87f5e0000 - 0x00007ff87f603000 	C:\WINDOWS\SYSTEM32\dhcpcsvc.DLL

JVMTI agents:
c:\Users\saida\.vscode\extensions\redhat.java-1.55.0-win32-x64\lombok\lombok-1.18.39-4050.jar path:c:\Users\saida\.vscode\extensions\redhat.java-1.55.0-win32-x64\jre\21.0.11-win32-x86_64\bin\instrument.dll, loaded, initialized, instrumentlib options:none

dbghelp: loaded successfully - version: 4.0.5 - missing functions: none
symbol engine: initialized successfully - sym options: 0x614 - pdb path: .;c:\Users\saida\.vscode\extensions\redhat.java-1.55.0-win32-x64\jre\21.0.11-win32-x86_64\bin;C:\WINDOWS\SYSTEM32;C:\WINDOWS\WinSxS\amd64_microsoft.windows.common-controls_6595b64144ccf1df_6.0.26100.5074_none_3e0d6f78e32fd63f;c:\Users\saida\.vscode\extensions\redhat.java-1.55.0-win32-x64\jre\21.0.11-win32-x86_64\bin\server;C:\Users\saida\AppData\Roaming\Code\User\globalStorage\redhat.java\1.55.0\config_win\org.eclipse.equinox.launcher\org.eclipse.equinox.launcher.win32.win32.x86_64_1.3.100.v20260613-0559;C:\Users\saida\AppData\Local\Temp\jna-109198744

VM Arguments:
jvm_args: --add-modules=ALL-SYSTEM --add-opens=java.base/java.util=ALL-UNNAMED --add-opens=java.base/java.lang=ALL-UNNAMED --add-opens=java.base/sun.nio.fs=ALL-UNNAMED -Declipse.application=org.eclipse.jdt.ls.core.id1 -Dosgi.bundles.defaultStartLevel=4 -Declipse.product=org.eclipse.jdt.ls.core.product -Djava.import.generatesMetadataFilesAtProjectRoot=false -DDetectVMInstallationsJob.disabled=true -Dfile.encoding=utf8 -XX:+UseParallelGC -XX:GCTimeRatio=4 -XX:AdaptiveSizePolicyWeight=90 -Dsun.zip.disableMemoryMapping=true -Xmx2G -Xms100m -Xlog:disable -javaagent:c:\Users\saida\.vscode\extensions\redhat.java-1.55.0-win32-x64\lombok\lombok-1.18.39-4050.jar -XX:+HeapDumpOnOutOfMemoryError -XX:HeapDumpPath=c:\Users\saida\AppData\Roaming\Code\User\workspaceStorage\19bd9372ae1d924cd7bbf513b81384f7\redhat.java -Daether.dependencyCollector.impl=bf 
java_command: c:\Users\saida\.vscode\extensions\redhat.java-1.55.0-win32-x64\server\plugins\org.eclipse.equinox.launcher_1.7.200.v20260619-2039.jar -configuration c:\Users\saida\AppData\Roaming\Code\User\globalStorage\redhat.java\1.55.0\config_win -data c:\Users\saida\AppData\Roaming\Code\User\workspaceStorage\19bd9372ae1d924cd7bbf513b81384f7\redhat.java\jdt_ws --pipe=\\.\pipe\lsp-af61a493d47075a2654a6f8bd0d5a0b5-sock
java_class_path (initial): c:\Users\saida\.vscode\extensions\redhat.java-1.55.0-win32-x64\server\plugins\org.eclipse.equinox.launcher_1.7.200.v20260619-2039.jar
Launcher Type: SUN_STANDARD

[Global flags]
    uintx AdaptiveSizePolicyWeight                 = 90                                        {product} {command line}
     intx CICompilerCount                          = 4                                         {product} {ergonomic}
    uintx GCTimeRatio                              = 4                                         {product} {command line}
     bool HeapDumpOnOutOfMemoryError               = true                                   {manageable} {command line}
    ccstr HeapDumpPath                             = c:\Users\saida\AppData\Roaming\Code\User\workspaceStorage\19bd9372ae1d924cd7bbf513b81384f7\redhat.java         {manageable} {command line}
   size_t InitialHeapSize                          = 104857600                                 {product} {command line}
   size_t MaxHeapSize                              = 2147483648                                {product} {command line}
   size_t MaxNewSize                               = 715653120                                 {product} {ergonomic}
   size_t MinHeapDeltaBytes                        = 524288                                    {product} {ergonomic}
   size_t MinHeapSize                              = 104857600                                 {product} {command line}
   size_t NewSize                                  = 34603008                                  {product} {ergonomic}
    uintx NonNMethodCodeHeapSize                   = 5839372                                {pd product} {ergonomic}
    uintx NonProfiledCodeHeapSize                  = 122909434                              {pd product} {ergonomic}
   size_t OldSize                                  = 70254592                                  {product} {ergonomic}
    uintx ProfiledCodeHeapSize                     = 122909434                              {pd product} {ergonomic}
    uintx ReservedCodeCacheSize                    = 251658240                              {pd product} {ergonomic}
     bool SegmentedCodeCache                       = true                                      {product} {ergonomic}
   size_t SoftMaxHeapSize                          = 2147483648                             {manageable} {ergonomic}
     bool UseCompressedOops                        = true                           {product lp64_product} {ergonomic}
     bool UseLargePagesIndividualAllocation        = false                                  {pd product} {ergonomic}
     bool UseParallelGC                            = true                                      {product} {command line}

Logging:
Log output configuration:
 #0: stdout all=off uptime,level,tags foldmultilines=false
 #1: stderr all=off uptime,level,tags foldmultilines=false

Release file:
JAVA_VERSION="21.0.11" 
MODULES="java.base java.compiler java.datatransfer java.xml java.prefs java.desktop java.instrument java.logging java.management java.security.sasl java.naming java.rmi java.management.rmi java.net.http java.scripting java.security.jgss java.transaction.xa java.sql java.sql.rowset java.xml.crypto java.se java.smartcardio jdk.accessibility jdk.internal.jvmstat jdk.attach jdk.charsets jdk.internal.opt jdk.zipfs jdk.compiler jdk.crypto.ec jdk.crypto.cryptoki jdk.crypto.mscapi jdk.dynalink jdk.internal.ed jdk.editpad jdk.hotspot.agent jdk.httpserver jdk.internal.le jdk.internal.vm.ci jdk.internal.vm.compiler jdk.internal.vm.compiler.management jdk.jartool jdk.javadoc jdk.jcmd jdk.management jdk.management.agent jdk.jconsole jdk.jdeps jdk.jdwp.agent jdk.jdi jdk.jfr jdk.jshell jdk.jsobject jdk.jstatd jdk.localedata jdk.management.jfr jdk.naming.dns jdk.naming.rmi jdk.net jdk.nio.mapmode jdk.random jdk.sctp jdk.security.auth jdk.security.jgss jdk.unsupported jdk.unsupported.desktop jdk.xml.dom" 

Environment Variables:
JAVA_HOME=C:\Program Files\Eclipse Adoptium\jdk-21.0.11.10-hotspot\
PATH=C:\Program Files\Eclipse Adoptium\jdk-21.0.11.10-hotspot\bin;C:\Users\saida\AppData\Local\Programs\Python\Python37\Scripts\;C:\Users\saida\AppData\Local\Programs\Python\Python37\;C:\protoc\bin;C:\WINDOWS\system32;C:\WINDOWS;C:\WINDOWS\System32\Wbem;C:\WINDOWS\System32\WindowsPowerShell\v1.0\;C:\WINDOWS\System32\OpenSSH\;C:\RealTimeObjectDetection\Tensorflow\bin\protoc.exe;C:\Program Files\HP\HP One Agent;C:\Program Files\Docker\Docker\resources\bin;C:\Program Files\nodejs\;C:\Users\saida\Downloads\apache-maven-3.9.10-bin\apache-maven-3.9.10\bin;C:\Users\saida\Downloads\ffmpeg-8.0.1-full_build\bin;C:\Users\saida\.local\bin;C:\Users\saida\.local\bin;C:\Users\saida\AppData\Local\Programs\Python\Python310\Scripts\;C:\Users\saida\AppData\Local\Programs\Python\Python310\;C:\Users\saida\AppData\Local\Programs\Python\Python38\Scripts\;C:\Users\saida\AppData\Local\Programs\Python\Python38\;D:\oracle\product\10.2.0\db_1\bin;C:\Program Files\Common Files\Oracle\Java\javapath;C:\WINDOWS\system32;C:\WINDOWS;C:\WINDOWS\System32\Wbem;C:\WINDOWS\System32\WindowsPowerShell\v1.0\;C:\WINDOWS\System32\OpenSSH\;C:\Program Files\nodejs\node_modules;C:\Program Files\Java\jdk-18.0.2.1;C:\Program Files\nodejs\;C:\Program Files\HP\HP One Agent;C:\php-8.3.9;C:\Users\saida\AppData\Local\Programs\Python\Python312\python.exe;C:\Users\saida\AppData\Local\Programs\Python\Python312\Scripts;C:\Users\saida\AppData\Local\Programs\Python\Python312;C:\Program Files\Git\cmd;C:\Users\saida\RealTimeObjectDetection\Tensorflow\labelImg;C:\Windows\System32;C:\Users\saida\AppData\Local\Microsoft\WindowsApps;C:\Users\saida\AppData\Local\Programs\Python\Python312\Scripts\pip.exe;C:\Users\saida\AppData\Local\GitHubDesktop\bin;C:\Python37\;C:\Python37\Scripts\;C:\protoc\bin;C:\Users\saida\AppData\Local\Microsoft\WindowsApps;C:\RealTimeObjectDetection\Tensorflow\bin\protoc.exe;C:\Users\saida\AppData\Roaming\npm;C:\Users\saida\Downloads\apache-maven-3.9.10-bin\apache-maven-3.9.10\bin;C:\Users\saida\AppData\Local\Programs\Microsoft VS Code\bin;C:\Users\saida\Downloads\ffmpeg-8.0.1-full_build\bin;C:\Users\saida\AppData\Local\Microsoft\WinGet\Packages\Ngrok.Ngrok_Microsoft.Winget.Source_8wekyb3d8bbwe;C:\Users\saida\AppData\Local\Programs\Antigravity\bin;C:\Users\saida\AppData\Local\Programs\Antigravity IDE\bin
USERNAME=saida
OS=Windows_NT
PROCESSOR_IDENTIFIER=Intel64 Family 6 Model 140 Stepping 1, GenuineIntel
TMP=C:\Users\saida\AppData\Local\Temp
TEMP=C:\Users\saida\AppData\Local\Temp




Periodic native trim disabled

---------------  S Y S T E M  ---------------

OS:
 Windows 11 , 64 bit Build 26100 (10.0.26100.5074)
OS uptime: 0 days 5:07 hours
Hyper-V role detected

CPU: total 8 (initial active 8) (4 cores per cpu, 2 threads per core) family 6 model 140 stepping 1 microcode 0x9a, cx8, cmov, fxsr, ht, mmx, 3dnowpref, sse, sse2, sse3, ssse3, sse4.1, sse4.2, popcnt, lzcnt, tsc, tscinvbit, avx, avx2, aes, erms, clmul, bmi1, bmi2, adx, avx512f, avx512dq, avx512cd, avx512bw, avx512vl, sha, fma, vzeroupper, avx512_vpopcntdq, avx512_vpclmulqdq, avx512_vaes, avx512_vnni, clflush, clflushopt, clwb, avx512_vbmi2, avx512_vbmi, hv, rdtscp, rdpid, fsrm, gfni, avx512_bitalg, f16c, cet_ibt, cet_ss, avx512_ifma
Processor Information for the first 8 processors :
  Max Mhz: 1997, Current Mhz: 1997, Mhz Limit: 1997

Memory: 4k page, system-wide physical 7959M (40M free)
TotalPageFile size 28013M (AvailPageFile size 4M)
current process WorkingSet (physical memory assigned to process): 129M, peak: 175M
current process commit charge ("private bytes"): 326M, peak: 332M

vm_info: OpenJDK 64-Bit Server VM (21.0.11+10-LTS) for windows-amd64 JRE (21.0.11+10-LTS), built on 2026-04-21T00:00:00Z by "admin" with MS VC++ 17.12 (VS2022)

END.
