#
# There is insufficient memory for the Java Runtime Environment to continue.
# Native memory allocation (malloc) failed to allocate 260848 bytes. Error detail: Chunk::new
# Possible reasons:
#   The system is out of physical RAM or swap space
#   This process is running with CompressedOops enabled, and the Java Heap may be blocking the growth of the native heap
# Possible solutions:
#   Reduce memory load on the system
#   Increase physical memory or swap space
#   Check if swap backing store is full
#   Decrease Java heap size (-Xmx/-Xms)
#   Decrease number of Java threads
#   Decrease Java thread stack sizes (-Xss)
#   Set larger code cache with -XX:ReservedCodeCacheSize=
#   JVM is running with Unscaled Compressed Oops mode in which the Java heap is
#     placed in the first 4GB address space. The Java Heap base address is the
#     maximum limit for the native heap growth. Please use -XX:HeapBaseMinAddress
#     to set the Java Heap base and to place the Java Heap above 4GB virtual address.
# This output file may be truncated or incomplete.
#
#  Out of Memory Error (arena.cpp:168), pid=35164, tid=32084
#
# JRE version: OpenJDK Runtime Environment Temurin-21.0.11+10 (21.0.11+10) (build 21.0.11+10-LTS)
# Java VM: OpenJDK 64-Bit Server VM Temurin-21.0.11+10 (21.0.11+10-LTS, mixed mode, sharing, tiered, compressed oops, compressed class ptrs, parallel gc, windows-amd64)
# No core dump will be written. Minidumps are not enabled by default on client versions of Windows
#

---------------  S U M M A R Y ------------

Command Line: --add-modules=ALL-SYSTEM --add-opens=java.base/java.util=ALL-UNNAMED --add-opens=java.base/java.lang=ALL-UNNAMED --add-opens=java.base/sun.nio.fs=ALL-UNNAMED -Declipse.application=org.eclipse.jdt.ls.core.id1 -Dosgi.bundles.defaultStartLevel=4 -Declipse.product=org.eclipse.jdt.ls.core.product -Djava.import.generatesMetadataFilesAtProjectRoot=false -DDetectVMInstallationsJob.disabled=true -Dfile.encoding=utf8 -XX:+UseParallelGC -XX:GCTimeRatio=4 -XX:AdaptiveSizePolicyWeight=90 -Dsun.zip.disableMemoryMapping=true -Xmx2G -Xms100m -Xlog:disable -javaagent:c:\Users\saida\.vscode\extensions\redhat.java-1.55.0-win32-x64\lombok\lombok-1.18.39-4050.jar -XX:+HeapDumpOnOutOfMemoryError -XX:HeapDumpPath=c:\Users\saida\AppData\Roaming\Code\User\workspaceStorage\19bd9372ae1d924cd7bbf513b81384f7\redhat.java -Daether.dependencyCollector.impl=bf c:\Users\saida\.vscode\extensions\redhat.java-1.55.0-win32-x64\server\plugins\org.eclipse.equinox.launcher_1.7.200.v20260619-2039.jar -configuration c:\Users\saida\AppData\Roaming\Code\User\globalStorage\redhat.java\1.55.0\config_win -data c:\Users\saida\AppData\Roaming\Code\User\workspaceStorage\19bd9372ae1d924cd7bbf513b81384f7\redhat.java\jdt_ws --pipe=\\.\pipe\lsp-93ef1082e2180832bc3fbb98e728320d-sock

Host: 11th Gen Intel(R) Core(TM) i3-1125G4 @ 2.00GHz, 8 cores, 7G,  Windows 11 , 64 bit Build 26100 (10.0.26100.5074)
Time: Fri Jul 24 16:21:00 2026 India Standard Time elapsed time: 199.368589 seconds (0d 0h 3m 19s)

---------------  T H R E A D  ---------------

Current thread (0x000001e87764ee50):  JavaThread "C2 CompilerThread0" daemon [_thread_in_native, id=32084, stack(0x0000009fbb700000,0x0000009fbb800000) (1024K)]


Current CompileTask:
C2:199368 20146   !   4       java.io.InputStream::read (81 bytes)

Stack: [0x0000009fbb700000,0x0000009fbb800000]
Native frames: (J=compiled Java code, j=interpreted, Vv=VM code, C=native code)
V  [jvm.dll+0x6d7e19]
V  [jvm.dll+0x8b5096]
V  [jvm.dll+0x8b764e]
V  [jvm.dll+0x8b7d33]
V  [jvm.dll+0x284596]
V  [jvm.dll+0xc685d]
V  [jvm.dll+0xc6da1]
V  [jvm.dll+0x3bed6b]
V  [jvm.dll+0x38b2b2]
V  [jvm.dll+0x38a6fa]
V  [jvm.dll+0x24c700]
V  [jvm.dll+0x24bce0]
V  [jvm.dll+0x1cb4ae]
V  [jvm.dll+0x25baad]
V  [jvm.dll+0x25a03a]
V  [jvm.dll+0x3f868e]
V  [jvm.dll+0x85fb0d]
V  [jvm.dll+0x6d664d]
C  [ucrtbase.dll+0x37b0]
C  [KERNEL32.DLL+0x2e8d7]
C  [ntdll.dll+0x8d9c]


---------------  P R O C E S S  ---------------

Threads class SMR info:
_java_thread_list=0x000001e8576318c0, length=60, elements={
0x000001e8752e1c80, 0x000001e87777e400, 0x000001e87763ee30, 0x000001e87763fe20,
0x000001e877641a90, 0x000001e877644600, 0x000001e8776465c0, 0x000001e87764ee50,
0x000001e877662e80, 0x000001e850bcc1d0, 0x000001e850cf0530, 0x000001e85557f450,
0x000001e855618430, 0x000001e8555e3cd0, 0x000001e8555e4340, 0x000001e8554ee500,
0x000001e855e2b430, 0x000001e855a5dcf0, 0x000001e85571cc80, 0x000001e85571b240,
0x000001e85571d310, 0x000001e85571bf60, 0x000001e8550a7090, 0x000001e8550a7720,
0x000001e8550a6a00, 0x000001e8550aa510, 0x000001e8550aaba0, 0x000001e8550ab230,
0x000001e8550ab8c0, 0x000001e8550a8ad0, 0x000001e8550a8440, 0x000001e8550ae020,
0x000001e8550ac5e0, 0x000001e8550acc70, 0x000001e8550abf50, 0x000001e8550ad990,
0x000001e85868ec10, 0x000001e85868e580, 0x000001e85868be20, 0x000001e85868f2a0,
0x000001e85868c4b0, 0x000001e85868f930, 0x000001e85868cb40, 0x000001e85868d1d0,
0x000001e85868def0, 0x000001e85868ffc0, 0x000001e858690650, 0x000001e858690ce0,
0x000001e85868d860, 0x000001e858692720, 0x000001e858692db0, 0x000001e858693440,
0x000001e855cfbdf0, 0x000001e855cfb760, 0x000001e855cf9d20, 0x000001e855cfc480,
0x000001e855cfaa40, 0x000001e855cf9690, 0x000001e855cfcb10, 0x000001e855cfebe0
}

Java Threads: ( => current thread )
  0x000001e8752e1c80 JavaThread "main"                              [_thread_blocked, id=16716, stack(0x0000009fbad00000,0x0000009fbae00000) (1024K)]
  0x000001e87777e400 JavaThread "Reference Handler"          daemon [_thread_blocked, id=24060, stack(0x0000009fbb100000,0x0000009fbb200000) (1024K)]
  0x000001e87763ee30 JavaThread "Finalizer"                  daemon [_thread_blocked, id=28292, stack(0x0000009fbb200000,0x0000009fbb300000) (1024K)]
  0x000001e87763fe20 JavaThread "Signal Dispatcher"          daemon [_thread_blocked, id=34432, stack(0x0000009fbb300000,0x0000009fbb400000) (1024K)]
  0x000001e877641a90 JavaThread "Attach Listener"            daemon [_thread_blocked, id=34580, stack(0x0000009fbb400000,0x0000009fbb500000) (1024K)]
  0x000001e877644600 JavaThread "Service Thread"             daemon [_thread_blocked, id=24928, stack(0x0000009fbb500000,0x0000009fbb600000) (1024K)]
  0x000001e8776465c0 JavaThread "Monitor Deflation Thread"   daemon [_thread_blocked, id=33312, stack(0x0000009fbb600000,0x0000009fbb700000) (1024K)]
=>0x000001e87764ee50 JavaThread "C2 CompilerThread0"         daemon [_thread_in_native, id=32084, stack(0x0000009fbb700000,0x0000009fbb800000) (1024K)]
  0x000001e877662e80 JavaThread "C1 CompilerThread0"         daemon [_thread_blocked, id=33332, stack(0x0000009fbb800000,0x0000009fbb900000) (1024K)]
  0x000001e850bcc1d0 JavaThread "Common-Cleaner"             daemon [_thread_blocked, id=27804, stack(0x0000009fbb900000,0x0000009fbba00000) (1024K)]
  0x000001e850cf0530 JavaThread "Notification Thread"        daemon [_thread_blocked, id=22992, stack(0x0000009fbba00000,0x0000009fbbb00000) (1024K)]
  0x000001e85557f450 JavaThread "Active Thread: Equinox Container: 4edd5d85-8f48-4b94-a69f-61e2677e4244"        [_thread_blocked, id=29356, stack(0x0000009fbc200000,0x0000009fbc300000) (1024K)]
  0x000001e855618430 JavaThread "Refresh Thread: Equinox Container: 4edd5d85-8f48-4b94-a69f-61e2677e4244" daemon [_thread_blocked, id=30708, stack(0x0000009fbc400000,0x0000009fbc500000) (1024K)]
  0x000001e8555e3cd0 JavaThread "Framework Event Dispatcher: Equinox Container: 4edd5d85-8f48-4b94-a69f-61e2677e4244" daemon [_thread_blocked, id=15080, stack(0x0000009fbc500000,0x0000009fbc600000) (1024K)]
  0x000001e8555e4340 JavaThread "Start Level: Equinox Container: 4edd5d85-8f48-4b94-a69f-61e2677e4244" daemon [_thread_blocked, id=13448, stack(0x0000009fbc600000,0x0000009fbc700000) (1024K)]
  0x000001e8554ee500 JavaThread "Bundle File Closer"         daemon [_thread_blocked, id=26440, stack(0x0000009fbc100000,0x0000009fbc200000) (1024K)]
  0x000001e855e2b430 JavaThread "SCR Component Actor"        daemon [_thread_blocked, id=8348, stack(0x0000009fbc700000,0x0000009fbc800000) (1024K)]
  0x000001e855a5dcf0 JavaThread "Worker-JM"                         [_thread_blocked, id=34840, stack(0x0000009fbc800000,0x0000009fbc900000) (1024K)]
  0x000001e85571cc80 JavaThread "JNA Cleaner"                daemon [_thread_blocked, id=3248, stack(0x0000009fbc900000,0x0000009fbca00000) (1024K)]
  0x000001e85571b240 JavaThread "Worker-0"                          [_thread_blocked, id=27520, stack(0x0000009fbca00000,0x0000009fbcb00000) (1024K)]
  0x000001e85571d310 JavaThread "Worker-1: Update Maven project configuration"        [_thread_in_native, id=4444, stack(0x0000009fbcb00000,0x0000009fbcc00000) (1024K)]
  0x000001e85571bf60 JavaThread "Worker-3: Refreshing workspace"        [_thread_blocked, id=4976, stack(0x0000009fbcd00000,0x0000009fbce00000) (1024K)]
  0x000001e8550a7090 JavaThread "Java indexing"              daemon [_thread_blocked, id=26948, stack(0x0000009fbce00000,0x0000009fbcf00000) (1024K)]
  0x000001e8550a7720 JavaThread "Thread-1"                   daemon [_thread_in_native, id=25016, stack(0x0000009fbd500000,0x0000009fbd600000) (1024K)]
  0x000001e8550a6a00 JavaThread "Thread-2"                   daemon [_thread_in_native, id=28352, stack(0x0000009fbd600000,0x0000009fbd700000) (1024K)]
  0x000001e8550aa510 JavaThread "Thread-3"                   daemon [_thread_in_native, id=31064, stack(0x0000009fbd700000,0x0000009fbd800000) (1024K)]
  0x000001e8550aaba0 JavaThread "Thread-4"                   daemon [_thread_in_native, id=34148, stack(0x0000009fbd800000,0x0000009fbd900000) (1024K)]
  0x000001e8550ab230 JavaThread "Thread-5"                   daemon [_thread_in_native, id=24640, stack(0x0000009fbd900000,0x0000009fbda00000) (1024K)]
  0x000001e8550ab8c0 JavaThread "Thread-6"                   daemon [_thread_in_native, id=24492, stack(0x0000009fbda00000,0x0000009fbdb00000) (1024K)]
  0x000001e8550a8ad0 JavaThread "Thread-7"                   daemon [_thread_in_native, id=34660, stack(0x0000009fbdb00000,0x0000009fbdc00000) (1024K)]
  0x000001e8550a8440 JavaThread "Thread-8"                   daemon [_thread_in_native, id=30152, stack(0x0000009fbdc00000,0x0000009fbdd00000) (1024K)]
  0x000001e8550ae020 JavaThread "Thread-9"                   daemon [_thread_in_native, id=13332, stack(0x0000009fbdd00000,0x0000009fbde00000) (1024K)]
  0x000001e8550ac5e0 JavaThread "pool-2-thread-1"                   [_thread_blocked, id=14244, stack(0x0000009fbde00000,0x0000009fbdf00000) (1024K)]
  0x000001e8550acc70 JavaThread "WorkspaceEventsHandler"            [_thread_blocked, id=32524, stack(0x0000009fbdf00000,0x0000009fbe000000) (1024K)]
  0x000001e8550abf50 JavaThread "pool-1-thread-1"                   [_thread_in_vm, id=32144, stack(0x0000009fbe000000,0x0000009fbe100000) (1024K)]
  0x000001e8550ad990 JavaThread "LocalFile Deleter"          daemon [_thread_blocked, id=22532, stack(0x0000009fbe100000,0x0000009fbe200000) (1024K)]
  0x000001e85868ec10 JavaThread "LocalFile Deleter"          daemon [_thread_blocked, id=7708, stack(0x0000009fbe200000,0x0000009fbe300000) (1024K)]
  0x000001e85868e580 JavaThread "LocalFile Deleter"          daemon [_thread_blocked, id=20560, stack(0x0000009fbe300000,0x0000009fbe400000) (1024K)]
  0x000001e85868be20 JavaThread "LocalFile Deleter"          daemon [_thread_blocked, id=18252, stack(0x0000009fbe400000,0x0000009fbe500000) (1024K)]
  0x000001e85868f2a0 JavaThread "LocalFile Deleter"          daemon [_thread_blocked, id=360, stack(0x0000009fbe500000,0x0000009fbe600000) (1024K)]
  0x000001e85868c4b0 JavaThread "LocalFile Deleter"          daemon [_thread_blocked, id=30816, stack(0x0000009fbe600000,0x0000009fbe700000) (1024K)]
  0x000001e85868f930 JavaThread "LocalFile Deleter"          daemon [_thread_blocked, id=8596, stack(0x0000009fbe700000,0x0000009fbe800000) (1024K)]
  0x000001e85868cb40 JavaThread "LocalFile Deleter"          daemon [_thread_blocked, id=21952, stack(0x0000009fbe800000,0x0000009fbe900000) (1024K)]
  0x000001e85868d1d0 JavaThread "Compiler Source File Reader" daemon [_thread_blocked, id=34140, stack(0x0000009fbe900000,0x0000009fbea00000) (1024K)]
  0x000001e85868def0 JavaThread "Compiler Source File Reader" daemon [_thread_blocked, id=33844, stack(0x0000009fbea00000,0x0000009fbeb00000) (1024K)]
  0x000001e85868ffc0 JavaThread "Compiler Source File Reader" daemon [_thread_blocked, id=2880, stack(0x0000009fbeb00000,0x0000009fbec00000) (1024K)]
  0x000001e858690650 JavaThread "Compiler Source File Reader" daemon [_thread_blocked, id=19872, stack(0x0000009fbec00000,0x0000009fbed00000) (1024K)]
  0x000001e858690ce0 JavaThread "Compiler Source File Reader" daemon [_thread_blocked, id=30640, stack(0x0000009fbed00000,0x0000009fbee00000) (1024K)]
  0x000001e85868d860 JavaThread "Compiler Source File Reader" daemon [_thread_blocked, id=34992, stack(0x0000009fbee00000,0x0000009fbef00000) (1024K)]
  0x000001e858692720 JavaThread "Compiler Processing Task"   daemon [_thread_blocked, id=31320, stack(0x0000009fbaa00000,0x0000009fbab00000) (1024K)]
  0x000001e858692db0 JavaThread "Compiler Class File Writer" daemon [_thread_blocked, id=18572, stack(0x0000009fbef00000,0x0000009fbf000000) (1024K)]
  0x000001e858693440 JavaThread "Compiler Class File Writer" daemon [_thread_blocked, id=23180, stack(0x0000009fbf000000,0x0000009fbf100000) (1024K)]
  0x000001e855cfbdf0 JavaThread "Compiler Class File Writer" daemon [_thread_blocked, id=23496, stack(0x0000009fbf100000,0x0000009fbf200000) (1024K)]
  0x000001e855cfb760 JavaThread "Compiler Class File Writer" daemon [_thread_blocked, id=21872, stack(0x0000009fbf200000,0x0000009fbf300000) (1024K)]
  0x000001e855cf9d20 JavaThread "Compiler Class File Writer" daemon [_thread_blocked, id=31660, stack(0x0000009fbf300000,0x0000009fbf400000) (1024K)]
  0x000001e855cfc480 JavaThread "Compiler Class File Writer" daemon [_thread_blocked, id=7844, stack(0x0000009fbf400000,0x0000009fbf500000) (1024K)]
  0x000001e855cfaa40 JavaThread "PatternSearchJob-worker-1"  daemon [_thread_blocked, id=18204, stack(0x0000009fbd100000,0x0000009fbd200000) (1024K)]
  0x000001e855cf9690 JavaThread "PatternSearchJob-worker-2"  daemon [_thread_blocked, id=31080, stack(0x0000009fbf500000,0x0000009fbf600000) (1024K)]
  0x000001e855cfcb10 JavaThread "Worker-6: Initialize workspace"        [_thread_blocked, id=26608, stack(0x0000009fbab00000,0x0000009fbac00000) (1024K)]
  0x000001e855cfebe0 JavaThread "Worker-7"                          [_thread_blocked, id=34976, stack(0x0000009fbac00000,0x0000009fbad00000) (1024K)]
Total: 60

Other Threads:
  0x000001e8777699a0 VMThread "VM Thread"                           [id=11620, stack(0x0000009fbb000000,0x0000009fbb100000) (1024K)]
  0x000001e877739d10 WatcherThread "VM Periodic Task Thread"        [id=23300, stack(0x0000009fbaf00000,0x0000009fbb000000) (1024K)]
  0x000001e8776ee670 WorkerThread "GC Thread#0"                     [id=17132, stack(0x0000009fbae00000,0x0000009fbaf00000) (1024K)]
  0x000001e8552c89e0 WorkerThread "GC Thread#1"                     [id=33980, stack(0x0000009fbbb00000,0x0000009fbbc00000) (1024K)]
  0x000001e8551ab4f0 WorkerThread "GC Thread#2"                     [id=20332, stack(0x0000009fbbc00000,0x0000009fbbd00000) (1024K)]
  0x000001e85521ff60 WorkerThread "GC Thread#3"                     [id=33028, stack(0x0000009fbbd00000,0x0000009fbbe00000) (1024K)]
  0x000001e855220310 WorkerThread "GC Thread#4"                     [id=29488, stack(0x0000009fbbe00000,0x0000009fbbf00000) (1024K)]
  0x000001e8552206c0 WorkerThread "GC Thread#5"                     [id=30536, stack(0x0000009fbbf00000,0x0000009fbc000000) (1024K)]
  0x000001e855220a70 WorkerThread "GC Thread#6"                     [id=35420, stack(0x0000009fbc000000,0x0000009fbc100000) (1024K)]
  0x000001e85560e7b0 WorkerThread "GC Thread#7"                     [id=32348, stack(0x0000009fbc300000,0x0000009fbc400000) (1024K)]
Total: 10

Threads with active compile tasks:
C2 CompilerThread0  199422 20146   !   4       java.io.InputStream::read (81 bytes)
Total: 1

VM state: not at safepoint (normal execution)

VM Mutex/Monitor currently owned by a thread:  ([mutex/lock_event])
[0x00007fffec47fbf0] SystemDictionary_lock - owner thread: 0x0000000000000000

Heap address: 0x0000000080000000, size: 2048 MB, Compressed Oops mode: 32-bit

CDS archive(s) mapped at: [0x000001e80f000000-0x000001e80fba0000-0x000001e80fba0000), size 12189696, SharedBaseAddress: 0x000001e80f000000, ArchiveRelocationMode: 1.
Compressed class space mapped at: 0x000001e810000000-0x000001e850000000, reserved size: 1073741824
Narrow klass base: 0x000001e80f000000, Narrow klass shift: 0, Narrow klass range: 0x100000000

GC Precious Log:
 CardTable entry size: 512
 CPUs: 8 total, 8 available
 Memory: 7959M
 Large Page Support: Disabled
 NUMA Support: Disabled
 Compressed Oops: Enabled (32-bit)
 Alignments: Space 512K, Generation 512K, Heap 2M
 Heap Min Capacity: 100M
 Heap Initial Capacity: 100M
 Heap Max Capacity: 2G
 Pre-touch: Disabled
 Parallel Workers: 8

Heap:
 PSYoungGen      total 55296K, used 39452K [0x00000000d5580000, 0x00000000d9480000, 0x0000000100000000)
  eden space 54784K, 71% used [0x00000000d5580000,0x00000000d7baf160,0x00000000d8b00000)
  from space 512K, 68% used [0x00000000d9400000,0x00000000d9458000,0x00000000d9480000)
  to   space 4096K, 0% used [0x00000000d8c80000,0x00000000d8c80000,0x00000000d9080000)
 ParOldGen       total 287744K, used 107597K [0x0000000080000000, 0x0000000091900000, 0x00000000d5580000)
  object space 287744K, 37% used [0x0000000080000000,0x0000000086913718,0x0000000091900000)
 Metaspace       used 70593K, committed 72128K, reserved 1114112K
  class space    used 6974K, committed 7680K, reserved 1048576K

Card table byte_map: [0x000001e877060000,0x000001e877470000] _byte_map_base: 0x000001e876c60000

Marking Bits: (ParMarkBitMap*) 0x00007fffec484460
 Begin Bits: [0x000001e87ab70000, 0x000001e87cb70000)
 End Bits:   [0x000001e87cb70000, 0x000001e87eb70000)

Polling page: 0x000001e875610000

Metaspace:

Usage:
  Non-class:     62.13 MB used.
      Class:      6.81 MB used.
       Both:     68.94 MB used.

Virtual space:
  Non-class space:       64.00 MB reserved,      62.94 MB ( 98%) committed,  1 nodes.
      Class space:        1.00 GB reserved,       7.50 MB ( <1%) committed,  1 nodes.
             Both:        1.06 GB reserved,      70.44 MB (  6%) committed. 

Chunk freelists:
   Non-Class:  320.00 KB
       Class:  8.42 MB
        Both:  8.73 MB

MaxMetaspaceSize: unlimited
CompressedClassSpaceSize: 1.00 GB
Initial GC threshold: 21.00 MB
Current GC threshold: 116.50 MB
CDS: on
 - commit_granule_bytes: 65536.
 - commit_granule_words: 8192.
 - virtual_space_node_default_size: 8388608.
 - enlarge_chunks_in_place: 1.
 - use_allocation_guard: 0.


Internal statistics:

num_allocs_failed_limit: 9.
num_arena_births: 1372.
num_arena_deaths: 16.
num_vsnodes_births: 2.
num_vsnodes_deaths: 0.
num_space_committed: 1127.
num_space_uncommitted: 0.
num_chunks_returned_to_freelist: 26.
num_chunks_taken_from_freelist: 4844.
num_chunk_merges: 8.
num_chunk_splits: 2930.
num_chunks_enlarged: 1636.
num_inconsistent_stats: 0.

CodeHeap 'non-profiled nmethods': size=120000Kb used=20811Kb max_used=22386Kb free=99188Kb
 bounds [0x000001e807ad0000, 0x000001e8090b0000, 0x000001e80f000000]
CodeHeap 'profiled nmethods': size=120000Kb used=40411Kb max_used=45264Kb free=79588Kb
 bounds [0x000001e800000000, 0x000001e802c40000, 0x000001e807530000]
CodeHeap 'non-nmethods': size=5760Kb used=1445Kb max_used=1528Kb free=4314Kb
 bounds [0x000001e807530000, 0x000001e8077a0000, 0x000001e807ad0000]
CodeCache: size=245760Kb, used=62667Kb, max_used=69178Kb, free=183090Kb
 total_blobs=16995, nmethods=16256, adapters=642, full_count=0
Compilation: enabled, stopped_count=0, restarted_count=0

Compilation events (20 events):
Event: 199.280 Thread 0x000001e877662e80 nmethod 20135 0x000001e800443890 code [0x000001e800443ac0, 0x000001e8004442a8]
Event: 199.281 Thread 0x000001e877662e80 20136       1       org.eclipse.core.internal.resources.Marker::getResource (5 bytes)
Event: 199.281 Thread 0x000001e877662e80 nmethod 20136 0x000001e807b6e010 code [0x000001e807b6e1a0, 0x000001e807b6e268]
Event: 199.282 Thread 0x000001e87764ee50 20137       4       org.eclipse.core.internal.resources.MarkerManager$$Lambda/0x000001e81030bcf8::visitElement (23 bytes)
Event: 199.282 Thread 0x000001e877662e80 20138   !   3       org.eclipse.jdt.ls.core.internal.ProjectUtils::hasNature (21 bytes)
Event: 199.282 Thread 0x000001e877662e80 nmethod 20138 0x000001e8002a2790 code [0x000001e8002a2960, 0x000001e8002a2bb0]
Event: 199.285 Thread 0x000001e87764ee50 nmethod 20137 0x000001e807b69690 code [0x000001e807b69860, 0x000001e807b69ac8]
Event: 199.322 Thread 0x000001e877662e80 20139       1       org.eclipse.core.internal.properties.PropertyBucket::getVersion (2 bytes)
Event: 199.322 Thread 0x000001e877662e80 nmethod 20139 0x000001e807b6f310 code [0x000001e807b6f4a0, 0x000001e807b6f568]
Event: 199.323 Thread 0x000001e877662e80 20140       3       java.lang.invoke.MethodHandles::insertArgumentsChecks (51 bytes)
Event: 199.324 Thread 0x000001e877662e80 nmethod 20140 0x000001e800039790 code [0x000001e800039980, 0x000001e800039e58]
Event: 199.327 Thread 0x000001e877662e80 20142       3       org.eclipse.core.internal.resources.ContentDescriptionManager$$Lambda/0x000001e81062a880::visitElement (15 bytes)
Event: 199.328 Thread 0x000001e877662e80 nmethod 20142 0x000001e800097b90 code [0x000001e800097d40, 0x000001e800097ea8]
Event: 199.328 Thread 0x000001e877662e80 20143       3       org.eclipse.core.internal.resources.ContentDescriptionManager::lambda$0 (76 bytes)
Event: 199.328 Thread 0x000001e877662e80 nmethod 20143 0x000001e80003fb10 code [0x000001e80003fd40, 0x000001e800040610]
Event: 199.332 Thread 0x000001e877662e80 20144       3       org.eclipse.core.internal.jobs.JobManager::startJob (89 bytes)
Event: 199.334 Thread 0x000001e877662e80 nmethod 20144 0x000001e8000e5a90 code [0x000001e8000e5d40, 0x000001e8000e6ba0]
Event: 199.334 Thread 0x000001e877662e80 20145   !   3       org.eclipse.core.internal.jobs.JobManager::nextJob (291 bytes)
Event: 199.336 Thread 0x000001e87764ee50 20146   !   4       java.io.InputStream::read (81 bytes)
Event: 199.338 Thread 0x000001e877662e80 nmethod 20145 0x000001e801464490 code [0x000001e801464920, 0x000001e801466a58]

GC Heap History (20 events):
Event: 189.206 GC heap before
{Heap before GC invocations=430 (full 4):
 PSYoungGen      total 65024K, used 65009K [0x00000000d5580000, 0x00000000dab00000, 0x0000000100000000)
  eden space 45056K, 99% used [0x00000000d5580000,0x00000000d817f748,0x00000000d8180000)
  from space 19968K, 99% used [0x00000000d8180000,0x00000000d94fcfb8,0x00000000d9500000)
  to   space 20992K, 0% used [0x00000000d9680000,0x00000000d9680000,0x00000000dab00000)
 ParOldGen       total 275968K, used 275536K [0x0000000080000000, 0x0000000090d80000, 0x00000000d5580000)
  object space 275968K, 99% used [0x0000000080000000,0x0000000090d14088,0x0000000090d80000)
 Metaspace       used 69774K, committed 71296K, reserved 1114112K
  class space    used 6902K, committed 7616K, reserved 1048576K
}
Event: 189.226 GC heap after
{Heap after GC invocations=430 (full 4):
 PSYoungGen      total 62976K, used 20988K [0x00000000d5580000, 0x00000000db400000, 0x0000000100000000)
  eden space 41984K, 0% used [0x00000000d5580000,0x00000000d5580000,0x00000000d7e80000)
  from space 20992K, 99% used [0x00000000d9680000,0x00000000daaff1e8,0x00000000dab00000)
  to   space 24576K, 0% used [0x00000000d7e80000,0x00000000d7e80000,0x00000000d9680000)
 ParOldGen       total 278528K, used 278269K [0x0000000080000000, 0x0000000091000000, 0x00000000d5580000)
  object space 278528K, 99% used [0x0000000080000000,0x0000000090fbf530,0x0000000091000000)
 Metaspace       used 69774K, committed 71296K, reserved 1114112K
  class space    used 6902K, committed 7616K, reserved 1048576K
}
Event: 189.334 GC heap before
{Heap before GC invocations=431 (full 4):
 PSYoungGen      total 62976K, used 62972K [0x00000000d5580000, 0x00000000db400000, 0x0000000100000000)
  eden space 41984K, 100% used [0x00000000d5580000,0x00000000d7e80000,0x00000000d7e80000)
  from space 20992K, 99% used [0x00000000d9680000,0x00000000daaff1e8,0x00000000dab00000)
  to   space 24576K, 0% used [0x00000000d7e80000,0x00000000d7e80000,0x00000000d9680000)
 ParOldGen       total 278528K, used 278269K [0x0000000080000000, 0x0000000091000000, 0x00000000d5580000)
  object space 278528K, 99% used [0x0000000080000000,0x0000000090fbf530,0x0000000091000000)
 Metaspace       used 69774K, committed 71296K, reserved 1114112K
  class space    used 6902K, committed 7616K, reserved 1048576K
}
Event: 189.352 GC heap after
{Heap after GC invocations=431 (full 4):
 PSYoungGen      total 66560K, used 22269K [0x00000000d5580000, 0x00000000dae80000, 0x0000000100000000)
  eden space 41984K, 0% used [0x00000000d5580000,0x00000000d5580000,0x00000000d7e80000)
  from space 24576K, 90% used [0x00000000d7e80000,0x00000000d943f4e8,0x00000000d9680000)
  to   space 23040K, 0% used [0x00000000d9800000,0x00000000d9800000,0x00000000dae80000)
 ParOldGen       total 279552K, used 279207K [0x0000000080000000, 0x0000000091100000, 0x00000000d5580000)
  object space 279552K, 99% used [0x0000000080000000,0x00000000910a9f20,0x0000000091100000)
 Metaspace       used 69774K, committed 71296K, reserved 1114112K
  class space    used 6902K, committed 7616K, reserved 1048576K
}
Event: 189.621 GC heap before
{Heap before GC invocations=432 (full 4):
 PSYoungGen      total 66560K, used 64253K [0x00000000d5580000, 0x00000000dae80000, 0x0000000100000000)
  eden space 41984K, 100% used [0x00000000d5580000,0x00000000d7e80000,0x00000000d7e80000)
  from space 24576K, 90% used [0x00000000d7e80000,0x00000000d943f4e8,0x00000000d9680000)
  to   space 23040K, 0% used [0x00000000d9800000,0x00000000d9800000,0x00000000dae80000)
 ParOldGen       total 279552K, used 279207K [0x0000000080000000, 0x0000000091100000, 0x00000000d5580000)
  object space 279552K, 99% used [0x0000000080000000,0x00000000910a9f20,0x0000000091100000)
 Metaspace       used 69776K, committed 71296K, reserved 1114112K
  class space    used 6902K, committed 7616K, reserved 1048576K
}
Event: 189.636 GC heap after
{Heap after GC invocations=432 (full 4):
 PSYoungGen      total 60416K, used 15815K [0x00000000d5580000, 0x00000000da780000, 0x0000000100000000)
  eden space 44544K, 0% used [0x00000000d5580000,0x00000000d5580000,0x00000000d8100000)
  from space 15872K, 99% used [0x00000000d9800000,0x00000000da771df0,0x00000000da780000)
  to   space 18432K, 0% used [0x00000000d8380000,0x00000000d8380000,0x00000000d9580000)
 ParOldGen       total 279552K, used 279207K [0x0000000080000000, 0x0000000091100000, 0x00000000d5580000)
  object space 279552K, 99% used [0x0000000080000000,0x00000000910a9f20,0x0000000091100000)
 Metaspace       used 69776K, committed 71296K, reserved 1114112K
  class space    used 6902K, committed 7616K, reserved 1048576K
}
Event: 190.149 GC heap before
{Heap before GC invocations=433 (full 4):
 PSYoungGen      total 60416K, used 60359K [0x00000000d5580000, 0x00000000da780000, 0x0000000100000000)
  eden space 44544K, 100% used [0x00000000d5580000,0x00000000d8100000,0x00000000d8100000)
  from space 15872K, 99% used [0x00000000d9800000,0x00000000da771df0,0x00000000da780000)
  to   space 18432K, 0% used [0x00000000d8380000,0x00000000d8380000,0x00000000d9580000)
 ParOldGen       total 279552K, used 279207K [0x0000000080000000, 0x0000000091100000, 0x00000000d5580000)
  object space 279552K, 99% used [0x0000000080000000,0x00000000910a9f20,0x0000000091100000)
 Metaspace       used 69776K, committed 71296K, reserved 1114112K
  class space    used 6902K, committed 7616K, reserved 1048576K
}
Event: 190.169 GC heap after
{Heap after GC invocations=433 (full 4):
 PSYoungGen      total 65536K, used 18415K [0x00000000d5580000, 0x00000000da980000, 0x0000000100000000)
  eden space 47104K, 0% used [0x00000000d5580000,0x00000000d5580000,0x00000000d8380000)
  from space 18432K, 99% used [0x00000000d8380000,0x00000000d957bf08,0x00000000d9580000)
  to   space 19456K, 0% used [0x00000000d9680000,0x00000000d9680000,0x00000000da980000)
 ParOldGen       total 279552K, used 279407K [0x0000000080000000, 0x0000000091100000, 0x00000000d5580000)
  object space 279552K, 99% used [0x0000000080000000,0x00000000910dbf20,0x0000000091100000)
 Metaspace       used 69776K, committed 71296K, reserved 1114112K
  class space    used 6902K, committed 7616K, reserved 1048576K
}
Event: 190.765 GC heap before
{Heap before GC invocations=434 (full 4):
 PSYoungGen      total 65536K, used 65519K [0x00000000d5580000, 0x00000000da980000, 0x0000000100000000)
  eden space 47104K, 100% used [0x00000000d5580000,0x00000000d8380000,0x00000000d8380000)
  from space 18432K, 99% used [0x00000000d8380000,0x00000000d957bf08,0x00000000d9580000)
  to   space 19456K, 0% used [0x00000000d9680000,0x00000000d9680000,0x00000000da980000)
 ParOldGen       total 279552K, used 279407K [0x0000000080000000, 0x0000000091100000, 0x00000000d5580000)
  object space 279552K, 99% used [0x0000000080000000,0x00000000910dbf20,0x0000000091100000)
 Metaspace       used 69808K, committed 71360K, reserved 1114112K
  class space    used 6902K, committed 7616K, reserved 1048576K
}
Event: 190.782 GC heap after
{Heap after GC invocations=434 (full 4):
 PSYoungGen      total 62464K, used 11962K [0x00000000d5580000, 0x00000000da300000, 0x0000000100000000)
  eden space 49664K, 0% used [0x00000000d5580000,0x00000000d5580000,0x00000000d8600000)
  from space 12800K, 93% used [0x00000000d9680000,0x00000000da22ebf0,0x00000000da300000)
  to   space 14848K, 0% used [0x00000000d8600000,0x00000000d8600000,0x00000000d9480000)
 ParOldGen       total 285696K, used 285693K [0x0000000080000000, 0x0000000091700000, 0x00000000d5580000)
  object space 285696K, 99% used [0x0000000080000000,0x00000000916ff618,0x0000000091700000)
 Metaspace       used 69808K, committed 71360K, reserved 1114112K
  class space    used 6902K, committed 7616K, reserved 1048576K
}
Event: 190.884 GC heap before
{Heap before GC invocations=435 (full 4):
 PSYoungGen      total 62464K, used 61613K [0x00000000d5580000, 0x00000000da300000, 0x0000000100000000)
  eden space 49664K, 99% used [0x00000000d5580000,0x00000000d85fca40,0x00000000d8600000)
  from space 12800K, 93% used [0x00000000d9680000,0x00000000da22ebf0,0x00000000da300000)
  to   space 14848K, 0% used [0x00000000d8600000,0x00000000d8600000,0x00000000d9480000)
 ParOldGen       total 285696K, used 285693K [0x0000000080000000, 0x0000000091700000, 0x00000000d5580000)
  object space 285696K, 99% used [0x0000000080000000,0x00000000916ff618,0x0000000091700000)
 Metaspace       used 69808K, committed 71360K, reserved 1114112K
  class space    used 6902K, committed 7616K, reserved 1048576K
}
Event: 190.900 GC heap after
{Heap after GC invocations=435 (full 4):
 PSYoungGen      total 64512K, used 14430K [0x00000000d5580000, 0x00000000da700000, 0x0000000100000000)
  eden space 49664K, 0% used [0x00000000d5580000,0x00000000d5580000,0x00000000d8600000)
  from space 14848K, 97% used [0x00000000d8600000,0x00000000d9417a58,0x00000000d9480000)
  to   space 15360K, 0% used [0x00000000d9800000,0x00000000d9800000,0x00000000da700000)
 ParOldGen       total 285696K, used 285693K [0x0000000080000000, 0x0000000091700000, 0x00000000d5580000)
  object space 285696K, 99% used [0x0000000080000000,0x00000000916ff618,0x0000000091700000)
 Metaspace       used 69808K, committed 71360K, reserved 1114112K
  class space    used 6902K, committed 7616K, reserved 1048576K
}
Event: 191.370 GC heap before
{Heap before GC invocations=436 (full 4):
 PSYoungGen      total 64512K, used 64094K [0x00000000d5580000, 0x00000000da700000, 0x0000000100000000)
  eden space 49664K, 100% used [0x00000000d5580000,0x00000000d8600000,0x00000000d8600000)
  from space 14848K, 97% used [0x00000000d8600000,0x00000000d9417a58,0x00000000d9480000)
  to   space 15360K, 0% used [0x00000000d9800000,0x00000000d9800000,0x00000000da700000)
 ParOldGen       total 285696K, used 285693K [0x0000000080000000, 0x0000000091700000, 0x00000000d5580000)
  object space 285696K, 99% used [0x0000000080000000,0x00000000916ff618,0x0000000091700000)
 Metaspace       used 69819K, committed 71360K, reserved 1114112K
  class space    used 6902K, committed 7616K, reserved 1048576K
}
Event: 191.387 GC heap after
{Heap after GC invocations=436 (full 4):
 PSYoungGen      total 66048K, used 12856K [0x00000000d5580000, 0x00000000da500000, 0x0000000100000000)
  eden space 52736K, 0% used [0x00000000d5580000,0x00000000d5580000,0x00000000d8900000)
  from space 13312K, 96% used [0x00000000d9800000,0x00000000da48e300,0x00000000da500000)
  to   space 13824K, 0% used [0x00000000d8a00000,0x00000000d8a00000,0x00000000d9780000)
 ParOldGen       total 287744K, used 287466K [0x0000000080000000, 0x0000000091900000, 0x00000000d5580000)
  object space 287744K, 99% used [0x0000000080000000,0x00000000918bab08,0x0000000091900000)
 Metaspace       used 69819K, committed 71360K, reserved 1114112K
  class space    used 6902K, committed 7616K, reserved 1048576K
}
Event: 193.334 GC heap before
{Heap before GC invocations=437 (full 4):
 PSYoungGen      total 66048K, used 43504K [0x00000000d5580000, 0x00000000da500000, 0x0000000100000000)
  eden space 52736K, 58% used [0x00000000d5580000,0x00000000d736ddf8,0x00000000d8900000)
  from space 13312K, 96% used [0x00000000d9800000,0x00000000da48e300,0x00000000da500000)
  to   space 13824K, 0% used [0x00000000d8a00000,0x00000000d8a00000,0x00000000d9780000)
 ParOldGen       total 287744K, used 287466K [0x0000000080000000, 0x0000000091900000, 0x00000000d5580000)
  object space 287744K, 99% used [0x0000000080000000,0x00000000918bab08,0x0000000091900000)
 Metaspace       used 70041K, committed 71552K, reserved 1114112K
  class space    used 6917K, committed 7616K, reserved 1048576K
}
Event: 193.353 GC heap after
{Heap after GC invocations=437 (full 4):
 PSYoungGen      total 62976K, used 9827K [0x00000000d5580000, 0x00000000d9f00000, 0x0000000100000000)
  eden space 52736K, 0% used [0x00000000d5580000,0x00000000d5580000,0x00000000d8900000)
  from space 10240K, 95% used [0x00000000d8a00000,0x00000000d9398d10,0x00000000d9400000)
  to   space 11264K, 0% used [0x00000000d9400000,0x00000000d9400000,0x00000000d9f00000)
 ParOldGen       total 287744K, used 287466K [0x0000000080000000, 0x0000000091900000, 0x00000000d5580000)
  object space 287744K, 99% used [0x0000000080000000,0x00000000918bab08,0x0000000091900000)
 Metaspace       used 70041K, committed 71552K, reserved 1114112K
  class space    used 6917K, committed 7616K, reserved 1048576K
}
Event: 193.353 GC heap before
{Heap before GC invocations=438 (full 5):
 PSYoungGen      total 62976K, used 9827K [0x00000000d5580000, 0x00000000d9f00000, 0x0000000100000000)
  eden space 52736K, 0% used [0x00000000d5580000,0x00000000d5580000,0x00000000d8900000)
  from space 10240K, 95% used [0x00000000d8a00000,0x00000000d9398d10,0x00000000d9400000)
  to   space 11264K, 0% used [0x00000000d9400000,0x00000000d9400000,0x00000000d9f00000)
 ParOldGen       total 287744K, used 287466K [0x0000000080000000, 0x0000000091900000, 0x00000000d5580000)
  object space 287744K, 99% used [0x0000000080000000,0x00000000918bab08,0x0000000091900000)
 Metaspace       used 70041K, committed 71552K, reserved 1114112K
  class space    used 6917K, committed 7616K, reserved 1048576K
}
Event: 194.213 GC heap after
{Heap after GC invocations=438 (full 5):
 PSYoungGen      total 62976K, used 0K [0x00000000d5580000, 0x00000000d9f00000, 0x0000000100000000)
  eden space 52736K, 0% used [0x00000000d5580000,0x00000000d5580000,0x00000000d8900000)
  from space 10240K, 0% used [0x00000000d8a00000,0x00000000d8a00000,0x00000000d9400000)
  to   space 11264K, 0% used [0x00000000d9400000,0x00000000d9400000,0x00000000d9f00000)
 ParOldGen       total 287744K, used 107589K [0x0000000080000000, 0x0000000091900000, 0x00000000d5580000)
  object space 287744K, 37% used [0x0000000080000000,0x0000000086911718,0x0000000091900000)
 Metaspace       used 70041K, committed 71552K, reserved 1114112K
  class space    used 6917K, committed 7616K, reserved 1048576K
}
Event: 198.190 GC heap before
{Heap before GC invocations=439 (full 5):
 PSYoungGen      total 62976K, used 52736K [0x00000000d5580000, 0x00000000d9f00000, 0x0000000100000000)
  eden space 52736K, 100% used [0x00000000d5580000,0x00000000d8900000,0x00000000d8900000)
  from space 10240K, 0% used [0x00000000d8a00000,0x00000000d8a00000,0x00000000d9400000)
  to   space 11264K, 0% used [0x00000000d9400000,0x00000000d9400000,0x00000000d9f00000)
 ParOldGen       total 287744K, used 107589K [0x0000000080000000, 0x0000000091900000, 0x00000000d5580000)
  object space 287744K, 37% used [0x0000000080000000,0x0000000086911718,0x0000000091900000)
 Metaspace       used 70452K, committed 71936K, reserved 1114112K
  class space    used 6956K, committed 7616K, reserved 1048576K
}
Event: 198.195 GC heap after
{Heap after GC invocations=439 (full 5):
 PSYoungGen      total 55296K, used 352K [0x00000000d5580000, 0x00000000d9480000, 0x0000000100000000)
  eden space 54784K, 0% used [0x00000000d5580000,0x00000000d5580000,0x00000000d8b00000)
  from space 512K, 68% used [0x00000000d9400000,0x00000000d9458000,0x00000000d9480000)
  to   space 4096K, 0% used [0x00000000d8c80000,0x00000000d8c80000,0x00000000d9080000)
 ParOldGen       total 287744K, used 107597K [0x0000000080000000, 0x0000000091900000, 0x00000000d5580000)
  object space 287744K, 37% used [0x0000000080000000,0x0000000086913718,0x0000000091900000)
 Metaspace       used 70452K, committed 71936K, reserved 1114112K
  class space    used 6956K, committed 7616K, reserved 1048576K
}

Dll operation events (10 events):
Event: 0.019 Loaded shared library c:\Users\saida\.vscode\extensions\redhat.java-1.55.0-win32-x64\jre\21.0.11-win32-x86_64\bin\java.dll
Event: 0.116 Loaded shared library c:\Users\saida\.vscode\extensions\redhat.java-1.55.0-win32-x64\jre\21.0.11-win32-x86_64\bin\zip.dll
Event: 0.156 Loaded shared library C:\Users\saida\.vscode\extensions\redhat.java-1.55.0-win32-x64\jre\21.0.11-win32-x86_64\bin\instrument.dll
Event: 0.169 Loaded shared library C:\Users\saida\.vscode\extensions\redhat.java-1.55.0-win32-x64\jre\21.0.11-win32-x86_64\bin\net.dll
Event: 0.173 Loaded shared library C:\Users\saida\.vscode\extensions\redhat.java-1.55.0-win32-x64\jre\21.0.11-win32-x86_64\bin\nio.dll
Event: 0.179 Loaded shared library C:\Users\saida\.vscode\extensions\redhat.java-1.55.0-win32-x64\jre\21.0.11-win32-x86_64\bin\zip.dll
Event: 0.201 Loaded shared library C:\Users\saida\.vscode\extensions\redhat.java-1.55.0-win32-x64\jre\21.0.11-win32-x86_64\bin\jimage.dll
Event: 0.367 Loaded shared library c:\Users\saida\.vscode\extensions\redhat.java-1.55.0-win32-x64\jre\21.0.11-win32-x86_64\bin\verify.dll
Event: 3.190 Loaded shared library C:\Users\saida\AppData\Roaming\Code\User\globalStorage\redhat.java\1.55.0\config_win\org.eclipse.equinox.launcher\org.eclipse.equinox.launcher.win32.win32.x86_64_1.3.100.v20260613-0559\eclipse_11924.dll
Event: 7.828 Loaded shared library C:\Users\saida\AppData\Local\Temp\jna-109198744\jna3308575583240028788.dll

Deoptimization events (20 events):
Event: 198.196 Thread 0x000001e85571b240 Uncommon trap: trap_request=0xffffff76 fr.pc=0x000001e809082634 relative=0x0000000000002614
Event: 198.196 Thread 0x000001e85571b240 Uncommon trap: reason=predicate action=maybe_recompile pc=0x000001e809082634 method=org.apache.maven.model.io.xpp3.MavenXpp3Reader.parseScm(Lorg/codehaus/plexus/util/xml/pull/XmlPullParser;Z)Lorg/apache/maven/model/Scm; @ 172 c2
Event: 198.196 Thread 0x000001e85571b240 DEOPT PACKING pc=0x000001e809082634 sp=0x0000009fbcafe330
Event: 198.196 Thread 0x000001e85571b240 DEOPT UNPACKING pc=0x000001e807586da2 sp=0x0000009fbcafe360 mode 2
Event: 198.253 Thread 0x000001e85571b240 Uncommon trap: trap_request=0xffffff45 fr.pc=0x000001e808f217a0 relative=0x0000000000000080
Event: 198.253 Thread 0x000001e85571b240 Uncommon trap: reason=unstable_if action=reinterpret pc=0x000001e808f217a0 method=org.eclipse.core.internal.localstore.UnifiedTree.isValidLevel(II)Z @ 1 c2
Event: 198.253 Thread 0x000001e85571b240 DEOPT PACKING pc=0x000001e808f217a0 sp=0x0000009fbcafe920
Event: 198.253 Thread 0x000001e85571b240 DEOPT UNPACKING pc=0x000001e807586da2 sp=0x0000009fbcafe8a8 mode 2
Event: 198.422 Thread 0x000001e85571b240 Uncommon trap: trap_request=0xffffff3d fr.pc=0x000001e808227b50 relative=0x00000000000017b0
Event: 198.423 Thread 0x000001e85571b240 Uncommon trap: reason=unstable_fused_if action=reinterpret pc=0x000001e808227b50 method=sun.nio.fs.WindowsPathParser.isLetter(C)Z @ 15 c2
Event: 198.423 Thread 0x000001e85571b240 DEOPT PACKING pc=0x000001e808227b50 sp=0x0000009fbcafe930
Event: 198.423 Thread 0x000001e85571b240 DEOPT UNPACKING pc=0x000001e807586da2 sp=0x0000009fbcafe888 mode 2
Event: 198.430 Thread 0x000001e85571d310 Uncommon trap: trap_request=0xffffff45 fr.pc=0x000001e808ab135c relative=0x0000000000002a1c
Event: 198.430 Thread 0x000001e85571d310 Uncommon trap: reason=unstable_if action=reinterpret pc=0x000001e808ab135c method=java.io.ObjectOutputStream.writeObject0(Ljava/lang/Object;Z)V @ 235 c2
Event: 198.430 Thread 0x000001e85571d310 DEOPT PACKING pc=0x000001e808ab135c sp=0x0000009fbcbfedc0
Event: 198.430 Thread 0x000001e85571d310 DEOPT UNPACKING pc=0x000001e807586da2 sp=0x0000009fbcbfed98 mode 2
Event: 199.341 Thread 0x000001e85571d310 Uncommon trap: trap_request=0xffffffc6 fr.pc=0x000001e8082d4f8c relative=0x000000000000060c
Event: 199.341 Thread 0x000001e85571d310 Uncommon trap: reason=bimorphic_or_optimized_type_check action=maybe_recompile pc=0x000001e8082d4f8c method=java.util.HashMap.removeNode(ILjava/lang/Object;Ljava/lang/Object;ZZ)Ljava/util/HashMap$Node; @ 143 c2
Event: 199.341 Thread 0x000001e85571d310 DEOPT PACKING pc=0x000001e8082d4f8c sp=0x0000009fbcbfe0e0
Event: 199.345 Thread 0x000001e85571d310 DEOPT UNPACKING pc=0x000001e807586da2 sp=0x0000009fbcbfdfe8 mode 2

Classes loaded (20 events):
Event: 194.273 Loading class java/util/TreeMap$ValueSpliterator
Event: 194.275 Loading class java/util/TreeMap$TreeMapSpliterator
Event: 194.276 Loading class java/util/TreeMap$TreeMapSpliterator done
Event: 194.276 Loading class java/util/TreeMap$ValueSpliterator done
Event: 194.304 Loading class java/util/concurrent/Executors$DelegatedScheduledExecutorService
Event: 194.307 Loading class java/util/concurrent/Executors$DelegatedExecutorService
Event: 194.307 Loading class java/util/concurrent/Executors$DelegatedExecutorService done
Event: 194.307 Loading class java/util/concurrent/Executors$DelegatedScheduledExecutorService done
Event: 194.378 Loading class java/util/concurrent/CompletionException
Event: 194.379 Loading class java/util/concurrent/CompletionException done
Event: 194.401 Loading class java/nio/file/FileTreeWalker$1
Event: 194.402 Loading class java/nio/file/FileTreeWalker$1 done
Event: 194.404 Loading class sun/nio/fs/Globs
Event: 194.405 Loading class sun/nio/fs/Globs done
Event: 194.405 Loading class java/util/regex/Pattern$SliceU
Event: 194.406 Loading class java/util/regex/Pattern$SliceU done
Event: 194.406 Loading class sun/nio/fs/WindowsFileSystem$2
Event: 194.407 Loading class java/nio/file/PathMatcher
Event: 194.407 Loading class java/nio/file/PathMatcher done
Event: 194.407 Loading class sun/nio/fs/WindowsFileSystem$2 done

Classes unloaded (8 events):
Event: 9.183 Thread 0x000001e8777699a0 Unloading class 0x000001e8101a3000 'java/lang/invoke/LambdaForm$MH+0x000001e8101a3000'
Event: 9.183 Thread 0x000001e8777699a0 Unloading class 0x000001e8101a2c00 'java/lang/invoke/LambdaForm$MH+0x000001e8101a2c00'
Event: 9.183 Thread 0x000001e8777699a0 Unloading class 0x000001e8101a2800 'java/lang/invoke/LambdaForm$MH+0x000001e8101a2800'
Event: 9.183 Thread 0x000001e8777699a0 Unloading class 0x000001e8101a2400 'java/lang/invoke/LambdaForm$MH+0x000001e8101a2400'
Event: 9.183 Thread 0x000001e8777699a0 Unloading class 0x000001e8101a2000 'java/lang/invoke/LambdaForm$BMH+0x000001e8101a2000'
Event: 9.183 Thread 0x000001e8777699a0 Unloading class 0x000001e8101a1c00 'java/lang/invoke/LambdaForm$DMH+0x000001e8101a1c00'
Event: 9.183 Thread 0x000001e8777699a0 Unloading class 0x000001e8101a0800 'java/lang/invoke/LambdaForm$DMH+0x000001e8101a0800'
Event: 74.255 Thread 0x000001e8777699a0 Unloading class 0x000001e8106fc800 'java/lang/invoke/LambdaForm$DMH+0x000001e8106fc800'

Classes redefined (0 events):
No events

Internal exceptions (20 events):
Event: 198.456 Thread 0x000001e85571b240 Exception <a 'sun/nio/fs/WindowsException'{0x00000000d57e86c0}> (0x00000000d57e86c0) 
thrown [s\src\hotspot\share\prims\jni.cpp, line 520]
Event: 198.457 Thread 0x000001e85571b240 Exception <a 'sun/nio/fs/WindowsException'{0x00000000d57f5a98}> (0x00000000d57f5a98) 
thrown [s\src\hotspot\share\prims\jni.cpp, line 520]
Event: 198.461 Thread 0x000001e85571b240 Exception <a 'sun/nio/fs/WindowsException'{0x00000000d584e498}> (0x00000000d584e498) 
thrown [s\src\hotspot\share\prims\jni.cpp, line 520]
Event: 198.462 Thread 0x000001e85571b240 Exception <a 'sun/nio/fs/WindowsException'{0x00000000d585b1f0}> (0x00000000d585b1f0) 
thrown [s\src\hotspot\share\prims\jni.cpp, line 520]
Event: 198.464 Thread 0x000001e85571b240 Exception <a 'sun/nio/fs/WindowsException'{0x00000000d5868d58}> (0x00000000d5868d58) 
thrown [s\src\hotspot\share\prims\jni.cpp, line 520]
Event: 198.465 Thread 0x000001e85571b240 Exception <a 'sun/nio/fs/WindowsException'{0x00000000d5875f68}> (0x00000000d5875f68) 
thrown [s\src\hotspot\share\prims\jni.cpp, line 520]
Event: 198.467 Thread 0x000001e85571b240 Exception <a 'sun/nio/fs/WindowsException'{0x00000000d588fbe8}> (0x00000000d588fbe8) 
thrown [s\src\hotspot\share\prims\jni.cpp, line 520]
Event: 198.468 Thread 0x000001e85571b240 Exception <a 'sun/nio/fs/WindowsException'{0x00000000d589cd00}> (0x00000000d589cd00) 
thrown [s\src\hotspot\share\prims\jni.cpp, line 520]
Event: 198.469 Thread 0x000001e85571b240 Exception <a 'sun/nio/fs/WindowsException'{0x00000000d58aa0b8}> (0x00000000d58aa0b8) 
thrown [s\src\hotspot\share\prims\jni.cpp, line 520]
Event: 198.470 Thread 0x000001e85571b240 Exception <a 'sun/nio/fs/WindowsException'{0x00000000d58b7700}> (0x00000000d58b7700) 
thrown [s\src\hotspot\share\prims\jni.cpp, line 520]
Event: 198.471 Thread 0x000001e85571b240 Exception <a 'sun/nio/fs/WindowsException'{0x00000000d58c4038}> (0x00000000d58c4038) 
thrown [s\src\hotspot\share\prims\jni.cpp, line 520]
Event: 198.473 Thread 0x000001e85571b240 Exception <a 'sun/nio/fs/WindowsException'{0x00000000d58d1398}> (0x00000000d58d1398) 
thrown [s\src\hotspot\share\prims\jni.cpp, line 520]
Event: 198.474 Thread 0x000001e85571b240 Exception <a 'sun/nio/fs/WindowsException'{0x00000000d58df040}> (0x00000000d58df040) 
thrown [s\src\hotspot\share\prims\jni.cpp, line 520]
Event: 198.475 Thread 0x000001e85571b240 Exception <a 'sun/nio/fs/WindowsException'{0x00000000d58ed088}> (0x00000000d58ed088) 
thrown [s\src\hotspot\share\prims\jni.cpp, line 520]
Event: 199.254 Thread 0x000001e85571b240 Exception <a 'sun/nio/fs/WindowsException'{0x00000000d7694328}> (0x00000000d7694328) 
thrown [s\src\hotspot\share\prims\jni.cpp, line 520]
Event: 199.256 Thread 0x000001e85571b240 Exception <a 'sun/nio/fs/WindowsException'{0x00000000d76a18d0}> (0x00000000d76a18d0) 
thrown [s\src\hotspot\share\prims\jni.cpp, line 520]
Event: 199.257 Thread 0x000001e85571b240 Exception <a 'sun/nio/fs/WindowsException'{0x00000000d76af4c8}> (0x00000000d76af4c8) 
thrown [s\src\hotspot\share\prims\jni.cpp, line 520]
Event: 199.257 Thread 0x000001e85571b240 Exception <a 'sun/nio/fs/WindowsException'{0x00000000d76bbd90}> (0x00000000d76bbd90) 
thrown [s\src\hotspot\share\prims\jni.cpp, line 520]
Event: 199.257 Thread 0x000001e85571b240 Exception <a 'sun/nio/fs/WindowsException'{0x00000000d76c8648}> (0x00000000d76c8648) 
thrown [s\src\hotspot\share\prims\jni.cpp, line 520]
Event: 199.258 Thread 0x000001e85571b240 Exception <a 'sun/nio/fs/WindowsException'{0x00000000d76d5ba0}> (0x00000000d76d5ba0) 
thrown [s\src\hotspot\share\prims\jni.cpp, line 520]

ZGC Phase Switch (0 events):
No events

VM Operations (20 events):
Event: 193.090 Executing non-safepoint VM operation: HandshakeAllThreads (Deoptimize)
Event: 193.090 Executing non-safepoint VM operation: HandshakeAllThreads (Deoptimize) done
Event: 193.097 Executing non-safepoint VM operation: HandshakeAllThreads (Deoptimize)
Event: 193.097 Executing non-safepoint VM operation: HandshakeAllThreads (Deoptimize) done
Event: 193.312 Executing safepoint VM operation: ParallelGCSystemGC (CodeCache GC Threshold)
Event: 194.213 Executing safepoint VM operation: ParallelGCSystemGC (CodeCache GC Threshold) done
Event: 194.400 Executing non-safepoint VM operation: HandshakeAllThreads (Deoptimize)
Event: 194.401 Executing non-safepoint VM operation: HandshakeAllThreads (Deoptimize) done
Event: 195.414 Executing safepoint VM operation: Cleanup
Event: 195.414 Executing safepoint VM operation: Cleanup done
Event: 196.414 Executing safepoint VM operation: Cleanup
Event: 196.415 Executing safepoint VM operation: Cleanup done
Event: 197.427 Executing safepoint VM operation: Cleanup
Event: 197.427 Executing safepoint VM operation: Cleanup done
Event: 198.190 Executing safepoint VM operation: ParallelGCFailedAllocation (Allocation Failure)
Event: 198.195 Executing safepoint VM operation: ParallelGCFailedAllocation (Allocation Failure) done
Event: 198.210 Executing non-safepoint VM operation: HandshakeAllThreads (Deoptimize)
Event: 198.210 Executing non-safepoint VM operation: HandshakeAllThreads (Deoptimize) done
Event: 199.219 Executing safepoint VM operation: Cleanup
Event: 199.219 Executing safepoint VM operation: Cleanup done

Memory protections (0 events):
No events

Nmethod flushes (20 events):
Event: 194.048 Thread 0x000001e8777699a0 flushing  nmethod 0x000001e801f17310
Event: 194.048 Thread 0x000001e8777699a0 flushing  nmethod 0x000001e801f1d810
Event: 194.048 Thread 0x000001e8777699a0 flushing  nmethod 0x000001e801f1ed10
Event: 194.048 Thread 0x000001e8777699a0 flushing  nmethod 0x000001e801f1fd90
Event: 194.048 Thread 0x000001e8777699a0 flushing  nmethod 0x000001e801f2d810
Event: 194.048 Thread 0x000001e8777699a0 flushing  nmethod 0x000001e801f31a10
Event: 194.048 Thread 0x000001e8777699a0 flushing  nmethod 0x000001e801f7aa10
Event: 194.048 Thread 0x000001e8777699a0 flushing  nmethod 0x000001e801f7e910
Event: 194.048 Thread 0x000001e8777699a0 flushing  nmethod 0x000001e801f87f10
Event: 194.048 Thread 0x000001e8777699a0 flushing  nmethod 0x000001e801f89410
Event: 194.048 Thread 0x000001e8777699a0 flushing  nmethod 0x000001e801f89a90
Event: 194.048 Thread 0x000001e8777699a0 flushing  nmethod 0x000001e801f8a390
Event: 194.048 Thread 0x000001e8777699a0 flushing  nmethod 0x000001e801fb9410
Event: 194.048 Thread 0x000001e8777699a0 flushing  nmethod 0x000001e801fd8390
Event: 194.049 Thread 0x000001e8777699a0 flushing  nmethod 0x000001e802085690
Event: 194.049 Thread 0x000001e8777699a0 flushing  nmethod 0x000001e8020cb590
Event: 194.049 Thread 0x000001e8777699a0 flushing  nmethod 0x000001e8020ee910
Event: 194.049 Thread 0x000001e8777699a0 flushing  nmethod 0x000001e8020f4790
Event: 194.049 Thread 0x000001e8777699a0 flushing  nmethod 0x000001e8020f5390
Event: 194.049 Thread 0x000001e8777699a0 flushing  nmethod 0x000001e802109c90

Events (20 events):
Event: 189.563 Thread 0x000001e858eb1920 Thread exited: 0x000001e858eb1920
Event: 189.829 Thread 0x000001e858eb04b0 Thread exited: 0x000001e858eb04b0
Event: 190.699 Thread 0x000001e85571b240 Thread added: 0x000001e855cfcb10
Event: 190.700 Thread 0x000001e85571b240 Thread added: 0x000001e855cfff90
Event: 190.700 Thread 0x000001e85571b240 Thread added: 0x000001e855d00620
Event: 190.700 Thread 0x000001e85571b240 Thread added: 0x000001e855cfebe0
Event: 190.700 Thread 0x000001e85571b240 Thread added: 0x000001e855cfd1a0
Event: 190.963 Thread 0x000001e877662e80 Thread added: 0x000001e858eb1920
Event: 190.963 Thread 0x000001e855cfebe0 Thread exited: 0x000001e855cfebe0
Event: 190.974 Thread 0x000001e855d00620 Thread exited: 0x000001e855d00620
Event: 190.974 Thread 0x000001e855cfff90 Thread exited: 0x000001e855cfff90
Event: 190.976 Thread 0x000001e855cfd1a0 Thread exited: 0x000001e855cfd1a0
Event: 190.977 Thread 0x000001e855cfcb10 Thread exited: 0x000001e855cfcb10
Event: 191.160 Thread 0x000001e858eb1920 Thread exited: 0x000001e858eb1920
Event: 193.046 Thread 0x000001e877662e80 Thread added: 0x000001e858eb04b0
Event: 194.309 Thread 0x000001e85571b240 Thread added: 0x000001e855cfff90
Event: 194.355 Thread 0x000001e858eb04b0 Thread exited: 0x000001e858eb04b0
Event: 198.468 Thread 0x000001e85571bf60 Thread added: 0x000001e855cfcb10
Event: 199.280 Thread 0x000001e855cfff90 Thread exited: 0x000001e855cfff90
Event: 199.332 Thread 0x000001e855cfcb10 Thread added: 0x000001e855cfebe0


Dynamic libraries:
0x00007ff73c1e0000 - 0x00007ff73c1ee000 	c:\Users\saida\.vscode\extensions\redhat.java-1.55.0-win32-x64\jre\21.0.11-win32-x86_64\bin\java.exe
0x00007ff888c20000 - 0x00007ff888e89000 	C:\WINDOWS\SYSTEM32\ntdll.dll
0x00007ff886a40000 - 0x00007ff886b09000 	C:\WINDOWS\System32\KERNEL32.DLL
0x00007ff886530000 - 0x00007ff886923000 	C:\WINDOWS\System32\KERNELBASE.dll
0x00007ff8828f0000 - 0x00007ff88298e000 	C:\WINDOWS\SYSTEM32\apphelp.dll
0x00007ff886090000 - 0x00007ff8861db000 	C:\WINDOWS\System32\ucrtbase.dll
0x00007fffec9b0000 - 0x00007fffec9c8000 	c:\Users\saida\.vscode\extensions\redhat.java-1.55.0-win32-x64\jre\21.0.11-win32-x86_64\bin\jli.dll
0x00007ff84a480000 - 0x00007ff84a49e000 	c:\Users\saida\.vscode\extensions\redhat.java-1.55.0-win32-x64\jre\21.0.11-win32-x86_64\bin\VCRUNTIME140.dll
0x00007ff887ac0000 - 0x00007ff887c84000 	C:\WINDOWS\System32\USER32.dll
0x00007ff886930000 - 0x00007ff886957000 	C:\WINDOWS\System32\win32u.dll
0x00007ff866780000 - 0x00007ff866a13000 	C:\WINDOWS\WinSxS\amd64_microsoft.windows.common-controls_6595b64144ccf1df_6.0.26100.5074_none_3e0d6f78e32fd63f\COMCTL32.dll
0x00007ff887a00000 - 0x00007ff887aa9000 	C:\WINDOWS\System32\msvcrt.dll
0x00007ff887e20000 - 0x00007ff887e4b000 	C:\WINDOWS\System32\GDI32.dll
0x00007ff886400000 - 0x00007ff88652d000 	C:\WINDOWS\System32\gdi32full.dll
0x00007ff885db0000 - 0x00007ff885e53000 	C:\WINDOWS\System32\msvcp_win.dll
0x00007ff886a00000 - 0x00007ff886a2f000 	C:\WINDOWS\System32\IMM32.DLL
0x00007ff8326f0000 - 0x00007ff8326fc000 	c:\Users\saida\.vscode\extensions\redhat.java-1.55.0-win32-x64\jre\21.0.11-win32-x86_64\bin\vcruntime140_1.dll
0x00007fffec570000 - 0x00007fffec5fd000 	c:\Users\saida\.vscode\extensions\redhat.java-1.55.0-win32-x64\jre\21.0.11-win32-x86_64\bin\msvcp140.dll
0x00007fffeb7c0000 - 0x00007fffec562000 	c:\Users\saida\.vscode\extensions\redhat.java-1.55.0-win32-x64\jre\21.0.11-win32-x86_64\bin\server\jvm.dll
0x00007ff886cf0000 - 0x00007ff886da4000 	C:\WINDOWS\System32\ADVAPI32.dll
0x00007ff8886a0000 - 0x00007ff888746000 	C:\WINDOWS\System32\sechost.dll
0x00007ff886f90000 - 0x00007ff8870a8000 	C:\WINDOWS\System32\RPCRT4.dll
0x00007ff887500000 - 0x00007ff887574000 	C:\WINDOWS\System32\WS2_32.dll
0x00007ff87c6f0000 - 0x00007ff87c725000 	C:\WINDOWS\SYSTEM32\WINMM.dll
0x00007ff873610000 - 0x00007ff87361b000 	C:\WINDOWS\SYSTEM32\VERSION.dll
0x00007ff885c10000 - 0x00007ff885c6e000 	C:\WINDOWS\SYSTEM32\POWRPROF.dll
0x00007ff885bf0000 - 0x00007ff885c04000 	C:\WINDOWS\SYSTEM32\UMPDC.dll
0x00007ff884b70000 - 0x00007ff884b8b000 	C:\WINDOWS\SYSTEM32\kernel.appcore.dll
0x00007fffeb7b0000 - 0x00007fffeb7ba000 	c:\Users\saida\.vscode\extensions\redhat.java-1.55.0-win32-x64\jre\21.0.11-win32-x86_64\bin\jimage.dll
0x00007ff8835a0000 - 0x00007ff8837e2000 	C:\WINDOWS\SYSTEM32\DBGHELP.DLL
0x00007ff8870b0000 - 0x00007ff88742b000 	C:\WINDOWS\System32\combase.dll
0x00007ff8876b0000 - 0x00007ff887787000 	C:\WINDOWS\System32\OLEAUT32.dll
0x00007ff85dbc0000 - 0x00007ff85dbfd000 	C:\WINDOWS\SYSTEM32\dbgcore.DLL
0x00007ff886360000 - 0x00007ff8863f9000 	C:\WINDOWS\System32\bcryptPrimitives.dll
0x00007fffeb7a0000 - 0x00007fffeb7af000 	c:\Users\saida\.vscode\extensions\redhat.java-1.55.0-win32-x64\jre\21.0.11-win32-x86_64\bin\instrument.dll
0x00007fffeb780000 - 0x00007fffeb7a0000 	c:\Users\saida\.vscode\extensions\redhat.java-1.55.0-win32-x64\jre\21.0.11-win32-x86_64\bin\java.dll
0x00007ff887f50000 - 0x00007ff88869d000 	C:\WINDOWS\System32\SHELL32.dll
0x00007ff885e60000 - 0x00007ff885fcc000 	C:\WINDOWS\System32\wintypes.dll
0x00007ff8839e0000 - 0x00007ff884239000 	C:\WINDOWS\SYSTEM32\windows.storage.dll
0x00007ff887c90000 - 0x00007ff887d80000 	C:\WINDOWS\System32\SHCORE.dll
0x00007ff887930000 - 0x00007ff887992000 	C:\WINDOWS\System32\shlwapi.dll
0x00007ff885cd0000 - 0x00007ff885cf9000 	C:\WINDOWS\SYSTEM32\profapi.dll
0x00007fffeb760000 - 0x00007fffeb778000 	c:\Users\saida\.vscode\extensions\redhat.java-1.55.0-win32-x64\jre\21.0.11-win32-x86_64\bin\zip.dll
0x00007fffeb750000 - 0x00007fffeb760000 	C:\Users\saida\.vscode\extensions\redhat.java-1.55.0-win32-x64\jre\21.0.11-win32-x86_64\bin\net.dll
0x00007ff87f4b0000 - 0x00007ff87f5cf000 	C:\WINDOWS\SYSTEM32\WINHTTP.dll
0x00007ff885110000 - 0x00007ff88517b000 	C:\WINDOWS\system32\mswsock.dll
0x00007fffeb730000 - 0x00007fffeb746000 	C:\Users\saida\.vscode\extensions\redhat.java-1.55.0-win32-x64\jre\21.0.11-win32-x86_64\bin\nio.dll
0x00007fffeb720000 - 0x00007fffeb730000 	c:\Users\saida\.vscode\extensions\redhat.java-1.55.0-win32-x64\jre\21.0.11-win32-x86_64\bin\verify.dll
0x00007fffeb680000 - 0x00007fffeb6c5000 	C:\Users\saida\AppData\Roaming\Code\User\globalStorage\redhat.java\1.55.0\config_win\org.eclipse.equinox.launcher\org.eclipse.equinox.launcher.win32.win32.x86_64_1.3.100.v20260613-0559\eclipse_11924.dll
0x00007ff887790000 - 0x00007ff887928000 	C:\WINDOWS\System32\ole32.dll
0x00007ff8853b0000 - 0x00007ff8853cb000 	C:\WINDOWS\SYSTEM32\CRYPTSP.dll
0x00007ff884ad0000 - 0x00007ff884b0b000 	C:\WINDOWS\system32\rsaenh.dll
0x00007ff8851b0000 - 0x00007ff8851db000 	C:\WINDOWS\SYSTEM32\USERENV.dll
0x00007ff885ca0000 - 0x00007ff885cc6000 	C:\WINDOWS\SYSTEM32\bcrypt.dll
0x00007ff8853d0000 - 0x00007ff8853dc000 	C:\WINDOWS\SYSTEM32\CRYPTBASE.dll
0x00007ff8846b0000 - 0x00007ff8846e4000 	C:\WINDOWS\SYSTEM32\IPHLPAPI.DLL
0x00007ff887430000 - 0x00007ff88743a000 	C:\WINDOWS\System32\NSI.dll
0x00007fffeb630000 - 0x00007fffeb679000 	C:\Users\saida\AppData\Local\Temp\jna-109198744\jna3308575583240028788.dll
0x00007ff887e10000 - 0x00007ff887e18000 	C:\WINDOWS\System32\PSAPI.DLL
0x00007ff87f610000 - 0x00007ff87f62e000 	C:\WINDOWS\SYSTEM32\dhcpcsvc6.DLL
0x00007ff87f5e0000 - 0x00007ff87f603000 	C:\WINDOWS\SYSTEM32\dhcpcsvc.DLL
0x00007ff884cb0000 - 0x00007ff884ce6000 	C:\WINDOWS\SYSTEM32\ntmarta.dll

JVMTI agents:
c:\Users\saida\.vscode\extensions\redhat.java-1.55.0-win32-x64\lombok\lombok-1.18.39-4050.jar path:c:\Users\saida\.vscode\extensions\redhat.java-1.55.0-win32-x64\jre\21.0.11-win32-x86_64\bin\instrument.dll, loaded, initialized, instrumentlib options:none

dbghelp: loaded successfully - version: 4.0.5 - missing functions: none
symbol engine: initialized successfully - sym options: 0x614 - pdb path: .;c:\Users\saida\.vscode\extensions\redhat.java-1.55.0-win32-x64\jre\21.0.11-win32-x86_64\bin;C:\WINDOWS\SYSTEM32;C:\WINDOWS\WinSxS\amd64_microsoft.windows.common-controls_6595b64144ccf1df_6.0.26100.5074_none_3e0d6f78e32fd63f;c:\Users\saida\.vscode\extensions\redhat.java-1.55.0-win32-x64\jre\21.0.11-win32-x86_64\bin\server;C:\Users\saida\AppData\Roaming\Code\User\globalStorage\redhat.java\1.55.0\config_win\org.eclipse.equinox.launcher\org.eclipse.equinox.launcher.win32.win32.x86_64_1.3.100.v20260613-0559;C:\Users\saida\AppData\Local\Temp\jna-109198744

VM Arguments:
jvm_args: --add-modules=ALL-SYSTEM --add-opens=java.base/java.util=ALL-UNNAMED --add-opens=java.base/java.lang=ALL-UNNAMED --add-opens=java.base/sun.nio.fs=ALL-UNNAMED -Declipse.application=org.eclipse.jdt.ls.core.id1 -Dosgi.bundles.defaultStartLevel=4 -Declipse.product=org.eclipse.jdt.ls.core.product -Djava.import.generatesMetadataFilesAtProjectRoot=false -DDetectVMInstallationsJob.disabled=true -Dfile.encoding=utf8 -XX:+UseParallelGC -XX:GCTimeRatio=4 -XX:AdaptiveSizePolicyWeight=90 -Dsun.zip.disableMemoryMapping=true -Xmx2G -Xms100m -Xlog:disable -javaagent:c:\Users\saida\.vscode\extensions\redhat.java-1.55.0-win32-x64\lombok\lombok-1.18.39-4050.jar -XX:+HeapDumpOnOutOfMemoryError -XX:HeapDumpPath=c:\Users\saida\AppData\Roaming\Code\User\workspaceStorage\19bd9372ae1d924cd7bbf513b81384f7\redhat.java -Daether.dependencyCollector.impl=bf 
java_command: c:\Users\saida\.vscode\extensions\redhat.java-1.55.0-win32-x64\server\plugins\org.eclipse.equinox.launcher_1.7.200.v20260619-2039.jar -configuration c:\Users\saida\AppData\Roaming\Code\User\globalStorage\redhat.java\1.55.0\config_win -data c:\Users\saida\AppData\Roaming\Code\User\workspaceStorage\19bd9372ae1d924cd7bbf513b81384f7\redhat.java\jdt_ws --pipe=\\.\pipe\lsp-93ef1082e2180832bc3fbb98e728320d-sock
java_class_path (initial): c:\Users\saida\.vscode\extensions\redhat.java-1.55.0-win32-x64\server\plugins\org.eclipse.equinox.launcher_1.7.200.v20260619-2039.jar
Launcher Type: SUN_STANDARD

[Global flags]
    uintx AdaptiveSizePolicyWeight                 = 90                                        {product} {command line}
     intx CICompilerCount                          = 4                                         {product} {ergonomic}
    uintx GCTimeRatio                              = 4                                         {product} {command line}
     bool HeapDumpOnOutOfMemoryError               = true                                   {manageable} {command line}
    ccstr HeapDumpPath                             = c:\Users\saida\AppData\Roaming\Code\User\workspaceStorage\19bd9372ae1d924cd7bbf513b81384f7\redhat.java         {manageable} {command line}
   size_t InitialHeapSize                          = 104857600                                 {product} {command line}
   size_t MaxHeapSize                              = 2147483648                                {product} {command line}
   size_t MaxNewSize                               = 715653120                                 {product} {ergonomic}
   size_t MinHeapDeltaBytes                        = 524288                                    {product} {ergonomic}
   size_t MinHeapSize                              = 104857600                                 {product} {command line}
   size_t NewSize                                  = 34603008                                  {product} {ergonomic}
    uintx NonNMethodCodeHeapSize                   = 5839372                                {pd product} {ergonomic}
    uintx NonProfiledCodeHeapSize                  = 122909434                              {pd product} {ergonomic}
   size_t OldSize                                  = 70254592                                  {product} {ergonomic}
    uintx ProfiledCodeHeapSize                     = 122909434                              {pd product} {ergonomic}
    uintx ReservedCodeCacheSize                    = 251658240                              {pd product} {ergonomic}
     bool SegmentedCodeCache                       = true                                      {product} {ergonomic}
   size_t SoftMaxHeapSize                          = 2147483648                             {manageable} {ergonomic}
     bool UseCompressedOops                        = true                           {product lp64_product} {ergonomic}
     bool UseLargePagesIndividualAllocation        = false                                  {pd product} {ergonomic}
     bool UseParallelGC                            = true                                      {product} {command line}

Logging:
Log output configuration:
 #0: stdout all=off uptime,level,tags foldmultilines=false
 #1: stderr all=off uptime,level,tags foldmultilines=false

Release file:
JAVA_VERSION="21.0.11" 
MODULES="java.base java.compiler java.datatransfer java.xml java.prefs java.desktop java.instrument java.logging java.management java.security.sasl java.naming java.rmi java.management.rmi java.net.http java.scripting java.security.jgss java.transaction.xa java.sql java.sql.rowset java.xml.crypto java.se java.smartcardio jdk.accessibility jdk.internal.jvmstat jdk.attach jdk.charsets jdk.internal.opt jdk.zipfs jdk.compiler jdk.crypto.ec jdk.crypto.cryptoki jdk.crypto.mscapi jdk.dynalink jdk.internal.ed jdk.editpad jdk.hotspot.agent jdk.httpserver jdk.internal.le jdk.internal.vm.ci jdk.internal.vm.compiler jdk.internal.vm.compiler.management jdk.jartool jdk.javadoc jdk.jcmd jdk.management jdk.management.agent jdk.jconsole jdk.jdeps jdk.jdwp.agent jdk.jdi jdk.jfr jdk.jshell jdk.jsobject jdk.jstatd jdk.localedata jdk.management.jfr jdk.naming.dns jdk.naming.rmi jdk.net jdk.nio.mapmode jdk.random jdk.sctp jdk.security.auth jdk.security.jgss jdk.unsupported jdk.unsupported.desktop jdk.xml.dom" 

Environment Variables:
JAVA_HOME=C:\Program Files\Eclipse Adoptium\jdk-21.0.11.10-hotspot\
PATH=C:\Program Files\Eclipse Adoptium\jdk-21.0.11.10-hotspot\bin;C:\Users\saida\AppData\Local\Programs\Python\Python37\Scripts\;C:\Users\saida\AppData\Local\Programs\Python\Python37\;C:\protoc\bin;C:\WINDOWS\system32;C:\WINDOWS;C:\WINDOWS\System32\Wbem;C:\WINDOWS\System32\WindowsPowerShell\v1.0\;C:\WINDOWS\System32\OpenSSH\;C:\RealTimeObjectDetection\Tensorflow\bin\protoc.exe;C:\Program Files\HP\HP One Agent;C:\Program Files\Docker\Docker\resources\bin;C:\Program Files\nodejs\;C:\Users\saida\Downloads\apache-maven-3.9.10-bin\apache-maven-3.9.10\bin;C:\Users\saida\Downloads\ffmpeg-8.0.1-full_build\bin;C:\Users\saida\.local\bin;C:\Users\saida\.local\bin;C:\Users\saida\AppData\Local\Programs\Python\Python310\Scripts\;C:\Users\saida\AppData\Local\Programs\Python\Python310\;C:\Users\saida\AppData\Local\Programs\Python\Python38\Scripts\;C:\Users\saida\AppData\Local\Programs\Python\Python38\;D:\oracle\product\10.2.0\db_1\bin;C:\Program Files\Common Files\Oracle\Java\javapath;C:\WINDOWS\system32;C:\WINDOWS;C:\WINDOWS\System32\Wbem;C:\WINDOWS\System32\WindowsPowerShell\v1.0\;C:\WINDOWS\System32\OpenSSH\;C:\Program Files\nodejs\node_modules;C:\Program Files\Java\jdk-18.0.2.1;C:\Program Files\nodejs\;C:\Program Files\HP\HP One Agent;C:\php-8.3.9;C:\Users\saida\AppData\Local\Programs\Python\Python312\python.exe;C:\Users\saida\AppData\Local\Programs\Python\Python312\Scripts;C:\Users\saida\AppData\Local\Programs\Python\Python312;C:\Program Files\Git\cmd;C:\Users\saida\RealTimeObjectDetection\Tensorflow\labelImg;C:\Windows\System32;C:\Users\saida\AppData\Local\Microsoft\WindowsApps;C:\Users\saida\AppData\Local\Programs\Python\Python312\Scripts\pip.exe;C:\Users\saida\AppData\Local\GitHubDesktop\bin;C:\Python37\;C:\Python37\Scripts\;C:\protoc\bin;C:\Users\saida\AppData\Local\Microsoft\WindowsApps;C:\RealTimeObjectDetection\Tensorflow\bin\protoc.exe;C:\Users\saida\AppData\Roaming\npm;C:\Users\saida\Downloads\apache-maven-3.9.10-bin\apache-maven-3.9.10\bin;C:\Users\saida\AppData\Local\Programs\Microsoft VS Code\bin;C:\Users\saida\Downloads\ffmpeg-8.0.1-full_build\bin;C:\Users\saida\AppData\Local\Microsoft\WinGet\Packages\Ngrok.Ngrok_Microsoft.Winget.Source_8wekyb3d8bbwe;C:\Users\saida\AppData\Local\Programs\Antigravity\bin;C:\Users\saida\AppData\Local\Programs\Antigravity IDE\bin
USERNAME=saida
OS=Windows_NT
PROCESSOR_IDENTIFIER=Intel64 Family 6 Model 140 Stepping 1, GenuineIntel
TMP=C:\Users\saida\AppData\Local\Temp
TEMP=C:\Users\saida\AppData\Local\Temp




Periodic native trim disabled

---------------  S Y S T E M  ---------------

OS:
 Windows 11 , 64 bit Build 26100 (10.0.26100.5074)
OS uptime: 0 days 5:11 hours
Hyper-V role detected

CPU: total 8 (initial active 8) (4 cores per cpu, 2 threads per core) family 6 model 140 stepping 1 microcode 0x9a, cx8, cmov, fxsr, ht, mmx, 3dnowpref, sse, sse2, sse3, ssse3, sse4.1, sse4.2, popcnt, lzcnt, tsc, tscinvbit, avx, avx2, aes, erms, clmul, bmi1, bmi2, adx, avx512f, avx512dq, avx512cd, avx512bw, avx512vl, sha, fma, vzeroupper, avx512_vpopcntdq, avx512_vpclmulqdq, avx512_vaes, avx512_vnni, clflush, clflushopt, clwb, avx512_vbmi2, avx512_vbmi, hv, rdtscp, rdpid, fsrm, gfni, avx512_bitalg, f16c, cet_ibt, cet_ss, avx512_ifma
Processor Information for the first 8 processors :
  Max Mhz: 1997, Current Mhz: 1997, Mhz Limit: 1997

Memory: 4k page, system-wide physical 7959M (330M free)
TotalPageFile size 28013M (AvailPageFile size 5M)
current process WorkingSet (physical memory assigned to process): 396M, peak: 533M
current process commit charge ("private bytes"): 661M, peak: 1667M

vm_info: OpenJDK 64-Bit Server VM (21.0.11+10-LTS) for windows-amd64 JRE (21.0.11+10-LTS), built on 2026-04-21T00:00:00Z by "admin" with MS VC++ 17.12 (VS2022)

END.
