#
# There is insufficient memory for the Java Runtime Environment to continue.
# Native memory allocation (malloc) failed to allocate 502576 bytes. Error detail: Chunk::new
# Possible reasons:
#   The system is out of physical RAM or swap space
#   This process is running with CompressedOops enabled, and the Java Heap may be blocking the growth of the native heap
# Possible solutions:
#   Reduce memory load on the system
#   Increase physical memory or swap space
#   Check if swap backing store is full
#   Decrease Java heap size (-Xmx/-Xms)
#   Decrease number of Java threads
#   Decrease Java thread stack sizes (-Xss)
#   Set larger code cache with -XX:ReservedCodeCacheSize=
#   JVM is running with Unscaled Compressed Oops mode in which the Java heap is
#     placed in the first 4GB address space. The Java Heap base address is the
#     maximum limit for the native heap growth. Please use -XX:HeapBaseMinAddress
#     to set the Java Heap base and to place the Java Heap above 4GB virtual address.
# This output file may be truncated or incomplete.
#
#  Out of Memory Error (arena.cpp:168), pid=25036, tid=32544
#
# JRE version: OpenJDK Runtime Environment Temurin-21.0.11+10 (21.0.11+10) (build 21.0.11+10-LTS)
# Java VM: OpenJDK 64-Bit Server VM Temurin-21.0.11+10 (21.0.11+10-LTS, mixed mode, sharing, tiered, compressed oops, compressed class ptrs, parallel gc, windows-amd64)
# No core dump will be written. Minidumps are not enabled by default on client versions of Windows
#

---------------  S U M M A R Y ------------

Command Line: --add-modules=ALL-SYSTEM --add-opens=java.base/java.util=ALL-UNNAMED --add-opens=java.base/java.lang=ALL-UNNAMED --add-opens=java.base/sun.nio.fs=ALL-UNNAMED -Declipse.application=org.eclipse.jdt.ls.core.id1 -Dosgi.bundles.defaultStartLevel=4 -Declipse.product=org.eclipse.jdt.ls.core.product -Djava.import.generatesMetadataFilesAtProjectRoot=false -DDetectVMInstallationsJob.disabled=true -Dfile.encoding=utf8 -XX:+UseParallelGC -XX:GCTimeRatio=4 -XX:AdaptiveSizePolicyWeight=90 -Dsun.zip.disableMemoryMapping=true -Xmx2G -Xms100m -Xlog:disable -javaagent:c:\Users\saida\.vscode\extensions\redhat.java-1.55.0-win32-x64\lombok\lombok-1.18.39-4050.jar c:\Users\saida\.vscode\extensions\redhat.java-1.55.0-win32-x64\server\plugins\org.eclipse.equinox.launcher_1.7.200.v20260619-2039.jar -configuration c:\Users\saida\AppData\Roaming\Code\User\globalStorage\redhat.java\1.55.0\config_ss_win -data c:\Users\saida\AppData\Roaming\Code\User\workspaceStorage\19bd9372ae1d924cd7bbf513b81384f7\redhat.java\ss_ws --pipe=\\.\pipe\lsp-401be9cdc81151bd62c591ff5ab4023e-sock

Host: 11th Gen Intel(R) Core(TM) i3-1125G4 @ 2.00GHz, 8 cores, 7G,  Windows 11 , 64 bit Build 26100 (10.0.26100.5074)
Time: Fri Jul 24 16:21:00 2026 India Standard Time elapsed time: 202.472383 seconds (0d 0h 3m 22s)

---------------  T H R E A D  ---------------

Current thread (0x000001a855fba150):  JavaThread "C2 CompilerThread1" daemon [_thread_in_native, id=32544, stack(0x000000789fd00000,0x000000789fe00000) (1024K)]


Current CompileTask:
C2:202472 6209   !   4       lombok.core.FieldAugment$ReflectionFieldAugment::getAndSet (80 bytes)

Stack: [0x000000789fd00000,0x000000789fe00000]
Native frames: (J=compiled Java code, j=interpreted, Vv=VM code, C=native code)
V  [jvm.dll+0x6d7e19]
V  [jvm.dll+0x8b5096]
V  [jvm.dll+0x8b764e]
V  [jvm.dll+0x8b7d33]
V  [jvm.dll+0x284596]
V  [jvm.dll+0xc685d]
V  [jvm.dll+0xc6da1]
V  [jvm.dll+0x5df161]
V  [jvm.dll+0x1e415f]
V  [jvm.dll+0x24c853]
V  [jvm.dll+0x24bce0]
V  [jvm.dll+0x1cb4ae]
V  [jvm.dll+0x25baad]
V  [jvm.dll+0x25a03a]
V  [jvm.dll+0x3f868e]
V  [jvm.dll+0x85fb0d]
V  [jvm.dll+0x6d664d]
C  [ucrtbase.dll+0x37b0]
C  [KERNEL32.DLL+0x2e8d7]
C  [ntdll.dll+0x8d9c]


---------------  P R O C E S S  ---------------

Threads class SMR info:
_java_thread_list=0x000001a875ddb410, length=55, elements={
0x000001a875f5fbd0, 0x000001a875eceb20, 0x000001a875ed0ae0, 0x000001a875ed4a40,
0x000001a875ed3690, 0x000001a875ed3d20, 0x000001a875ed50d0, 0x000001a875ef19d0,
0x000001a875ef2470, 0x000001a875ed6b10, 0x000001a875ed5df0, 0x000001a875ed43b0,
0x000001a875ed5760, 0x000001a875ed6480, 0x000001a87fb61260, 0x000001a87fb639c0,
0x000001a87fb62ca0, 0x000001a87fb64050, 0x000001a87fb618f0, 0x000001a87fb61f80,
0x000001a87fb64d70, 0x000001a87fb63330, 0x000001a87fb646e0, 0x000001a87fb674d0,
0x000001a87fb67b60, 0x000001a87fb681f0, 0x000001a87fb65400, 0x000001a87fb66120,
0x000001a87fb65a90, 0x000001a87fb68880, 0x000001a87fb667b0, 0x000001a87fb66e40,
0x000001a87f3429d0, 0x000001a87f344aa0, 0x000001a87f343060, 0x000001a87f345130,
0x000001a87f3457c0, 0x000001a87f342340, 0x000001a87f345e50, 0x000001a87f3464e0,
0x000001a87f344410, 0x000001a87f3436f0, 0x000001a87f347200, 0x000001a87f343d80,
0x000001a87f3485b0, 0x000001a87f348c40, 0x000001a87f347f20, 0x000001a87f3492d0,
0x000001a87f349960, 0x000001a85432b0c0, 0x000001a85432e540, 0x000001a85432c470,
0x000001a85432ebd0, 0x000001a85432bde0, 0x000001a855fba150
}

Java Threads: ( => current thread )
  0x000001a875f5fbd0 JavaThread "main"                              [_thread_blocked, id=16636, stack(0x000000789bf00000,0x000000789c000000) (1024K)]
  0x000001a875eceb20 JavaThread "Reference Handler"          daemon [_thread_blocked, id=35168, stack(0x000000789c300000,0x000000789c400000) (1024K)]
  0x000001a875ed0ae0 JavaThread "Finalizer"                  daemon [_thread_blocked, id=33436, stack(0x000000789c400000,0x000000789c500000) (1024K)]
  0x000001a875ed4a40 JavaThread "Signal Dispatcher"          daemon [_thread_blocked, id=23528, stack(0x000000789c500000,0x000000789c600000) (1024K)]
  0x000001a875ed3690 JavaThread "Attach Listener"            daemon [_thread_blocked, id=32256, stack(0x000000789c600000,0x000000789c700000) (1024K)]
  0x000001a875ed3d20 JavaThread "Service Thread"             daemon [_thread_blocked, id=34128, stack(0x000000789c700000,0x000000789c800000) (1024K)]
  0x000001a875ed50d0 JavaThread "Monitor Deflation Thread"   daemon [_thread_blocked, id=34272, stack(0x000000789c800000,0x000000789c900000) (1024K)]
  0x000001a875ef19d0 JavaThread "C2 CompilerThread0"         daemon [_thread_in_native, id=3224, stack(0x000000789c900000,0x000000789ca00000) (1024K)]
  0x000001a875ef2470 JavaThread "C1 CompilerThread0"         daemon [_thread_blocked, id=29376, stack(0x000000789ca00000,0x000000789cb00000) (1024K)]
  0x000001a875ed6b10 JavaThread "Common-Cleaner"             daemon [_thread_blocked, id=5144, stack(0x000000789cb00000,0x000000789cc00000) (1024K)]
  0x000001a875ed5df0 JavaThread "Notification Thread"        daemon [_thread_blocked, id=26848, stack(0x000000789cc00000,0x000000789cd00000) (1024K)]
  0x000001a875ed43b0 JavaThread "Active Thread: Equinox Container: d9548711-547b-49a4-9875-8a90e4a8d501"        [_thread_blocked, id=26872, stack(0x000000789d300000,0x000000789d400000) (1024K)]
  0x000001a875ed5760 JavaThread "Framework Event Dispatcher: Equinox Container: d9548711-547b-49a4-9875-8a90e4a8d501" daemon [_thread_blocked, id=34336, stack(0x000000789d400000,0x000000789d500000) (1024K)]
  0x000001a875ed6480 JavaThread "Start Level: Equinox Container: d9548711-547b-49a4-9875-8a90e4a8d501" daemon [_thread_blocked, id=28012, stack(0x000000789d500000,0x000000789d600000) (1024K)]
  0x000001a87fb61260 JavaThread "SCR Component Actor"        daemon [_thread_blocked, id=27900, stack(0x000000789d700000,0x000000789d800000) (1024K)]
  0x000001a87fb639c0 JavaThread "Worker-JM"                         [_thread_blocked, id=35760, stack(0x000000789d800000,0x000000789d900000) (1024K)]
  0x000001a87fb62ca0 JavaThread "JNA Cleaner"                daemon [_thread_blocked, id=25092, stack(0x000000789d900000,0x000000789da00000) (1024K)]
  0x000001a87fb64050 JavaThread "Worker-0"                          [_thread_blocked, id=35452, stack(0x000000789da00000,0x000000789db00000) (1024K)]
  0x000001a87fb618f0 JavaThread "Worker-1"                          [_thread_blocked, id=26716, stack(0x000000789db00000,0x000000789dc00000) (1024K)]
  0x000001a87fb61f80 JavaThread "Thread-1"                   daemon [_thread_in_native, id=31312, stack(0x000000789de00000,0x000000789df00000) (1024K)]
  0x000001a87fb64d70 JavaThread "Thread-2"                   daemon [_thread_in_native, id=34896, stack(0x000000789df00000,0x000000789e000000) (1024K)]
  0x000001a87fb63330 JavaThread "Thread-3"                   daemon [_thread_in_native, id=34608, stack(0x000000789e000000,0x000000789e100000) (1024K)]
  0x000001a87fb646e0 JavaThread "Thread-4"                   daemon [_thread_in_native, id=35676, stack(0x000000789e100000,0x000000789e200000) (1024K)]
  0x000001a87fb674d0 JavaThread "Thread-5"                   daemon [_thread_in_native, id=21276, stack(0x000000789e200000,0x000000789e300000) (1024K)]
  0x000001a87fb67b60 JavaThread "Thread-6"                   daemon [_thread_in_native, id=20624, stack(0x000000789e300000,0x000000789e400000) (1024K)]
  0x000001a87fb681f0 JavaThread "Thread-7"                   daemon [_thread_in_native, id=32940, stack(0x000000789e400000,0x000000789e500000) (1024K)]
  0x000001a87fb65400 JavaThread "Thread-8"                   daemon [_thread_in_native, id=35764, stack(0x000000789e500000,0x000000789e600000) (1024K)]
  0x000001a87fb66120 JavaThread "Thread-9"                   daemon [_thread_in_native, id=28200, stack(0x000000789e600000,0x000000789e700000) (1024K)]
  0x000001a87fb65a90 JavaThread "pool-2-thread-1"                   [_thread_blocked, id=16432, stack(0x000000789e700000,0x000000789e800000) (1024K)]
  0x000001a87fb68880 JavaThread "WorkspaceEventsHandler"            [_thread_blocked, id=33232, stack(0x000000789e800000,0x000000789e900000) (1024K)]
  0x000001a87fb667b0 JavaThread "pool-1-thread-1"                   [_thread_blocked, id=19604, stack(0x000000789e900000,0x000000789ea00000) (1024K)]
  0x000001a87fb66e40 JavaThread "Worker-3"                          [_thread_blocked, id=27720, stack(0x000000789bc00000,0x000000789bd00000) (1024K)]
  0x000001a87f3429d0 JavaThread "LocalFile Deleter"          daemon [_thread_blocked, id=14196, stack(0x000000789be00000,0x000000789bf00000) (1024K)]
  0x000001a87f344aa0 JavaThread "LocalFile Deleter"          daemon [_thread_blocked, id=35108, stack(0x000000789dd00000,0x000000789de00000) (1024K)]
  0x000001a87f343060 JavaThread "LocalFile Deleter"          daemon [_thread_blocked, id=34884, stack(0x000000789ea00000,0x000000789eb00000) (1024K)]
  0x000001a87f345130 JavaThread "LocalFile Deleter"          daemon [_thread_blocked, id=26236, stack(0x000000789eb00000,0x000000789ec00000) (1024K)]
  0x000001a87f3457c0 JavaThread "LocalFile Deleter"          daemon [_thread_blocked, id=31148, stack(0x000000789ec00000,0x000000789ed00000) (1024K)]
  0x000001a87f342340 JavaThread "LocalFile Deleter"          daemon [_thread_blocked, id=26396, stack(0x000000789ed00000,0x000000789ee00000) (1024K)]
  0x000001a87f345e50 JavaThread "LocalFile Deleter"          daemon [_thread_blocked, id=28272, stack(0x000000789ee00000,0x000000789ef00000) (1024K)]
  0x000001a87f3464e0 JavaThread "LocalFile Deleter"          daemon [_thread_blocked, id=32932, stack(0x000000789ef00000,0x000000789f000000) (1024K)]
  0x000001a87f344410 JavaThread "Compiler Source File Reader" daemon [_thread_blocked, id=33336, stack(0x000000789f000000,0x000000789f100000) (1024K)]
  0x000001a87f3436f0 JavaThread "Compiler Source File Reader" daemon [_thread_blocked, id=8916, stack(0x000000789f100000,0x000000789f200000) (1024K)]
  0x000001a87f347200 JavaThread "Compiler Source File Reader" daemon [_thread_blocked, id=30688, stack(0x000000789f200000,0x000000789f300000) (1024K)]
  0x000001a87f343d80 JavaThread "Compiler Source File Reader" daemon [_thread_blocked, id=14264, stack(0x000000789f300000,0x000000789f400000) (1024K)]
  0x000001a87f3485b0 JavaThread "Compiler Source File Reader" daemon [_thread_blocked, id=21936, stack(0x000000789f400000,0x000000789f500000) (1024K)]
  0x000001a87f348c40 JavaThread "Compiler Source File Reader" daemon [_thread_blocked, id=35824, stack(0x000000789f500000,0x000000789f600000) (1024K)]
  0x000001a87f347f20 JavaThread "Worker-4"                          [_thread_blocked, id=23424, stack(0x000000789bd00000,0x000000789be00000) (1024K)]
  0x000001a87f3492d0 JavaThread "Compiler Processing Task"   daemon [_thread_blocked, id=7676, stack(0x000000789f600000,0x000000789f700000) (1024K)]
  0x000001a87f349960 JavaThread "Compiler Class File Writer" daemon [_thread_blocked, id=420, stack(0x000000789f700000,0x000000789f800000) (1024K)]
  0x000001a85432b0c0 JavaThread "Compiler Class File Writer" daemon [_thread_blocked, id=10360, stack(0x000000789f800000,0x000000789f900000) (1024K)]
  0x000001a85432e540 JavaThread "Compiler Class File Writer" daemon [_thread_blocked, id=33696, stack(0x000000789f900000,0x000000789fa00000) (1024K)]
  0x000001a85432c470 JavaThread "Compiler Class File Writer" daemon [_thread_blocked, id=32068, stack(0x000000789fa00000,0x000000789fb00000) (1024K)]
  0x000001a85432ebd0 JavaThread "Compiler Class File Writer" daemon [_thread_blocked, id=28092, stack(0x000000789fb00000,0x000000789fc00000) (1024K)]
  0x000001a85432bde0 JavaThread "Compiler Class File Writer" daemon [_thread_blocked, id=27052, stack(0x000000789fc00000,0x000000789fd00000) (1024K)]
=>0x000001a855fba150 JavaThread "C2 CompilerThread1"         daemon [_thread_in_native, id=32544, stack(0x000000789fd00000,0x000000789fe00000) (1024K)]
Total: 55

Other Threads:
  0x000001a875ec3140 VMThread "VM Thread"                           [id=20128, stack(0x000000789c200000,0x000000789c300000) (1024K)]
  0x000001a875fca420 WatcherThread "VM Periodic Task Thread"        [id=35076, stack(0x000000789c100000,0x000000789c200000) (1024K)]
  0x000001a875f7e060 WorkerThread "GC Thread#0"                     [id=31904, stack(0x000000789c000000,0x000000789c100000) (1024K)]
  0x000001a87f51fa60 WorkerThread "GC Thread#1"                     [id=33380, stack(0x000000789cd00000,0x000000789ce00000) (1024K)]
  0x000001a87f552f00 WorkerThread "GC Thread#2"                     [id=20728, stack(0x000000789ce00000,0x000000789cf00000) (1024K)]
  0x000001a87f5532b0 WorkerThread "GC Thread#3"                     [id=29560, stack(0x000000789cf00000,0x000000789d000000) (1024K)]
  0x000001a87f6f9270 WorkerThread "GC Thread#4"                     [id=9052, stack(0x000000789d000000,0x000000789d100000) (1024K)]
  0x000001a87f6f9620 WorkerThread "GC Thread#5"                     [id=34592, stack(0x000000789d100000,0x000000789d200000) (1024K)]
  0x000001a87f6f99d0 WorkerThread "GC Thread#6"                     [id=31388, stack(0x000000789d200000,0x000000789d300000) (1024K)]
  0x000001a87fb4ed00 WorkerThread "GC Thread#7"                     [id=27348, stack(0x000000789d600000,0x000000789d700000) (1024K)]
Total: 10

Threads with active compile tasks:
C2 CompilerThread0  202548 6293       4       lombok.eclipse.handlers.EclipseHandlerUtil::setGeneratedBy (10 bytes)
C2 CompilerThread1  202548 6209   !   4       lombok.core.FieldAugment$ReflectionFieldAugment::getAndSet (80 bytes)
Total: 2

VM state: not at safepoint (normal execution)

VM Mutex/Monitor currently owned by a thread: None

Heap address: 0x0000000080000000, size: 2048 MB, Compressed Oops mode: 32-bit

CDS archive(s) mapped at: [0x000001a80f000000-0x000001a80fba0000-0x000001a80fba0000), size 12189696, SharedBaseAddress: 0x000001a80f000000, ArchiveRelocationMode: 1.
Compressed class space mapped at: 0x000001a810000000-0x000001a850000000, reserved size: 1073741824
Narrow klass base: 0x000001a80f000000, Narrow klass shift: 0, Narrow klass range: 0x100000000

GC Precious Log:
 CardTable entry size: 512
 CPUs: 8 total, 8 available
 Memory: 7959M
 Large Page Support: Disabled
 NUMA Support: Disabled
 Compressed Oops: Enabled (32-bit)
 Alignments: Space 512K, Generation 512K, Heap 2M
 Heap Min Capacity: 100M
 Heap Initial Capacity: 100M
 Heap Max Capacity: 2G
 Pre-touch: Disabled
 Parallel Workers: 8

Heap:
 PSYoungGen      total 20992K, used 19424K [0x00000000d5580000, 0x00000000d7580000, 0x0000000100000000)
  eden space 16896K, 90% used [0x00000000d5580000,0x00000000d647cc78,0x00000000d6600000)
  from space 4096K, 99% used [0x00000000d6c80000,0x00000000d707b518,0x00000000d7080000)
  to   space 6656K, 0% used [0x00000000d6600000,0x00000000d6600000,0x00000000d6c80000)
 ParOldGen       total 68608K, used 47020K [0x0000000080000000, 0x0000000084300000, 0x00000000d5580000)
  object space 68608K, 68% used [0x0000000080000000,0x0000000082deb160,0x0000000084300000)
 Metaspace       used 45910K, committed 46976K, reserved 1114112K
  class space    used 4480K, committed 4992K, reserved 1048576K

Card table byte_map: [0x000001a8758f0000,0x000001a875d00000] _byte_map_base: 0x000001a8754f0000

Marking Bits: (ParMarkBitMap*) 0x00007fffec484460
 Begin Bits: [0x000001a879400000, 0x000001a87b400000)
 End Bits:   [0x000001a87b400000, 0x000001a87d400000)

Polling page: 0x000001a873fc0000

Metaspace:

Usage:
  Non-class:     40.46 MB used.
      Class:      4.38 MB used.
       Both:     44.83 MB used.

Virtual space:
  Non-class space:       64.00 MB reserved,      41.00 MB ( 64%) committed,  1 nodes.
      Class space:        1.00 GB reserved,       4.88 MB ( <1%) committed,  1 nodes.
             Both:        1.06 GB reserved,      45.88 MB (  4%) committed. 

Chunk freelists:
   Non-Class:  6.11 MB
       Class:  11.15 MB
        Both:  17.26 MB

MaxMetaspaceSize: unlimited
CompressedClassSpaceSize: 1.00 GB
Initial GC threshold: 21.00 MB
Current GC threshold: 58.38 MB
CDS: on
 - commit_granule_bytes: 65536.
 - commit_granule_words: 8192.
 - virtual_space_node_default_size: 8388608.
 - enlarge_chunks_in_place: 1.
 - use_allocation_guard: 0.


Internal statistics:

num_allocs_failed_limit: 6.
num_arena_births: 916.
num_arena_deaths: 14.
num_vsnodes_births: 2.
num_vsnodes_deaths: 0.
num_space_committed: 734.
num_space_uncommitted: 0.
num_chunks_returned_to_freelist: 20.
num_chunks_taken_from_freelist: 2896.
num_chunk_merges: 12.
num_chunk_splits: 1839.
num_chunks_enlarged: 1135.
num_inconsistent_stats: 0.

CodeHeap 'non-profiled nmethods': size=120000Kb used=4485Kb max_used=4485Kb free=115514Kb
 bounds [0x000001a807ad0000, 0x000001a807f40000, 0x000001a80f000000]
CodeHeap 'profiled nmethods': size=120000Kb used=16604Kb max_used=16604Kb free=103395Kb
 bounds [0x000001a800000000, 0x000001a801040000, 0x000001a807530000]
CodeHeap 'non-nmethods': size=5760Kb used=1424Kb max_used=1481Kb free=4335Kb
 bounds [0x000001a807530000, 0x000001a8077a0000, 0x000001a807ad0000]
CodeCache: size=245760Kb, used=22513Kb, max_used=22570Kb, free=223244Kb
 total_blobs=8111, nmethods=7387, adapters=628, full_count=0
Compilation: enabled, stopped_count=0, restarted_count=0

Compilation events (20 events):
Event: 200.902 Thread 0x000001a875ef19d0 6347       4       org.eclipse.jdt.internal.compiler.parser.Scanner::addTokenToLookBack (137 bytes)
Event: 200.902 Thread 0x000001a855fba150 6873       4       jdk.internal.util.Preconditions::checkFromToIndex (24 bytes)
Event: 200.903 Thread 0x000001a855fba150 nmethod 6873 0x000001a807f2b510 code [0x000001a807f2b6a0, 0x000001a807f2b788]
Event: 200.903 Thread 0x000001a855fba150 6374       4       org.eclipse.jdt.internal.compiler.lookup.Scope::environment (8 bytes)
Event: 200.904 Thread 0x000001a855fba150 nmethod 6374 0x000001a807f2b890 code [0x000001a807f2ba20, 0x000001a807f2bac8]
Event: 200.904 Thread 0x000001a855fba150 6954       4       java.lang.Math::max (12 bytes)
Event: 200.904 Thread 0x000001a855fba150 nmethod 6954 0x000001a807f2bb90 code [0x000001a807f2bd00, 0x000001a807f2bd78]
Event: 200.904 Thread 0x000001a855fba150 6209   !   4       lombok.core.FieldAugment$ReflectionFieldAugment::getAndSet (80 bytes)
Event: 200.905 Thread 0x000001a875ef19d0 nmethod 6347 0x000001a807f2be90 code [0x000001a807f2c040, 0x000001a807f2c260]
Event: 200.906 Thread 0x000001a875ef19d0 6241       4       java.lang.invoke.LambdaForm$MH/0x000001a8104ae000::invoke (42 bytes)
Event: 200.907 Thread 0x000001a875ef19d0 nmethod 6241 0x000001a807f2c410 code [0x000001a807f2c5a0, 0x000001a807f2c660]
Event: 200.907 Thread 0x000001a875ef19d0 6210       4       java.lang.invoke.LambdaForm$MH/0x000001a8104ae400::invoke (55 bytes)
Event: 200.909 Thread 0x000001a875ef19d0 nmethod 6210 0x000001a807f2c810 code [0x000001a807f2c9a0, 0x000001a807f2cac0]
Event: 200.909 Thread 0x000001a875ef19d0 6314       4       org.eclipse.jdt.internal.compiler.parser.Scanner::internalScanIdentifierOrKeyword (5041 bytes)
Event: 201.045 Thread 0x000001a875ef19d0 nmethod 6314 0x000001a807f2cc90 code [0x000001a807f2d2c0, 0x000001a807f30128]
Event: 201.045 Thread 0x000001a875ef19d0 6027       4       org.eclipse.jdt.internal.compiler.parser.ScannerHelper::isJavaIdentifierStart (28 bytes)
Event: 201.046 Thread 0x000001a875ef19d0 nmethod 6027 0x000001a807f31090 code [0x000001a807f31220, 0x000001a807f312f8]
Event: 201.046 Thread 0x000001a875ef19d0 6035       4       org.eclipse.jdt.internal.compiler.parser.ScannerHelper::isJavaIdentifierPart (28 bytes)
Event: 201.048 Thread 0x000001a875ef19d0 nmethod 6035 0x000001a807f31410 code [0x000001a807f315a0, 0x000001a807f31680]
Event: 201.048 Thread 0x000001a875ef19d0 6293       4       lombok.eclipse.handlers.EclipseHandlerUtil::setGeneratedBy (10 bytes)

GC Heap History (20 events):
Event: 33.121 GC heap before
{Heap before GC invocations=23 (full 2):
 PSYoungGen      total 22016K, used 21504K [0x00000000d5580000, 0x00000000d6d00000, 0x0000000100000000)
  eden space 21504K, 100% used [0x00000000d5580000,0x00000000d6a80000,0x00000000d6a80000)
  from space 512K, 0% used [0x00000000d6c80000,0x00000000d6c80000,0x00000000d6d00000)
  to   space 1024K, 0% used [0x00000000d6b00000,0x00000000d6b00000,0x00000000d6c00000)
 ParOldGen       total 68608K, used 34780K [0x0000000080000000, 0x0000000084300000, 0x00000000d5580000)
  object space 68608K, 50% used [0x0000000080000000,0x00000000821f7030,0x0000000084300000)
 Metaspace       used 36832K, committed 37824K, reserved 1114112K
  class space    used 3785K, committed 4224K, reserved 1048576K
}
Event: 33.123 GC heap after
{Heap after GC invocations=23 (full 2):
 PSYoungGen      total 22528K, used 640K [0x00000000d5580000, 0x00000000d6d00000, 0x0000000100000000)
  eden space 21504K, 0% used [0x00000000d5580000,0x00000000d5580000,0x00000000d6a80000)
  from space 1024K, 62% used [0x00000000d6b00000,0x00000000d6ba0020,0x00000000d6c00000)
  to   space 1024K, 0% used [0x00000000d6c00000,0x00000000d6c00000,0x00000000d6d00000)
 ParOldGen       total 68608K, used 34788K [0x0000000080000000, 0x0000000084300000, 0x00000000d5580000)
  object space 68608K, 50% used [0x0000000080000000,0x00000000821f9030,0x0000000084300000)
 Metaspace       used 36832K, committed 37824K, reserved 1114112K
  class space    used 3785K, committed 4224K, reserved 1048576K
}
Event: 44.331 GC heap before
{Heap before GC invocations=24 (full 2):
 PSYoungGen      total 22528K, used 22144K [0x00000000d5580000, 0x00000000d6d00000, 0x0000000100000000)
  eden space 21504K, 100% used [0x00000000d5580000,0x00000000d6a80000,0x00000000d6a80000)
  from space 1024K, 62% used [0x00000000d6b00000,0x00000000d6ba0020,0x00000000d6c00000)
  to   space 1024K, 0% used [0x00000000d6c00000,0x00000000d6c00000,0x00000000d6d00000)
 ParOldGen       total 68608K, used 34788K [0x0000000080000000, 0x0000000084300000, 0x00000000d5580000)
  object space 68608K, 50% used [0x0000000080000000,0x00000000821f9030,0x0000000084300000)
 Metaspace       used 39857K, committed 40832K, reserved 1114112K
  class space    used 4045K, committed 4480K, reserved 1048576K
}
Event: 44.336 GC heap after
{Heap after GC invocations=24 (full 2):
 PSYoungGen      total 20480K, used 1002K [0x00000000d5580000, 0x00000000d7180000, 0x0000000100000000)
  eden space 19456K, 0% used [0x00000000d5580000,0x00000000d5580000,0x00000000d6880000)
  from space 1024K, 97% used [0x00000000d6c00000,0x00000000d6cfa9d8,0x00000000d6d00000)
  to   space 3584K, 0% used [0x00000000d6880000,0x00000000d6880000,0x00000000d6c00000)
 ParOldGen       total 68608K, used 36804K [0x0000000080000000, 0x0000000084300000, 0x00000000d5580000)
  object space 68608K, 53% used [0x0000000080000000,0x00000000823f1228,0x0000000084300000)
 Metaspace       used 39857K, committed 40832K, reserved 1114112K
  class space    used 4045K, committed 4480K, reserved 1048576K
}
Event: 44.981 GC heap before
{Heap before GC invocations=25 (full 2):
 PSYoungGen      total 20480K, used 20370K [0x00000000d5580000, 0x00000000d7180000, 0x0000000100000000)
  eden space 19456K, 99% used [0x00000000d5580000,0x00000000d686a088,0x00000000d6880000)
  from space 1024K, 97% used [0x00000000d6c00000,0x00000000d6cfa9d8,0x00000000d6d00000)
  to   space 3584K, 0% used [0x00000000d6880000,0x00000000d6880000,0x00000000d6c00000)
 ParOldGen       total 68608K, used 36804K [0x0000000080000000, 0x0000000084300000, 0x00000000d5580000)
  object space 68608K, 53% used [0x0000000080000000,0x00000000823f1228,0x0000000084300000)
 Metaspace       used 39884K, committed 40832K, reserved 1114112K
  class space    used 4045K, committed 4480K, reserved 1048576K
}
Event: 44.985 GC heap after
{Heap after GC invocations=25 (full 2):
 PSYoungGen      total 20992K, used 1490K [0x00000000d5580000, 0x00000000d6c80000, 0x0000000100000000)
  eden space 19456K, 0% used [0x00000000d5580000,0x00000000d5580000,0x00000000d6880000)
  from space 1536K, 97% used [0x00000000d6880000,0x00000000d69f4aa8,0x00000000d6a00000)
  to   space 2048K, 0% used [0x00000000d6a80000,0x00000000d6a80000,0x00000000d6c80000)
 ParOldGen       total 68608K, used 37624K [0x0000000080000000, 0x0000000084300000, 0x00000000d5580000)
  object space 68608K, 54% used [0x0000000080000000,0x00000000824be280,0x0000000084300000)
 Metaspace       used 39884K, committed 40832K, reserved 1114112K
  class space    used 4045K, committed 4480K, reserved 1048576K
}
Event: 45.376 GC heap before
{Heap before GC invocations=26 (full 2):
 PSYoungGen      total 20992K, used 20946K [0x00000000d5580000, 0x00000000d6c80000, 0x0000000100000000)
  eden space 19456K, 100% used [0x00000000d5580000,0x00000000d6880000,0x00000000d6880000)
  from space 1536K, 97% used [0x00000000d6880000,0x00000000d69f4aa8,0x00000000d6a00000)
  to   space 2048K, 0% used [0x00000000d6a80000,0x00000000d6a80000,0x00000000d6c80000)
 ParOldGen       total 68608K, used 37624K [0x0000000080000000, 0x0000000084300000, 0x00000000d5580000)
  object space 68608K, 54% used [0x0000000080000000,0x00000000824be280,0x0000000084300000)
 Metaspace       used 41089K, committed 42048K, reserved 1114112K
  class space    used 4150K, committed 4608K, reserved 1048576K
}
Event: 45.379 GC heap after
{Heap after GC invocations=26 (full 2):
 PSYoungGen      total 19968K, used 224K [0x00000000d5580000, 0x00000000d6b00000, 0x0000000100000000)
  eden space 19456K, 0% used [0x00000000d5580000,0x00000000d5580000,0x00000000d6880000)
  from space 512K, 43% used [0x00000000d6a80000,0x00000000d6ab8000,0x00000000d6b00000)
  to   space 1024K, 0% used [0x00000000d6900000,0x00000000d6900000,0x00000000d6a00000)
 ParOldGen       total 68608K, used 38169K [0x0000000080000000, 0x0000000084300000, 0x00000000d5580000)
  object space 68608K, 55% used [0x0000000080000000,0x0000000082546670,0x0000000084300000)
 Metaspace       used 41089K, committed 42048K, reserved 1114112K
  class space    used 4150K, committed 4608K, reserved 1048576K
}
Event: 196.322 GC heap before
{Heap before GC invocations=27 (full 2):
 PSYoungGen      total 19968K, used 19680K [0x00000000d5580000, 0x00000000d6b00000, 0x0000000100000000)
  eden space 19456K, 100% used [0x00000000d5580000,0x00000000d6880000,0x00000000d6880000)
  from space 512K, 43% used [0x00000000d6a80000,0x00000000d6ab8000,0x00000000d6b00000)
  to   space 1024K, 0% used [0x00000000d6900000,0x00000000d6900000,0x00000000d6a00000)
 ParOldGen       total 68608K, used 38169K [0x0000000080000000, 0x0000000084300000, 0x00000000d5580000)
  object space 68608K, 55% used [0x0000000080000000,0x0000000082546670,0x0000000084300000)
 Metaspace       used 42776K, committed 43776K, reserved 1114112K
  class space    used 4306K, committed 4736K, reserved 1048576K
}
Event: 196.348 GC heap after
{Heap after GC invocations=27 (full 2):
 PSYoungGen      total 20480K, used 1024K [0x00000000d5580000, 0x00000000d6d80000, 0x0000000100000000)
  eden space 19456K, 0% used [0x00000000d5580000,0x00000000d5580000,0x00000000d6880000)
  from space 1024K, 100% used [0x00000000d6900000,0x00000000d6a00000,0x00000000d6a00000)
  to   space 2560K, 0% used [0x00000000d6b00000,0x00000000d6b00000,0x00000000d6d80000)
 ParOldGen       total 68608K, used 39283K [0x0000000080000000, 0x0000000084300000, 0x00000000d5580000)
  object space 68608K, 57% used [0x0000000080000000,0x000000008265ce58,0x0000000084300000)
 Metaspace       used 42776K, committed 43776K, reserved 1114112K
  class space    used 4306K, committed 4736K, reserved 1048576K
}
Event: 197.420 GC heap before
{Heap before GC invocations=28 (full 2):
 PSYoungGen      total 20480K, used 20480K [0x00000000d5580000, 0x00000000d6d80000, 0x0000000100000000)
  eden space 19456K, 100% used [0x00000000d5580000,0x00000000d6880000,0x00000000d6880000)
  from space 1024K, 100% used [0x00000000d6900000,0x00000000d6a00000,0x00000000d6a00000)
  to   space 2560K, 0% used [0x00000000d6b00000,0x00000000d6b00000,0x00000000d6d80000)
 ParOldGen       total 68608K, used 39283K [0x0000000080000000, 0x0000000084300000, 0x00000000d5580000)
  object space 68608K, 57% used [0x0000000080000000,0x000000008265ce58,0x0000000084300000)
 Metaspace       used 43230K, committed 44160K, reserved 1114112K
  class space    used 4353K, committed 4800K, reserved 1048576K
}
Event: 197.425 GC heap after
{Heap after GC invocations=28 (full 2):
 PSYoungGen      total 21504K, used 1854K [0x00000000d5580000, 0x00000000d6d00000, 0x0000000100000000)
  eden space 19456K, 0% used [0x00000000d5580000,0x00000000d5580000,0x00000000d6880000)
  from space 2048K, 90% used [0x00000000d6b00000,0x00000000d6ccfa20,0x00000000d6d00000)
  to   space 2048K, 0% used [0x00000000d6900000,0x00000000d6900000,0x00000000d6b00000)
 ParOldGen       total 68608K, used 40219K [0x0000000080000000, 0x0000000084300000, 0x00000000d5580000)
  object space 68608K, 58% used [0x0000000080000000,0x0000000082746e68,0x0000000084300000)
 Metaspace       used 43230K, committed 44160K, reserved 1114112K
  class space    used 4353K, committed 4800K, reserved 1048576K
}
Event: 197.728 GC heap before
{Heap before GC invocations=29 (full 2):
 PSYoungGen      total 21504K, used 21310K [0x00000000d5580000, 0x00000000d6d00000, 0x0000000100000000)
  eden space 19456K, 100% used [0x00000000d5580000,0x00000000d6880000,0x00000000d6880000)
  from space 2048K, 90% used [0x00000000d6b00000,0x00000000d6ccfa20,0x00000000d6d00000)
  to   space 2048K, 0% used [0x00000000d6900000,0x00000000d6900000,0x00000000d6b00000)
 ParOldGen       total 68608K, used 40219K [0x0000000080000000, 0x0000000084300000, 0x00000000d5580000)
  object space 68608K, 58% used [0x0000000080000000,0x0000000082746e68,0x0000000084300000)
 Metaspace       used 43461K, committed 44416K, reserved 1114112K
  class space    used 4362K, committed 4800K, reserved 1048576K
}
Event: 197.739 GC heap after
{Heap after GC invocations=29 (full 2):
 PSYoungGen      total 21504K, used 1984K [0x00000000d5580000, 0x00000000d6c80000, 0x0000000100000000)
  eden space 19456K, 0% used [0x00000000d5580000,0x00000000d5580000,0x00000000d6880000)
  from space 2048K, 96% used [0x00000000d6900000,0x00000000d6af0020,0x00000000d6b00000)
  to   space 1536K, 0% used [0x00000000d6b00000,0x00000000d6b00000,0x00000000d6c80000)
 ParOldGen       total 68608K, used 41908K [0x0000000080000000, 0x0000000084300000, 0x00000000d5580000)
  object space 68608K, 61% used [0x0000000080000000,0x00000000828ed0f0,0x0000000084300000)
 Metaspace       used 43461K, committed 44416K, reserved 1114112K
  class space    used 4362K, committed 4800K, reserved 1048576K
}
Event: 197.890 GC heap before
{Heap before GC invocations=30 (full 2):
 PSYoungGen      total 21504K, used 21440K [0x00000000d5580000, 0x00000000d6c80000, 0x0000000100000000)
  eden space 19456K, 100% used [0x00000000d5580000,0x00000000d6880000,0x00000000d6880000)
  from space 2048K, 96% used [0x00000000d6900000,0x00000000d6af0020,0x00000000d6b00000)
  to   space 1536K, 0% used [0x00000000d6b00000,0x00000000d6b00000,0x00000000d6c80000)
 ParOldGen       total 68608K, used 41908K [0x0000000080000000, 0x0000000084300000, 0x00000000d5580000)
  object space 68608K, 61% used [0x0000000080000000,0x00000000828ed0f0,0x0000000084300000)
 Metaspace       used 43634K, committed 44544K, reserved 1114112K
  class space    used 4370K, committed 4800K, reserved 1048576K
}
Event: 197.895 GC heap after
{Heap after GC invocations=30 (full 2):
 PSYoungGen      total 20992K, used 1440K [0x00000000d5580000, 0x00000000d6c80000, 0x0000000100000000)
  eden space 19456K, 0% used [0x00000000d5580000,0x00000000d5580000,0x00000000d6880000)
  from space 1536K, 93% used [0x00000000d6b00000,0x00000000d6c68020,0x00000000d6c80000)
  to   space 2048K, 0% used [0x00000000d6880000,0x00000000d6880000,0x00000000d6a80000)
 ParOldGen       total 68608K, used 43684K [0x0000000080000000, 0x0000000084300000, 0x00000000d5580000)
  object space 68608K, 63% used [0x0000000080000000,0x0000000082aa9390,0x0000000084300000)
 Metaspace       used 43634K, committed 44544K, reserved 1114112K
  class space    used 4370K, committed 4800K, reserved 1048576K
}
Event: 198.393 GC heap before
{Heap before GC invocations=31 (full 2):
 PSYoungGen      total 20992K, used 20896K [0x00000000d5580000, 0x00000000d6c80000, 0x0000000100000000)
  eden space 19456K, 100% used [0x00000000d5580000,0x00000000d6880000,0x00000000d6880000)
  from space 1536K, 93% used [0x00000000d6b00000,0x00000000d6c68020,0x00000000d6c80000)
  to   space 2048K, 0% used [0x00000000d6880000,0x00000000d6880000,0x00000000d6a80000)
 ParOldGen       total 68608K, used 43684K [0x0000000080000000, 0x0000000084300000, 0x00000000d5580000)
  object space 68608K, 63% used [0x0000000080000000,0x0000000082aa9390,0x0000000084300000)
 Metaspace       used 44570K, committed 45568K, reserved 1114112K
  class space    used 4428K, committed 4928K, reserved 1048576K
}
Event: 198.401 GC heap after
{Heap after GC invocations=31 (full 2):
 PSYoungGen      total 21504K, used 2045K [0x00000000d5580000, 0x00000000d7080000, 0x0000000100000000)
  eden space 19456K, 0% used [0x00000000d5580000,0x00000000d5580000,0x00000000d6880000)
  from space 2048K, 99% used [0x00000000d6880000,0x00000000d6a7f618,0x00000000d6a80000)
  to   space 4096K, 0% used [0x00000000d6c80000,0x00000000d6c80000,0x00000000d7080000)
 ParOldGen       total 68608K, used 45015K [0x0000000080000000, 0x0000000084300000, 0x00000000d5580000)
  object space 68608K, 65% used [0x0000000080000000,0x0000000082bf5c68,0x0000000084300000)
 Metaspace       used 44570K, committed 45568K, reserved 1114112K
  class space    used 4428K, committed 4928K, reserved 1048576K
}
Event: 199.355 GC heap before
{Heap before GC invocations=32 (full 2):
 PSYoungGen      total 21504K, used 21501K [0x00000000d5580000, 0x00000000d7080000, 0x0000000100000000)
  eden space 19456K, 99% used [0x00000000d5580000,0x00000000d687fff0,0x00000000d6880000)
  from space 2048K, 99% used [0x00000000d6880000,0x00000000d6a7f618,0x00000000d6a80000)
  to   space 4096K, 0% used [0x00000000d6c80000,0x00000000d6c80000,0x00000000d7080000)
 ParOldGen       total 68608K, used 45015K [0x0000000080000000, 0x0000000084300000, 0x00000000d5580000)
  object space 68608K, 65% used [0x0000000080000000,0x0000000082bf5c68,0x0000000084300000)
 Metaspace       used 45477K, committed 46528K, reserved 1114112K
  class space    used 4471K, committed 4992K, reserved 1048576K
}
Event: 199.365 GC heap after
{Heap after GC invocations=32 (full 2):
 PSYoungGen      total 20992K, used 4077K [0x00000000d5580000, 0x00000000d7580000, 0x0000000100000000)
  eden space 16896K, 0% used [0x00000000d5580000,0x00000000d5580000,0x00000000d6600000)
  from space 4096K, 99% used [0x00000000d6c80000,0x00000000d707b518,0x00000000d7080000)
  to   space 6656K, 0% used [0x00000000d6600000,0x00000000d6600000,0x00000000d6c80000)
 ParOldGen       total 68608K, used 47020K [0x0000000080000000, 0x0000000084300000, 0x00000000d5580000)
  object space 68608K, 68% used [0x0000000080000000,0x0000000082deb160,0x0000000084300000)
 Metaspace       used 45477K, committed 46528K, reserved 1114112K
  class space    used 4471K, committed 4992K, reserved 1048576K
}

Dll operation events (10 events):
Event: 0.025 Loaded shared library c:\Users\saida\.vscode\extensions\redhat.java-1.55.0-win32-x64\jre\21.0.11-win32-x86_64\bin\java.dll
Event: 0.116 Loaded shared library c:\Users\saida\.vscode\extensions\redhat.java-1.55.0-win32-x64\jre\21.0.11-win32-x86_64\bin\zip.dll
Event: 0.145 Loaded shared library C:\Users\saida\.vscode\extensions\redhat.java-1.55.0-win32-x64\jre\21.0.11-win32-x86_64\bin\instrument.dll
Event: 0.154 Loaded shared library C:\Users\saida\.vscode\extensions\redhat.java-1.55.0-win32-x64\jre\21.0.11-win32-x86_64\bin\net.dll
Event: 0.157 Loaded shared library C:\Users\saida\.vscode\extensions\redhat.java-1.55.0-win32-x64\jre\21.0.11-win32-x86_64\bin\nio.dll
Event: 0.163 Loaded shared library C:\Users\saida\.vscode\extensions\redhat.java-1.55.0-win32-x64\jre\21.0.11-win32-x86_64\bin\zip.dll
Event: 0.202 Loaded shared library C:\Users\saida\.vscode\extensions\redhat.java-1.55.0-win32-x64\jre\21.0.11-win32-x86_64\bin\jimage.dll
Event: 0.346 Loaded shared library c:\Users\saida\.vscode\extensions\redhat.java-1.55.0-win32-x64\jre\21.0.11-win32-x86_64\bin\verify.dll
Event: 1.972 Loaded shared library C:\Users\saida\AppData\Roaming\Code\User\globalStorage\redhat.java\1.55.0\config_ss_win\org.eclipse.equinox.launcher\org.eclipse.equinox.launcher.win32.win32.x86_64_1.3.100.v20260613-0559\eclipse_11924.dll
Event: 5.541 Loaded shared library C:\Users\saida\AppData\Local\Temp\jna-109198744\jna10626088547892516168.dll

Deoptimization events (20 events):
Event: 199.207 Thread 0x000001a87f3492d0 DEOPT PACKING pc=0x000001a800d4fef0 sp=0x000000789f6fdd10
Event: 199.207 Thread 0x000001a87f3492d0 DEOPT UNPACKING pc=0x000001a8075878e2 sp=0x000000789f6fd1b8 mode 0
Event: 199.396 Thread 0x000001a87f3492d0 DEOPT PACKING pc=0x000001a800c6aaf3 sp=0x000000789f6fea50
Event: 199.396 Thread 0x000001a87f3492d0 DEOPT UNPACKING pc=0x000001a8075878e2 sp=0x000000789f6fded8 mode 0
Event: 199.497 Thread 0x000001a87f3492d0 DEOPT PACKING pc=0x000001a800bc3484 sp=0x000000789f6ff110
Event: 199.497 Thread 0x000001a87f3492d0 DEOPT UNPACKING pc=0x000001a8075878e2 sp=0x000000789f6fe548 mode 0
Event: 199.501 Thread 0x000001a87f3492d0 DEOPT PACKING pc=0x000001a800e4d1ab sp=0x000000789f6fee20
Event: 199.501 Thread 0x000001a87f3492d0 DEOPT UNPACKING pc=0x000001a8075878e2 sp=0x000000789f6fe2b8 mode 0
Event: 199.790 Thread 0x000001a85432b0c0 Uncommon trap: trap_request=0xffffff45 fr.pc=0x000001a807e0e39c relative=0x0000000000000a9c
Event: 199.790 Thread 0x000001a85432b0c0 Uncommon trap: reason=unstable_if action=reinterpret pc=0x000001a807e0e39c method=java.util.concurrent.ConcurrentHashMap.putVal(Ljava/lang/Object;Ljava/lang/Object;Z)Ljava/lang/Object; @ 97 c2
Event: 199.790 Thread 0x000001a85432b0c0 DEOPT PACKING pc=0x000001a807e0e39c sp=0x000000789f8fe920
Event: 199.790 Thread 0x000001a85432b0c0 DEOPT UNPACKING pc=0x000001a807586da2 sp=0x000000789f8fe8a8 mode 2
Event: 199.795 Thread 0x000001a85432e540 Uncommon trap: trap_request=0xffffff45 fr.pc=0x000001a807b9f12c relative=0x000000000000016c
Event: 199.795 Thread 0x000001a85432e540 Uncommon trap: reason=unstable_if action=reinterpret pc=0x000001a807b9f12c method=java.util.concurrent.ConcurrentHashMap.addCount(JI)V @ 34 c2
Event: 199.795 Thread 0x000001a85432e540 DEOPT PACKING pc=0x000001a807b9f12c sp=0x000000789f9fe910
Event: 199.795 Thread 0x000001a85432e540 DEOPT UNPACKING pc=0x000001a807586da2 sp=0x000000789f9fe870 mode 2
Event: 199.900 Thread 0x000001a87f3492d0 DEOPT PACKING pc=0x000001a800f3f587 sp=0x000000789f6fee00
Event: 199.900 Thread 0x000001a87f3492d0 DEOPT UNPACKING pc=0x000001a8075878e2 sp=0x000000789f6fe238 mode 0
Event: 200.065 Thread 0x000001a87fb618f0 DEOPT PACKING pc=0x000001a800e23056 sp=0x000000789dbfe160
Event: 200.065 Thread 0x000001a87fb618f0 DEOPT UNPACKING pc=0x000001a8075878e2 sp=0x000000789dbfd640 mode 0

Classes loaded (20 events):
Event: 197.059 Loading class java/util/regex/Pattern$Pos
Event: 197.060 Loading class java/util/regex/Pattern$Pos done
Event: 197.875 Loading class java/nio/file/Files$2
Event: 197.875 Loading class java/nio/file/Files$2 done
Event: 197.884 Loading class java/util/stream/ReferencePipeline$4
Event: 197.888 Loading class java/util/stream/ReferencePipeline$4 done
Event: 197.889 Loading class java/util/stream/Nodes$IntFixedNodeBuilder
Event: 197.890 Loading class java/util/stream/Node$Builder$OfInt
Event: 197.897 Loading class java/util/stream/Node$Builder$OfInt done
Event: 197.897 Loading class java/util/stream/Nodes$IntArrayNode
Event: 197.900 Loading class java/util/stream/Nodes$IntArrayNode done
Event: 197.900 Loading class java/util/stream/Nodes$IntFixedNodeBuilder done
Event: 197.900 Loading class java/util/stream/ReferencePipeline$4$1
Event: 197.903 Loading class java/util/stream/ReferencePipeline$4$1 done
Event: 198.023 Loading class java/util/concurrent/ArrayBlockingQueue
Event: 198.025 Loading class java/util/concurrent/ArrayBlockingQueue done
Event: 198.075 Loading class java/util/concurrent/ConcurrentHashMap$KeySpliterator
Event: 198.075 Loading class java/util/concurrent/ConcurrentHashMap$KeySpliterator done
Event: 199.581 Loading class java/util/ArrayDeque$DeqSpliterator
Event: 199.582 Loading class java/util/ArrayDeque$DeqSpliterator done

Classes unloaded (7 events):
Event: 6.524 Thread 0x000001a875ec3140 Unloading class 0x000001a81018d400 'java/lang/invoke/LambdaForm$MH+0x000001a81018d400'
Event: 6.524 Thread 0x000001a875ec3140 Unloading class 0x000001a81018d000 'java/lang/invoke/LambdaForm$MH+0x000001a81018d000'
Event: 6.524 Thread 0x000001a875ec3140 Unloading class 0x000001a81018cc00 'java/lang/invoke/LambdaForm$MH+0x000001a81018cc00'
Event: 6.524 Thread 0x000001a875ec3140 Unloading class 0x000001a81018c800 'java/lang/invoke/LambdaForm$MH+0x000001a81018c800'
Event: 6.524 Thread 0x000001a875ec3140 Unloading class 0x000001a81018c400 'java/lang/invoke/LambdaForm$BMH+0x000001a81018c400'
Event: 6.524 Thread 0x000001a875ec3140 Unloading class 0x000001a81018c000 'java/lang/invoke/LambdaForm$DMH+0x000001a81018c000'
Event: 6.524 Thread 0x000001a875ec3140 Unloading class 0x000001a81018ac00 'java/lang/invoke/LambdaForm$DMH+0x000001a81018ac00'

Classes redefined (0 events):
No events

Internal exceptions (20 events):
Event: 196.390 Thread 0x000001a87f344aa0 Exception <a 'sun/nio/fs/WindowsException'{0x00000000d564ab08}> (0x00000000d564ab08) 
thrown [s\src\hotspot\share\prims\jni.cpp, line 520]
Event: 196.394 Thread 0x000001a87f342340 Exception <a 'sun/nio/fs/WindowsException'{0x00000000d568bf98}> (0x00000000d568bf98) 
thrown [s\src\hotspot\share\prims\jni.cpp, line 520]
Event: 196.395 Thread 0x000001a87f345130 Exception <a 'sun/nio/fs/WindowsException'{0x00000000d566b6d8}> (0x00000000d566b6d8) 
thrown [s\src\hotspot\share\prims\jni.cpp, line 520]
Event: 196.395 Thread 0x000001a87f345e50 Exception <a 'sun/nio/fs/WindowsException'{0x00000000d569c190}> (0x00000000d569c190) 
thrown [s\src\hotspot\share\prims\jni.cpp, line 520]
Event: 196.396 Thread 0x000001a87f3464e0 Exception <a 'sun/nio/fs/WindowsException'{0x00000000d56ac638}> (0x00000000d56ac638) 
thrown [s\src\hotspot\share\prims\jni.cpp, line 520]
Event: 196.397 Thread 0x000001a87f343060 Exception <a 'sun/nio/fs/WindowsException'{0x00000000d565b248}> (0x00000000d565b248) 
thrown [s\src\hotspot\share\prims\jni.cpp, line 520]
Event: 196.398 Thread 0x000001a87f342340 Exception <a 'sun/nio/fs/WindowsException'{0x00000000d568db28}> (0x00000000d568db28) 
thrown [s\src\hotspot\share\prims\jni.cpp, line 520]
Event: 196.403 Thread 0x000001a87f343060 Exception <a 'sun/nio/fs/WindowsException'{0x00000000d565d208}> (0x00000000d565d208) 
thrown [s\src\hotspot\share\prims\jni.cpp, line 520]
Event: 196.406 Thread 0x000001a87f345130 Exception <a 'sun/nio/fs/WindowsException'{0x00000000d566f268}> (0x00000000d566f268) 
thrown [s\src\hotspot\share\prims\jni.cpp, line 520]
Event: 196.406 Thread 0x000001a87f3464e0 Exception <a 'sun/nio/fs/WindowsException'{0x00000000d56b0418}> (0x00000000d56b0418) 
thrown [s\src\hotspot\share\prims\jni.cpp, line 520]
Event: 196.407 Thread 0x000001a87f343060 Exception <a 'sun/nio/fs/WindowsException'{0x00000000d565f208}> (0x00000000d565f208) 
thrown [s\src\hotspot\share\prims\jni.cpp, line 520]
Event: 197.140 Thread 0x000001a87fb618f0 Exception <a 'java/lang/NoSuchMethodError'{0x00000000d5d9c420}: 'java.lang.Object java.lang.invoke.DirectMethodHandle$Holder.invokeStatic(java.lang.Object, java.lang.Object, int, int)'> (0x00000000d5d9c420) 
thrown [s\src\hotspot\share\interpreter\linkResolver.cpp, line 773]
Event: 197.140 Thread 0x000001a87fb618f0 Exception <a 'java/lang/NoSuchMethodError'{0x00000000d5da0820}: 'java.lang.Object java.lang.invoke.DirectMethodHandle$Holder.invokeSpecial(java.lang.Object, java.lang.Object, java.lang.Object, int, int)'> (0x00000000d5da0820) 
thrown [s\src\hotspot\share\interpreter\linkResolver.cpp, line 773]
Event: 197.407 Thread 0x000001a87fb618f0 Implicit null exception at 0x000001a807e678a3 to 0x000001a807e67c0c
Event: 197.942 Thread 0x000001a87fb66e40 Implicit null exception at 0x000001a807e90bc4 to 0x000001a807e91278
Event: 198.087 Thread 0x000001a87fb618f0 Exception <a 'java/lang/NoSuchMethodError'{0x00000000d5a5d350}: 'java.lang.Object java.lang.invoke.DirectMethodHandle$Holder.newInvokeSpecial(java.lang.Object, java.lang.Object, int, int, java.lang.Object)'> (0x00000000d5a5d350) 
thrown [s\src\hotspot\share\interpreter\linkResolver.cpp, line 773]
Event: 198.742 Thread 0x000001a87f3492d0 Exception <a 'java/lang/NoSuchMethodError'{0x00000000d5cdebe0}: 'java.lang.Object java.lang.invoke.DirectMethodHandle$Holder.invokeStatic(java.lang.Object, java.lang.Object, int, java.lang.Object, java.lang.Object)'> (0x00000000d5cdebe0) 
thrown [s\src\hotspot\share\interpreter\linkResolver.cpp, line 773]
Event: 198.857 Thread 0x000001a87f3492d0 Exception <a 'java/lang/NoSuchMethodError'{0x00000000d5f05628}: 'void java.lang.invoke.DirectMethodHandle$Holder.invokeVirtual(java.lang.Object, java.lang.Object, java.lang.Object, java.lang.Object, java.lang.Object)'> (0x00000000d5f05628) 
thrown [s\src\hotspot\share\interpreter\linkResolver.cpp, line 773]
Event: 200.210 Thread 0x000001a87fb618f0 Exception <a 'sun/nio/fs/WindowsException'{0x00000000d643b290}> (0x00000000d643b290) 
thrown [s\src\hotspot\share\prims\jni.cpp, line 520]
Event: 200.211 Thread 0x000001a87fb618f0 Exception <a 'sun/nio/fs/WindowsException'{0x00000000d643b9b8}> (0x00000000d643b9b8) 
thrown [s\src\hotspot\share\prims\jni.cpp, line 520]

ZGC Phase Switch (0 events):
No events

VM Operations (20 events):
Event: 198.323 Executing safepoint VM operation: ICBufferFull
Event: 198.323 Executing safepoint VM operation: ICBufferFull done
Event: 198.393 Executing safepoint VM operation: ParallelGCFailedAllocation (Allocation Failure)
Event: 198.401 Executing safepoint VM operation: ParallelGCFailedAllocation (Allocation Failure) done
Event: 198.567 Executing non-safepoint VM operation: HandshakeAllThreads (Deoptimize)
Event: 198.567 Executing non-safepoint VM operation: HandshakeAllThreads (Deoptimize) done
Event: 198.661 Executing non-safepoint VM operation: HandshakeAllThreads (Deoptimize)
Event: 198.662 Executing non-safepoint VM operation: HandshakeAllThreads (Deoptimize) done
Event: 198.737 Executing safepoint VM operation: ICBufferFull
Event: 198.737 Executing safepoint VM operation: ICBufferFull done
Event: 199.001 Executing safepoint VM operation: ICBufferFull
Event: 199.002 Executing safepoint VM operation: ICBufferFull done
Event: 199.355 Executing safepoint VM operation: ParallelGCFailedAllocation (Allocation Failure)
Event: 199.365 Executing safepoint VM operation: ParallelGCFailedAllocation (Allocation Failure) done
Event: 199.742 Executing safepoint VM operation: ICBufferFull
Event: 199.742 Executing safepoint VM operation: ICBufferFull done
Event: 200.130 Executing safepoint VM operation: ICBufferFull
Event: 200.131 Executing safepoint VM operation: ICBufferFull done
Event: 201.136 Executing safepoint VM operation: Cleanup
Event: 201.136 Executing safepoint VM operation: Cleanup done

Memory protections (0 events):
No events

Nmethod flushes (20 events):
Event: 31.279 Thread 0x000001a875ec3140 flushing  nmethod 0x000001a800496110
Event: 31.279 Thread 0x000001a875ec3140 flushing  nmethod 0x000001a800496990
Event: 31.279 Thread 0x000001a875ec3140 flushing  nmethod 0x000001a800496e10
Event: 31.279 Thread 0x000001a875ec3140 flushing  nmethod 0x000001a800498410
Event: 31.279 Thread 0x000001a875ec3140 flushing  nmethod 0x000001a800498f90
Event: 31.279 Thread 0x000001a875ec3140 flushing  nmethod 0x000001a800499410
Event: 31.279 Thread 0x000001a875ec3140 flushing  nmethod 0x000001a80049ac10
Event: 31.279 Thread 0x000001a875ec3140 flushing  nmethod 0x000001a80049af90
Event: 31.279 Thread 0x000001a875ec3140 flushing  nmethod 0x000001a80049da90
Event: 31.279 Thread 0x000001a875ec3140 flushing  nmethod 0x000001a80049e410
Event: 31.279 Thread 0x000001a875ec3140 flushing  nmethod 0x000001a8004a0b90
Event: 31.279 Thread 0x000001a875ec3140 flushing  nmethod 0x000001a8004a1910
Event: 31.279 Thread 0x000001a875ec3140 flushing  nmethod 0x000001a8004a2110
Event: 31.279 Thread 0x000001a875ec3140 flushing  nmethod 0x000001a8004a2490
Event: 31.279 Thread 0x000001a875ec3140 flushing  nmethod 0x000001a8004a2c10
Event: 31.279 Thread 0x000001a875ec3140 flushing  nmethod 0x000001a8004bba90
Event: 31.279 Thread 0x000001a875ec3140 flushing  nmethod 0x000001a8004f0510
Event: 31.279 Thread 0x000001a875ec3140 flushing  nmethod 0x000001a8004f0910
Event: 31.279 Thread 0x000001a875ec3140 flushing  nmethod 0x000001a8004f1c10
Event: 31.279 Thread 0x000001a875ec3140 flushing  nmethod 0x000001a80050a010

Events (20 events):
Event: 196.392 Thread 0x000001a87f343060 Thread added: 0x000001a87f3457c0
Event: 196.392 Thread 0x000001a87f344aa0 Thread added: 0x000001a87f342340
Event: 196.392 Thread 0x000001a87f345130 Thread added: 0x000001a87f345e50
Event: 196.393 Thread 0x000001a87f342340 Thread added: 0x000001a87f3464e0
Event: 196.553 Thread 0x000001a87fb618f0 Thread added: 0x000001a87f344410
Event: 196.555 Thread 0x000001a87fb618f0 Thread added: 0x000001a87f3436f0
Event: 196.556 Thread 0x000001a87fb618f0 Thread added: 0x000001a87f347200
Event: 196.557 Thread 0x000001a87fb618f0 Thread added: 0x000001a87f343d80
Event: 196.557 Thread 0x000001a87fb618f0 Thread added: 0x000001a87f3485b0
Event: 196.558 Thread 0x000001a87fb618f0 Thread added: 0x000001a87f348c40
Event: 196.935 Thread 0x000001a855575cc0 Thread exited: 0x000001a855575cc0
Event: 197.772 Thread 0x000001a87fb64050 Thread added: 0x000001a87f347f20
Event: 198.026 Thread 0x000001a87fb618f0 Thread added: 0x000001a87f3492d0
Event: 198.089 Thread 0x000001a87fb618f0 Thread added: 0x000001a87f349960
Event: 198.113 Thread 0x000001a87fb618f0 Thread added: 0x000001a85432b0c0
Event: 198.181 Thread 0x000001a87fb618f0 Thread added: 0x000001a85432e540
Event: 198.222 Thread 0x000001a87fb618f0 Thread added: 0x000001a85432c470
Event: 198.305 Thread 0x000001a87fb618f0 Thread added: 0x000001a85432ebd0
Event: 198.348 Thread 0x000001a87fb618f0 Thread added: 0x000001a85432bde0
Event: 200.902 Thread 0x000001a875ef19d0 Thread added: 0x000001a855fba150


Dynamic libraries:
0x00007ff73c1e0000 - 0x00007ff73c1ee000 	c:\Users\saida\.vscode\extensions\redhat.java-1.55.0-win32-x64\jre\21.0.11-win32-x86_64\bin\java.exe
0x00007ff888c20000 - 0x00007ff888e89000 	C:\WINDOWS\SYSTEM32\ntdll.dll
0x00007ff886a40000 - 0x00007ff886b09000 	C:\WINDOWS\System32\KERNEL32.DLL
0x00007ff886530000 - 0x00007ff886923000 	C:\WINDOWS\System32\KERNELBASE.dll
0x00007ff8828f0000 - 0x00007ff88298e000 	C:\WINDOWS\SYSTEM32\apphelp.dll
0x00007ff886090000 - 0x00007ff8861db000 	C:\WINDOWS\System32\ucrtbase.dll
0x00007ff84a480000 - 0x00007ff84a49e000 	c:\Users\saida\.vscode\extensions\redhat.java-1.55.0-win32-x64\jre\21.0.11-win32-x86_64\bin\VCRUNTIME140.dll
0x00007fffec9b0000 - 0x00007fffec9c8000 	c:\Users\saida\.vscode\extensions\redhat.java-1.55.0-win32-x64\jre\21.0.11-win32-x86_64\bin\jli.dll
0x00007ff887ac0000 - 0x00007ff887c84000 	C:\WINDOWS\System32\USER32.dll
0x00007ff886930000 - 0x00007ff886957000 	C:\WINDOWS\System32\win32u.dll
0x00007ff887e20000 - 0x00007ff887e4b000 	C:\WINDOWS\System32\GDI32.dll
0x00007ff866780000 - 0x00007ff866a13000 	C:\WINDOWS\WinSxS\amd64_microsoft.windows.common-controls_6595b64144ccf1df_6.0.26100.5074_none_3e0d6f78e32fd63f\COMCTL32.dll
0x00007ff886400000 - 0x00007ff88652d000 	C:\WINDOWS\System32\gdi32full.dll
0x00007ff887a00000 - 0x00007ff887aa9000 	C:\WINDOWS\System32\msvcrt.dll
0x00007ff885db0000 - 0x00007ff885e53000 	C:\WINDOWS\System32\msvcp_win.dll
0x00007ff886a00000 - 0x00007ff886a2f000 	C:\WINDOWS\System32\IMM32.DLL
0x00007ff8326f0000 - 0x00007ff8326fc000 	c:\Users\saida\.vscode\extensions\redhat.java-1.55.0-win32-x64\jre\21.0.11-win32-x86_64\bin\vcruntime140_1.dll
0x00007fffec570000 - 0x00007fffec5fd000 	c:\Users\saida\.vscode\extensions\redhat.java-1.55.0-win32-x64\jre\21.0.11-win32-x86_64\bin\msvcp140.dll
0x00007fffeb7c0000 - 0x00007fffec562000 	c:\Users\saida\.vscode\extensions\redhat.java-1.55.0-win32-x64\jre\21.0.11-win32-x86_64\bin\server\jvm.dll
0x00007ff886cf0000 - 0x00007ff886da4000 	C:\WINDOWS\System32\ADVAPI32.dll
0x00007ff8886a0000 - 0x00007ff888746000 	C:\WINDOWS\System32\sechost.dll
0x00007ff886f90000 - 0x00007ff8870a8000 	C:\WINDOWS\System32\RPCRT4.dll
0x00007ff887500000 - 0x00007ff887574000 	C:\WINDOWS\System32\WS2_32.dll
0x00007ff885c10000 - 0x00007ff885c6e000 	C:\WINDOWS\SYSTEM32\POWRPROF.dll
0x00007ff873610000 - 0x00007ff87361b000 	C:\WINDOWS\SYSTEM32\VERSION.dll
0x00007ff87c6f0000 - 0x00007ff87c725000 	C:\WINDOWS\SYSTEM32\WINMM.dll
0x00007ff885bf0000 - 0x00007ff885c04000 	C:\WINDOWS\SYSTEM32\UMPDC.dll
0x00007ff884b70000 - 0x00007ff884b8b000 	C:\WINDOWS\SYSTEM32\kernel.appcore.dll
0x00007fffeb7b0000 - 0x00007fffeb7ba000 	c:\Users\saida\.vscode\extensions\redhat.java-1.55.0-win32-x64\jre\21.0.11-win32-x86_64\bin\jimage.dll
0x00007ff8835a0000 - 0x00007ff8837e2000 	C:\WINDOWS\SYSTEM32\DBGHELP.DLL
0x00007ff8870b0000 - 0x00007ff88742b000 	C:\WINDOWS\System32\combase.dll
0x00007ff8876b0000 - 0x00007ff887787000 	C:\WINDOWS\System32\OLEAUT32.dll
0x00007ff85dbc0000 - 0x00007ff85dbfd000 	C:\WINDOWS\SYSTEM32\dbgcore.DLL
0x00007ff886360000 - 0x00007ff8863f9000 	C:\WINDOWS\System32\bcryptPrimitives.dll
0x00007fffeb7a0000 - 0x00007fffeb7af000 	c:\Users\saida\.vscode\extensions\redhat.java-1.55.0-win32-x64\jre\21.0.11-win32-x86_64\bin\instrument.dll
0x00007fffeb780000 - 0x00007fffeb7a0000 	c:\Users\saida\.vscode\extensions\redhat.java-1.55.0-win32-x64\jre\21.0.11-win32-x86_64\bin\java.dll
0x00007ff887f50000 - 0x00007ff88869d000 	C:\WINDOWS\System32\SHELL32.dll
0x00007ff885e60000 - 0x00007ff885fcc000 	C:\WINDOWS\System32\wintypes.dll
0x00007ff8839e0000 - 0x00007ff884239000 	C:\WINDOWS\SYSTEM32\windows.storage.dll
0x00007ff887c90000 - 0x00007ff887d80000 	C:\WINDOWS\System32\SHCORE.dll
0x00007ff887930000 - 0x00007ff887992000 	C:\WINDOWS\System32\shlwapi.dll
0x00007ff885cd0000 - 0x00007ff885cf9000 	C:\WINDOWS\SYSTEM32\profapi.dll
0x00007fffeb760000 - 0x00007fffeb778000 	c:\Users\saida\.vscode\extensions\redhat.java-1.55.0-win32-x64\jre\21.0.11-win32-x86_64\bin\zip.dll
0x00007fffeb750000 - 0x00007fffeb760000 	C:\Users\saida\.vscode\extensions\redhat.java-1.55.0-win32-x64\jre\21.0.11-win32-x86_64\bin\net.dll
0x00007ff87f4b0000 - 0x00007ff87f5cf000 	C:\WINDOWS\SYSTEM32\WINHTTP.dll
0x00007ff885110000 - 0x00007ff88517b000 	C:\WINDOWS\system32\mswsock.dll
0x00007fffeb730000 - 0x00007fffeb746000 	C:\Users\saida\.vscode\extensions\redhat.java-1.55.0-win32-x64\jre\21.0.11-win32-x86_64\bin\nio.dll
0x00007fffeb720000 - 0x00007fffeb730000 	c:\Users\saida\.vscode\extensions\redhat.java-1.55.0-win32-x64\jre\21.0.11-win32-x86_64\bin\verify.dll
0x00007fffeb470000 - 0x00007fffeb4b5000 	C:\Users\saida\AppData\Roaming\Code\User\globalStorage\redhat.java\1.55.0\config_ss_win\org.eclipse.equinox.launcher\org.eclipse.equinox.launcher.win32.win32.x86_64_1.3.100.v20260613-0559\eclipse_11924.dll
0x00007ff887790000 - 0x00007ff887928000 	C:\WINDOWS\System32\ole32.dll
0x00007ff8853b0000 - 0x00007ff8853cb000 	C:\WINDOWS\SYSTEM32\CRYPTSP.dll
0x00007ff884ad0000 - 0x00007ff884b0b000 	C:\WINDOWS\system32\rsaenh.dll
0x00007ff8851b0000 - 0x00007ff8851db000 	C:\WINDOWS\SYSTEM32\USERENV.dll
0x00007ff885ca0000 - 0x00007ff885cc6000 	C:\WINDOWS\SYSTEM32\bcrypt.dll
0x00007ff8853d0000 - 0x00007ff8853dc000 	C:\WINDOWS\SYSTEM32\CRYPTBASE.dll
0x00007ff8846b0000 - 0x00007ff8846e4000 	C:\WINDOWS\SYSTEM32\IPHLPAPI.DLL
0x00007ff887430000 - 0x00007ff88743a000 	C:\WINDOWS\System32\NSI.dll
0x00007fffeb6d0000 - 0x00007fffeb719000 	C:\Users\saida\AppData\Local\Temp\jna-109198744\jna10626088547892516168.dll
0x00007ff887e10000 - 0x00007ff887e18000 	C:\WINDOWS\System32\PSAPI.DLL
0x00007ff87f610000 - 0x00007ff87f62e000 	C:\WINDOWS\SYSTEM32\dhcpcsvc6.DLL
0x00007ff87f5e0000 - 0x00007ff87f603000 	C:\WINDOWS\SYSTEM32\dhcpcsvc.DLL

JVMTI agents:
c:\Users\saida\.vscode\extensions\redhat.java-1.55.0-win32-x64\lombok\lombok-1.18.39-4050.jar path:c:\Users\saida\.vscode\extensions\redhat.java-1.55.0-win32-x64\jre\21.0.11-win32-x86_64\bin\instrument.dll, loaded, initialized, instrumentlib options:none

dbghelp: loaded successfully - version: 4.0.5 - missing functions: none
symbol engine: initialized successfully - sym options: 0x614 - pdb path: .;c:\Users\saida\.vscode\extensions\redhat.java-1.55.0-win32-x64\jre\21.0.11-win32-x86_64\bin;C:\WINDOWS\SYSTEM32;C:\WINDOWS\WinSxS\amd64_microsoft.windows.common-controls_6595b64144ccf1df_6.0.26100.5074_none_3e0d6f78e32fd63f;c:\Users\saida\.vscode\extensions\redhat.java-1.55.0-win32-x64\jre\21.0.11-win32-x86_64\bin\server;C:\Users\saida\AppData\Roaming\Code\User\globalStorage\redhat.java\1.55.0\config_ss_win\org.eclipse.equinox.launcher\org.eclipse.equinox.launcher.win32.win32.x86_64_1.3.100.v20260613-0559;C:\Users\saida\AppData\Local\Temp\jna-109198744

VM Arguments:
jvm_args: --add-modules=ALL-SYSTEM --add-opens=java.base/java.util=ALL-UNNAMED --add-opens=java.base/java.lang=ALL-UNNAMED --add-opens=java.base/sun.nio.fs=ALL-UNNAMED -Declipse.application=org.eclipse.jdt.ls.core.id1 -Dosgi.bundles.defaultStartLevel=4 -Declipse.product=org.eclipse.jdt.ls.core.product -Djava.import.generatesMetadataFilesAtProjectRoot=false -DDetectVMInstallationsJob.disabled=true -Dfile.encoding=utf8 -XX:+UseParallelGC -XX:GCTimeRatio=4 -XX:AdaptiveSizePolicyWeight=90 -Dsun.zip.disableMemoryMapping=true -Xmx2G -Xms100m -Xlog:disable -javaagent:c:\Users\saida\.vscode\extensions\redhat.java-1.55.0-win32-x64\lombok\lombok-1.18.39-4050.jar 
java_command: c:\Users\saida\.vscode\extensions\redhat.java-1.55.0-win32-x64\server\plugins\org.eclipse.equinox.launcher_1.7.200.v20260619-2039.jar -configuration c:\Users\saida\AppData\Roaming\Code\User\globalStorage\redhat.java\1.55.0\config_ss_win -data c:\Users\saida\AppData\Roaming\Code\User\workspaceStorage\19bd9372ae1d924cd7bbf513b81384f7\redhat.java\ss_ws --pipe=\\.\pipe\lsp-401be9cdc81151bd62c591ff5ab4023e-sock
java_class_path (initial): c:\Users\saida\.vscode\extensions\redhat.java-1.55.0-win32-x64\server\plugins\org.eclipse.equinox.launcher_1.7.200.v20260619-2039.jar
Launcher Type: SUN_STANDARD

[Global flags]
    uintx AdaptiveSizePolicyWeight                 = 90                                        {product} {command line}
     intx CICompilerCount                          = 4                                         {product} {ergonomic}
    uintx GCTimeRatio                              = 4                                         {product} {command line}
   size_t InitialHeapSize                          = 104857600                                 {product} {command line}
   size_t MaxHeapSize                              = 2147483648                                {product} {command line}
   size_t MaxNewSize                               = 715653120                                 {product} {ergonomic}
   size_t MinHeapDeltaBytes                        = 524288                                    {product} {ergonomic}
   size_t MinHeapSize                              = 104857600                                 {product} {command line}
   size_t NewSize                                  = 34603008                                  {product} {ergonomic}
    uintx NonNMethodCodeHeapSize                   = 5839372                                {pd product} {ergonomic}
    uintx NonProfiledCodeHeapSize                  = 122909434                              {pd product} {ergonomic}
   size_t OldSize                                  = 70254592                                  {product} {ergonomic}
    uintx ProfiledCodeHeapSize                     = 122909434                              {pd product} {ergonomic}
    uintx ReservedCodeCacheSize                    = 251658240                              {pd product} {ergonomic}
     bool SegmentedCodeCache                       = true                                      {product} {ergonomic}
   size_t SoftMaxHeapSize                          = 2147483648                             {manageable} {ergonomic}
     bool UseCompressedOops                        = true                           {product lp64_product} {ergonomic}
     bool UseLargePagesIndividualAllocation        = false                                  {pd product} {ergonomic}
     bool UseParallelGC                            = true                                      {product} {command line}

Logging:
Log output configuration:
 #0: stdout all=off uptime,level,tags foldmultilines=false
 #1: stderr all=off uptime,level,tags foldmultilines=false

Release file:
JAVA_VERSION="21.0.11" 
MODULES="java.base java.compiler java.datatransfer java.xml java.prefs java.desktop java.instrument java.logging java.management java.security.sasl java.naming java.rmi java.management.rmi java.net.http java.scripting java.security.jgss java.transaction.xa java.sql java.sql.rowset java.xml.crypto java.se java.smartcardio jdk.accessibility jdk.internal.jvmstat jdk.attach jdk.charsets jdk.internal.opt jdk.zipfs jdk.compiler jdk.crypto.ec jdk.crypto.cryptoki jdk.crypto.mscapi jdk.dynalink jdk.internal.ed jdk.editpad jdk.hotspot.agent jdk.httpserver jdk.internal.le jdk.internal.vm.ci jdk.internal.vm.compiler jdk.internal.vm.compiler.management jdk.jartool jdk.javadoc jdk.jcmd jdk.management jdk.management.agent jdk.jconsole jdk.jdeps jdk.jdwp.agent jdk.jdi jdk.jfr jdk.jshell jdk.jsobject jdk.jstatd jdk.localedata jdk.management.jfr jdk.naming.dns jdk.naming.rmi jdk.net jdk.nio.mapmode jdk.random jdk.sctp jdk.security.auth jdk.security.jgss jdk.unsupported jdk.unsupported.desktop jdk.xml.dom" 

Environment Variables:
JAVA_HOME=C:\Program Files\Eclipse Adoptium\jdk-21.0.11.10-hotspot\
PATH=C:\Program Files\Eclipse Adoptium\jdk-21.0.11.10-hotspot\bin;C:\Users\saida\AppData\Local\Programs\Python\Python37\Scripts\;C:\Users\saida\AppData\Local\Programs\Python\Python37\;C:\protoc\bin;C:\WINDOWS\system32;C:\WINDOWS;C:\WINDOWS\System32\Wbem;C:\WINDOWS\System32\WindowsPowerShell\v1.0\;C:\WINDOWS\System32\OpenSSH\;C:\RealTimeObjectDetection\Tensorflow\bin\protoc.exe;C:\Program Files\HP\HP One Agent;C:\Program Files\Docker\Docker\resources\bin;C:\Program Files\nodejs\;C:\Users\saida\Downloads\apache-maven-3.9.10-bin\apache-maven-3.9.10\bin;C:\Users\saida\Downloads\ffmpeg-8.0.1-full_build\bin;C:\Users\saida\.local\bin;C:\Users\saida\.local\bin;C:\Users\saida\AppData\Local\Programs\Python\Python310\Scripts\;C:\Users\saida\AppData\Local\Programs\Python\Python310\;C:\Users\saida\AppData\Local\Programs\Python\Python38\Scripts\;C:\Users\saida\AppData\Local\Programs\Python\Python38\;D:\oracle\product\10.2.0\db_1\bin;C:\Program Files\Common Files\Oracle\Java\javapath;C:\WINDOWS\system32;C:\WINDOWS;C:\WINDOWS\System32\Wbem;C:\WINDOWS\System32\WindowsPowerShell\v1.0\;C:\WINDOWS\System32\OpenSSH\;C:\Program Files\nodejs\node_modules;C:\Program Files\Java\jdk-18.0.2.1;C:\Program Files\nodejs\;C:\Program Files\HP\HP One Agent;C:\php-8.3.9;C:\Users\saida\AppData\Local\Programs\Python\Python312\python.exe;C:\Users\saida\AppData\Local\Programs\Python\Python312\Scripts;C:\Users\saida\AppData\Local\Programs\Python\Python312;C:\Program Files\Git\cmd;C:\Users\saida\RealTimeObjectDetection\Tensorflow\labelImg;C:\Windows\System32;C:\Users\saida\AppData\Local\Microsoft\WindowsApps;C:\Users\saida\AppData\Local\Programs\Python\Python312\Scripts\pip.exe;C:\Users\saida\AppData\Local\GitHubDesktop\bin;C:\Python37\;C:\Python37\Scripts\;C:\protoc\bin;C:\Users\saida\AppData\Local\Microsoft\WindowsApps;C:\RealTimeObjectDetection\Tensorflow\bin\protoc.exe;C:\Users\saida\AppData\Roaming\npm;C:\Users\saida\Downloads\apache-maven-3.9.10-bin\apache-maven-3.9.10\bin;C:\Users\saida\AppData\Local\Programs\Microsoft VS Code\bin;C:\Users\saida\Downloads\ffmpeg-8.0.1-full_build\bin;C:\Users\saida\AppData\Local\Microsoft\WinGet\Packages\Ngrok.Ngrok_Microsoft.Winget.Source_8wekyb3d8bbwe;C:\Users\saida\AppData\Local\Programs\Antigravity\bin;C:\Users\saida\AppData\Local\Programs\Antigravity IDE\bin
USERNAME=saida
OS=Windows_NT
PROCESSOR_IDENTIFIER=Intel64 Family 6 Model 140 Stepping 1, GenuineIntel
TMP=C:\Users\saida\AppData\Local\Temp
TEMP=C:\Users\saida\AppData\Local\Temp




Periodic native trim disabled

---------------  S Y S T E M  ---------------

OS:
 Windows 11 , 64 bit Build 26100 (10.0.26100.5074)
OS uptime: 0 days 5:11 hours
Hyper-V role detected

CPU: total 8 (initial active 8) (4 cores per cpu, 2 threads per core) family 6 model 140 stepping 1 microcode 0x9a, cx8, cmov, fxsr, ht, mmx, 3dnowpref, sse, sse2, sse3, ssse3, sse4.1, sse4.2, popcnt, lzcnt, tsc, tscinvbit, avx, avx2, aes, erms, clmul, bmi1, bmi2, adx, avx512f, avx512dq, avx512cd, avx512bw, avx512vl, sha, fma, vzeroupper, avx512_vpopcntdq, avx512_vpclmulqdq, avx512_vaes, avx512_vnni, clflush, clflushopt, clwb, avx512_vbmi2, avx512_vbmi, hv, rdtscp, rdpid, fsrm, gfni, avx512_bitalg, f16c, cet_ibt, cet_ss, avx512_ifma
Processor Information for the first 8 processors :
  Max Mhz: 1997, Current Mhz: 1997, Mhz Limit: 1997

Memory: 4k page, system-wide physical 7959M (333M free)
TotalPageFile size 28013M (AvailPageFile size 4M)
current process WorkingSet (physical memory assigned to process): 249M, peak: 250M
current process commit charge ("private bytes"): 407M, peak: 411M

vm_info: OpenJDK 64-Bit Server VM (21.0.11+10-LTS) for windows-amd64 JRE (21.0.11+10-LTS), built on 2026-04-21T00:00:00Z by "admin" with MS VC++ 17.12 (VS2022)

END.
