#
# There is insufficient memory for the Java Runtime Environment to continue.
# Native memory allocation (malloc) failed to allocate 32744 bytes. Error detail: Chunk::new
# Possible reasons:
#   The system is out of physical RAM or swap space
#   This process is running with CompressedOops enabled, and the Java Heap may be blocking the growth of the native heap
# Possible solutions:
#   Reduce memory load on the system
#   Increase physical memory or swap space
#   Check if swap backing store is full
#   Decrease Java heap size (-Xmx/-Xms)
#   Decrease number of Java threads
#   Decrease Java thread stack sizes (-Xss)
#   Set larger code cache with -XX:ReservedCodeCacheSize=
#   JVM is running with Unscaled Compressed Oops mode in which the Java heap is
#     placed in the first 4GB address space. The Java Heap base address is the
#     maximum limit for the native heap growth. Please use -XX:HeapBaseMinAddress
#     to set the Java Heap base and to place the Java Heap above 4GB virtual address.
# This output file may be truncated or incomplete.
#
#  Out of Memory Error (arena.cpp:168), pid=31532, tid=7868
#
# JRE version: OpenJDK Runtime Environment Temurin-21.0.11+10 (21.0.11+10) (build 21.0.11+10-LTS)
# Java VM: OpenJDK 64-Bit Server VM Temurin-21.0.11+10 (21.0.11+10-LTS, mixed mode, sharing, tiered, compressed oops, compressed class ptrs, parallel gc, windows-amd64)
# No core dump will be written. Minidumps are not enabled by default on client versions of Windows
#

---------------  S U M M A R Y ------------

Command Line: --add-modules=ALL-SYSTEM --add-opens=java.base/java.util=ALL-UNNAMED --add-opens=java.base/java.lang=ALL-UNNAMED --add-opens=java.base/sun.nio.fs=ALL-UNNAMED -Declipse.application=org.eclipse.jdt.ls.core.id1 -Dosgi.bundles.defaultStartLevel=4 -Declipse.product=org.eclipse.jdt.ls.core.product -Djava.import.generatesMetadataFilesAtProjectRoot=false -DDetectVMInstallationsJob.disabled=true -Dfile.encoding=utf8 -XX:+UseParallelGC -XX:GCTimeRatio=4 -XX:AdaptiveSizePolicyWeight=90 -Dsun.zip.disableMemoryMapping=true -Xmx2G -Xms100m -Xlog:disable -javaagent:c:\Users\saida\.vscode\extensions\redhat.java-1.55.0-win32-x64\lombok\lombok-1.18.39-4050.jar c:\Users\saida\.vscode\extensions\redhat.java-1.55.0-win32-x64\server\plugins\org.eclipse.equinox.launcher_1.7.200.v20260619-2039.jar -configuration c:\Users\saida\AppData\Roaming\Code\User\globalStorage\redhat.java\1.55.0\config_ss_win -data c:\Users\saida\AppData\Roaming\Code\User\workspaceStorage\19bd9372ae1d924cd7bbf513b81384f7\redhat.java\ss_ws --pipe=\\.\pipe\lsp-2d7e332a1925d7c01574797ef48060e3-sock

Host: 11th Gen Intel(R) Core(TM) i3-1125G4 @ 2.00GHz, 8 cores, 7G,  Windows 11 , 64 bit Build 26100 (10.0.26100.5074)
Time: Fri Jul 24 16:12:11 2026 India Standard Time elapsed time: 29.138383 seconds (0d 0h 0m 29s)

---------------  T H R E A D  ---------------

Current thread (0x00000232f0001d20):  JavaThread "C1 CompilerThread0" daemon [_thread_in_native, id=7868, stack(0x00000046bb500000,0x00000046bb600000) (1024K)]


Current CompileTask:
C1:29138 1827       3       java.net.URLStreamHandler::parseURL (1124 bytes)

Stack: [0x00000046bb500000,0x00000046bb600000]
Native frames: (J=compiled Java code, j=interpreted, Vv=VM code, C=native code)
V  [jvm.dll+0x6d7e19]
V  [jvm.dll+0x8b5096]
V  [jvm.dll+0x8b764e]
V  [jvm.dll+0x8b7d33]
V  [jvm.dll+0x284596]
V  [jvm.dll+0xc685d]
V  [jvm.dll+0xc6da1]
V  [jvm.dll+0x1363a0]
V  [jvm.dll+0x18eac2]
V  [jvm.dll+0x193623]
V  [jvm.dll+0x1806de]
V  [jvm.dll+0x16e7f0]
V  [jvm.dll+0x157487]
V  [jvm.dll+0x156db7]
V  [jvm.dll+0x156fe4]
V  [jvm.dll+0x1563fc]
V  [jvm.dll+0x15818d]
V  [jvm.dll+0x25baad]
V  [jvm.dll+0x25a03a]
V  [jvm.dll+0x3f868e]
V  [jvm.dll+0x85fb0d]
V  [jvm.dll+0x6d664d]
C  [ucrtbase.dll+0x37b0]
C  [KERNEL32.DLL+0x2e8d7]
C  [ntdll.dll+0x8d9c]


---------------  P R O C E S S  ---------------

Threads class SMR info:
_java_thread_list=0x00000232f00747b0, length=15, elements={
0x00000232d3961af0, 0x00000232d3a1b090, 0x00000232d3a1d540, 0x00000232ea3d5fc0,
0x00000232ea3d6c20, 0x00000232ea3dadf0, 0x00000232ea3de580, 0x00000232f0000080,
0x00000232f0001d20, 0x00000232f02ca990, 0x00000232f035fb70, 0x00000232f08b1c60,
0x00000232f0986fa0, 0x00000232f0987cf0, 0x00000232f05103a0
}

Java Threads: ( => current thread )
  0x00000232d3961af0 JavaThread "main"                              [_thread_blocked, id=34084, stack(0x00000046baa00000,0x00000046bab00000) (1024K)]
  0x00000232d3a1b090 JavaThread "Reference Handler"          daemon [_thread_blocked, id=7108, stack(0x00000046bae00000,0x00000046baf00000) (1024K)]
  0x00000232d3a1d540 JavaThread "Finalizer"                  daemon [_thread_blocked, id=3224, stack(0x00000046baf00000,0x00000046bb000000) (1024K)]
  0x00000232ea3d5fc0 JavaThread "Signal Dispatcher"          daemon [_thread_blocked, id=25392, stack(0x00000046bb000000,0x00000046bb100000) (1024K)]
  0x00000232ea3d6c20 JavaThread "Attach Listener"            daemon [_thread_blocked, id=13452, stack(0x00000046bb100000,0x00000046bb200000) (1024K)]
  0x00000232ea3dadf0 JavaThread "Service Thread"             daemon [_thread_blocked, id=25948, stack(0x00000046bb200000,0x00000046bb300000) (1024K)]
  0x00000232ea3de580 JavaThread "Monitor Deflation Thread"   daemon [_thread_blocked, id=31444, stack(0x00000046bb300000,0x00000046bb400000) (1024K)]
  0x00000232f0000080 JavaThread "C2 CompilerThread0"         daemon [_thread_blocked, id=27804, stack(0x00000046bb400000,0x00000046bb500000) (1024K)]
=>0x00000232f0001d20 JavaThread "C1 CompilerThread0"         daemon [_thread_in_native, id=7868, stack(0x00000046bb500000,0x00000046bb600000) (1024K)]
  0x00000232f02ca990 JavaThread "Common-Cleaner"             daemon [_thread_blocked, id=30576, stack(0x00000046bb700000,0x00000046bb800000) (1024K)]
  0x00000232f035fb70 JavaThread "Notification Thread"        daemon [_thread_blocked, id=33852, stack(0x00000046bb600000,0x00000046bb700000) (1024K)]
  0x00000232f08b1c60 JavaThread "Active Thread: Equinox Container: 7579d0f2-85fb-4035-95eb-bad49bcfbace"        [_thread_blocked, id=30492, stack(0x00000046bbe00000,0x00000046bbf00000) (1024K)]
  0x00000232f0986fa0 JavaThread "Framework Event Dispatcher: Equinox Container: 7579d0f2-85fb-4035-95eb-bad49bcfbace" daemon [_thread_blocked, id=28456, stack(0x00000046bbf00000,0x00000046bc000000) (1024K)]
  0x00000232f0987cf0 JavaThread "Start Level: Equinox Container: 7579d0f2-85fb-4035-95eb-bad49bcfbace" daemon [_thread_in_vm, id=30128, stack(0x00000046bc000000,0x00000046bc100000) (1024K)]
  0x00000232f05103a0 JavaThread "SCR Component Actor"        daemon [_thread_blocked, id=23752, stack(0x00000046bc200000,0x00000046bc300000) (1024K)]
Total: 15

Other Threads:
  0x00000232d3a00740 VMThread "VM Thread"                           [id=22760, stack(0x00000046bad00000,0x00000046bae00000) (1024K)] _threads_hazard_ptr=0x00000232f00747b0
  0x00000232d39cb2e0 WatcherThread "VM Periodic Task Thread"        [id=20180, stack(0x00000046bac00000,0x00000046bad00000) (1024K)]
  0x00000232d397f300 WorkerThread "GC Thread#0"                     [id=11532, stack(0x00000046bab00000,0x00000046bac00000) (1024K)]
  0x00000232f042f620 WorkerThread "GC Thread#1"                     [id=11572, stack(0x00000046bb800000,0x00000046bb900000) (1024K)]
  0x00000232f0a9d950 WorkerThread "GC Thread#2"                     [id=4808, stack(0x00000046bb900000,0x00000046bba00000) (1024K)]
  0x00000232f063f260 WorkerThread "GC Thread#3"                     [id=33400, stack(0x00000046bba00000,0x00000046bbb00000) (1024K)]
  0x00000232f063f610 WorkerThread "GC Thread#4"                     [id=24432, stack(0x00000046bbb00000,0x00000046bbc00000) (1024K)]
  0x00000232f037d520 WorkerThread "GC Thread#5"                     [id=18760, stack(0x00000046bbc00000,0x00000046bbd00000) (1024K)]
  0x00000232f037d8d0 WorkerThread "GC Thread#6"                     [id=31972, stack(0x00000046bbd00000,0x00000046bbe00000) (1024K)]
  0x00000232f00a1da0 WorkerThread "GC Thread#7"                     [id=22292, stack(0x00000046bc100000,0x00000046bc200000) (1024K)]
Total: 10

Threads with active compile tasks:
C1 CompilerThread0  50788 1827       3       java.net.URLStreamHandler::parseURL (1124 bytes)
Total: 1

VM state: synchronizing (normal execution)

VM Mutex/Monitor currently owned by a thread:  ([mutex/lock_event])
[0x00007fff73bad4f0] Metaspace_lock - owner thread: 0x00000232f0987cf0
[0x00007fff73baf570] Threads_lock - owner thread: 0x00000232d3a00740

Heap address: 0x0000000080000000, size: 2048 MB, Compressed Oops mode: 32-bit

CDS archive(s) mapped at: [0x0000023280000000-0x0000023280ba0000-0x0000023280ba0000), size 12189696, SharedBaseAddress: 0x0000023280000000, ArchiveRelocationMode: 1.
Compressed class space mapped at: 0x0000023281000000-0x00000232c1000000, reserved size: 1073741824
Narrow klass base: 0x0000023280000000, Narrow klass shift: 0, Narrow klass range: 0x100000000

GC Precious Log:
 CardTable entry size: 512
 CPUs: 8 total, 8 available
 Memory: 7959M
 Large Page Support: Disabled
 NUMA Support: Disabled
 Compressed Oops: Enabled (32-bit)
 Alignments: Space 512K, Generation 512K, Heap 2M
 Heap Min Capacity: 100M
 Heap Initial Capacity: 100M
 Heap Max Capacity: 2G
 Pre-touch: Disabled
 Parallel Workers: 8

Heap:
 PSYoungGen      total 29696K, used 7630K [0x00000000d5580000, 0x00000000d7680000, 0x0000000100000000)
  eden space 25600K, 13% used [0x00000000d5580000,0x00000000d58f6bc0,0x00000000d6e80000)
  from space 4096K, 99% used [0x00000000d7280000,0x00000000d767cd50,0x00000000d7680000)
  to   space 4096K, 0% used [0x00000000d6e80000,0x00000000d6e80000,0x00000000d7280000)
 ParOldGen       total 68608K, used 1060K [0x0000000080000000, 0x0000000084300000, 0x00000000d5580000)
  object space 68608K, 1% used [0x0000000080000000,0x0000000080109188,0x0000000084300000)
 Metaspace       used 8793K, committed 9152K, reserved 1114112K
  class space    used 944K, committed 1152K, reserved 1048576K

Card table byte_map: [0x00000232d3300000,0x00000232d3710000] _byte_map_base: 0x00000232d2f00000

Marking Bits: (ParMarkBitMap*) 0x00007fff73bb4460
 Begin Bits: [0x00000232e5e10000, 0x00000232e7e10000)
 End Bits:   [0x00000232e7e10000, 0x00000232e9e10000)

Polling page: 0x00000232d1900000

Metaspace:

Usage:
  Non-class:      7.67 MB used.
      Class:    944.06 KB used.
       Both:      8.59 MB used.

Virtual space:
  Non-class space:       64.00 MB reserved,       7.81 MB ( 12%) committed,  1 nodes.
      Class space:        1.00 GB reserved,       1.12 MB ( <1%) committed,  1 nodes.
             Both:        1.06 GB reserved,       8.94 MB ( <1%) committed. 

Chunk freelists:
   Non-Class:  8.03 MB
       Class:  14.80 MB
        Both:  22.83 MB

MaxMetaspaceSize: unlimited
CompressedClassSpaceSize: 1.00 GB
Initial GC threshold: 21.00 MB
Current GC threshold: 21.00 MB
CDS: on
 - commit_granule_bytes: 65536.
 - commit_granule_words: 8192.
 - virtual_space_node_default_size: 8388608.
 - enlarge_chunks_in_place: 1.
 - use_allocation_guard: 0.


Internal statistics:

num_allocs_failed_limit: 0.
num_arena_births: 240.
num_arena_deaths: 0.
num_vsnodes_births: 2.
num_vsnodes_deaths: 0.
num_space_committed: 143.
num_space_uncommitted: 0.
num_chunks_returned_to_freelist: 0.
num_chunks_taken_from_freelist: 480.
num_chunk_merges: 0.
num_chunk_splits: 304.
num_chunks_enlarged: 200.
num_inconsistent_stats: 0.

CodeHeap 'non-profiled nmethods': size=120000Kb used=768Kb max_used=768Kb free=119231Kb
 bounds [0x00000232de630000, 0x00000232de8a0000, 0x00000232e5b60000]
CodeHeap 'profiled nmethods': size=120000Kb used=3315Kb max_used=3315Kb free=116684Kb
 bounds [0x00000232d6b60000, 0x00000232d6ea0000, 0x00000232de090000]
CodeHeap 'non-nmethods': size=5760Kb used=1226Kb max_used=1245Kb free=4534Kb
 bounds [0x00000232de090000, 0x00000232de300000, 0x00000232de630000]
CodeCache: size=245760Kb, used=5309Kb, max_used=5328Kb, free=240449Kb
 total_blobs=2311, nmethods=1828, adapters=390, full_count=0
Compilation: enabled, stopped_count=0, restarted_count=0

Compilation events (20 events):
Event: 29.065 Thread 0x00000232f0001d20 nmethod 1817 0x00000232d6e94e90 code [0x00000232d6e95040, 0x00000232d6e951d8]
Event: 29.065 Thread 0x00000232f0001d20 1818       3       org.eclipse.osgi.framework.eventmgr.CopyOnWriteIdentityMap$Snapshot$EntryIterator::next (5 bytes)
Event: 29.066 Thread 0x00000232f0001d20 nmethod 1818 0x00000232d6e95290 code [0x00000232d6e95440, 0x00000232d6e95578]
Event: 29.066 Thread 0x00000232f0001d20 1819       1       org.eclipse.osgi.internal.loader.EquinoxClassLoader::getGeneration (5 bytes)
Event: 29.066 Thread 0x00000232f0001d20 nmethod 1819 0x00000232de6ef110 code [0x00000232de6ef2a0, 0x00000232de6ef368]
Event: 29.066 Thread 0x00000232f0001d20 1820       1       org.eclipse.osgi.internal.hookregistry.ClassLoaderHook::getClassPathEntries (2 bytes)
Event: 29.066 Thread 0x00000232f0001d20 nmethod 1820 0x00000232de6ef410 code [0x00000232de6ef5a0, 0x00000232de6ef670]
Event: 29.070 Thread 0x00000232f0001d20 1821       1       org.eclipse.osgi.container.ModuleRevision::getVersion (5 bytes)
Event: 29.070 Thread 0x00000232f0001d20 nmethod 1821 0x00000232de6ef710 code [0x00000232de6ef8a0, 0x00000232de6ef968]
Event: 29.071 Thread 0x00000232f0001d20 1822   !   3       java.util.concurrent.ConcurrentHashMap::replaceNode (437 bytes)
Event: 29.074 Thread 0x00000232f0001d20 nmethod 1822 0x00000232d6e95610 code [0x00000232d6e95980, 0x00000232d6e97058]
Event: 29.074 Thread 0x00000232f0001d20 1823       3       java.util.concurrent.ConcurrentHashMap::remove (8 bytes)
Event: 29.074 Thread 0x00000232f0001d20 nmethod 1823 0x00000232d6e97d10 code [0x00000232d6e97ec0, 0x00000232d6e98010]
Event: 29.074 Thread 0x00000232f0001d20 1824   !   3       org.eclipse.osgi.internal.loader.BundleLoader::getModuleClassLoader (203 bytes)
Event: 29.076 Thread 0x00000232f0001d20 nmethod 1824 0x00000232d6e98090 code [0x00000232d6e98420, 0x00000232d6e99948]
Event: 29.078 Thread 0x00000232f0001d20 1825       3       java.lang.invoke.MethodHandles$Lookup::in (283 bytes)
Event: 29.079 Thread 0x00000232f0001d20 nmethod 1825 0x00000232d6e9a490 code [0x00000232d6e9a8a0, 0x00000232d6e9c170]
Event: 29.081 Thread 0x00000232f0001d20 1826       3       sun.net.www.protocol.file.Handler::parseURL (18 bytes)
Event: 29.082 Thread 0x00000232f0001d20 nmethod 1826 0x00000232d6e9ca10 code [0x00000232d6e9cbc0, 0x00000232d6e9cd80]
Event: 29.082 Thread 0x00000232f0001d20 1827       3       java.net.URLStreamHandler::parseURL (1124 bytes)

GC Heap History (4 events):
Event: 9.105 GC heap before
{Heap before GC invocations=1 (full 0):
 PSYoungGen      total 29696K, used 25600K [0x00000000d5580000, 0x00000000d7680000, 0x0000000100000000)
  eden space 25600K, 100% used [0x00000000d5580000,0x00000000d6e80000,0x00000000d6e80000)
  from space 4096K, 0% used [0x00000000d7280000,0x00000000d7280000,0x00000000d7680000)
  to   space 4096K, 0% used [0x00000000d6e80000,0x00000000d6e80000,0x00000000d7280000)
 ParOldGen       total 68608K, used 0K [0x0000000080000000, 0x0000000084300000, 0x00000000d5580000)
  object space 68608K, 0% used [0x0000000080000000,0x0000000080000000,0x0000000084300000)
 Metaspace       used 4378K, committed 4608K, reserved 1114112K
  class space    used 475K, committed 576K, reserved 1048576K
}
Event: 9.118 GC heap after
{Heap after GC invocations=1 (full 0):
 PSYoungGen      total 29696K, used 3303K [0x00000000d5580000, 0x00000000d7680000, 0x0000000100000000)
  eden space 25600K, 0% used [0x00000000d5580000,0x00000000d5580000,0x00000000d6e80000)
  from space 4096K, 80% used [0x00000000d6e80000,0x00000000d71b9e98,0x00000000d7280000)
  to   space 4096K, 0% used [0x00000000d7280000,0x00000000d7280000,0x00000000d7680000)
 ParOldGen       total 68608K, used 16K [0x0000000080000000, 0x0000000084300000, 0x00000000d5580000)
  object space 68608K, 0% used [0x0000000080000000,0x0000000080004000,0x0000000084300000)
 Metaspace       used 4378K, committed 4608K, reserved 1114112K
  class space    used 475K, committed 576K, reserved 1048576K
}
Event: 29.010 GC heap before
{Heap before GC invocations=2 (full 0):
 PSYoungGen      total 29696K, used 28903K [0x00000000d5580000, 0x00000000d7680000, 0x0000000100000000)
  eden space 25600K, 100% used [0x00000000d5580000,0x00000000d6e80000,0x00000000d6e80000)
  from space 4096K, 80% used [0x00000000d6e80000,0x00000000d71b9e98,0x00000000d7280000)
  to   space 4096K, 0% used [0x00000000d7280000,0x00000000d7280000,0x00000000d7680000)
 ParOldGen       total 68608K, used 16K [0x0000000080000000, 0x0000000084300000, 0x00000000d5580000)
  object space 68608K, 0% used [0x0000000080000000,0x0000000080004000,0x0000000084300000)
 Metaspace       used 8178K, committed 8448K, reserved 1114112K
  class space    used 865K, committed 960K, reserved 1048576K
}
Event: 29.030 GC heap after
{Heap after GC invocations=2 (full 0):
 PSYoungGen      total 29696K, used 4083K [0x00000000d5580000, 0x00000000d7680000, 0x0000000100000000)
  eden space 25600K, 0% used [0x00000000d5580000,0x00000000d5580000,0x00000000d6e80000)
  from space 4096K, 99% used [0x00000000d7280000,0x00000000d767cd50,0x00000000d7680000)
  to   space 4096K, 0% used [0x00000000d6e80000,0x00000000d6e80000,0x00000000d7280000)
 ParOldGen       total 68608K, used 1060K [0x0000000080000000, 0x0000000084300000, 0x00000000d5580000)
  object space 68608K, 1% used [0x0000000080000000,0x0000000080109188,0x0000000084300000)
 Metaspace       used 8178K, committed 8448K, reserved 1114112K
  class space    used 865K, committed 960K, reserved 1048576K
}

Dll operation events (8 events):
Event: 5.427 Loaded shared library c:\Users\saida\.vscode\extensions\redhat.java-1.55.0-win32-x64\jre\21.0.11-win32-x86_64\bin\java.dll
Event: 6.109 Loaded shared library c:\Users\saida\.vscode\extensions\redhat.java-1.55.0-win32-x64\jre\21.0.11-win32-x86_64\bin\zip.dll
Event: 6.177 Loaded shared library C:\Users\saida\.vscode\extensions\redhat.java-1.55.0-win32-x64\jre\21.0.11-win32-x86_64\bin\instrument.dll
Event: 6.761 Loaded shared library C:\Users\saida\.vscode\extensions\redhat.java-1.55.0-win32-x64\jre\21.0.11-win32-x86_64\bin\net.dll
Event: 6.960 Loaded shared library C:\Users\saida\.vscode\extensions\redhat.java-1.55.0-win32-x64\jre\21.0.11-win32-x86_64\bin\nio.dll
Event: 7.045 Loaded shared library C:\Users\saida\.vscode\extensions\redhat.java-1.55.0-win32-x64\jre\21.0.11-win32-x86_64\bin\zip.dll
Event: 7.166 Loaded shared library C:\Users\saida\.vscode\extensions\redhat.java-1.55.0-win32-x64\jre\21.0.11-win32-x86_64\bin\jimage.dll
Event: 7.595 Loaded shared library c:\Users\saida\.vscode\extensions\redhat.java-1.55.0-win32-x64\jre\21.0.11-win32-x86_64\bin\verify.dll

Deoptimization events (20 events):
Event: 10.611 Thread 0x00000232d3961af0 DEOPT PACKING pc=0x00000232d6cdbf88 sp=0x00000046baafc2b0
Event: 10.611 Thread 0x00000232d3961af0 DEOPT UNPACKING pc=0x00000232de0e78e2 sp=0x00000046baafb730 mode 0
Event: 10.612 Thread 0x00000232d3961af0 DEOPT PACKING pc=0x00000232d6c63786 sp=0x00000046baafc170
Event: 10.612 Thread 0x00000232d3961af0 DEOPT UNPACKING pc=0x00000232de0e78e2 sp=0x00000046baafb5f0 mode 0
Event: 10.613 Thread 0x00000232d3961af0 DEOPT PACKING pc=0x00000232d6cdbf88 sp=0x00000046baafc5c0
Event: 10.613 Thread 0x00000232d3961af0 DEOPT UNPACKING pc=0x00000232de0e78e2 sp=0x00000046baafba40 mode 0
Event: 10.614 Thread 0x00000232d3961af0 DEOPT PACKING pc=0x00000232d6c63786 sp=0x00000046baafc3c0
Event: 10.614 Thread 0x00000232d3961af0 DEOPT UNPACKING pc=0x00000232de0e78e2 sp=0x00000046baafb840 mode 0
Event: 10.614 Thread 0x00000232d3961af0 DEOPT PACKING pc=0x00000232d6cdbf88 sp=0x00000046baafc510
Event: 10.614 Thread 0x00000232d3961af0 DEOPT UNPACKING pc=0x00000232de0e78e2 sp=0x00000046baafb990 mode 0
Event: 10.615 Thread 0x00000232d3961af0 DEOPT PACKING pc=0x00000232d6cdbf88 sp=0x00000046baafc810
Event: 10.615 Thread 0x00000232d3961af0 DEOPT UNPACKING pc=0x00000232de0e78e2 sp=0x00000046baafbc90 mode 0
Event: 28.960 Thread 0x00000232f0987cf0 Uncommon trap: trap_request=0xffffffc6 fr.pc=0x00000232de6d09d0 relative=0x00000000000006b0
Event: 28.961 Thread 0x00000232f0987cf0 Uncommon trap: reason=bimorphic_or_optimized_type_check action=maybe_recompile pc=0x00000232de6d09d0 method=java.util.Collections$UnmodifiableCollection$1.<init>(Ljava/util/Collections$UnmodifiableCollection;)V @ 17 c2
Event: 28.961 Thread 0x00000232f0987cf0 DEOPT PACKING pc=0x00000232de6d09d0 sp=0x00000046bc0fe6c0
Event: 28.961 Thread 0x00000232f0987cf0 DEOPT UNPACKING pc=0x00000232de0e6da2 sp=0x00000046bc0fe608 mode 2
Event: 28.991 Thread 0x00000232f0987cf0 Uncommon trap: trap_request=0xffffff6e fr.pc=0x00000232de6a1d28 relative=0x0000000000000368
Event: 28.991 Thread 0x00000232f0987cf0 Uncommon trap: reason=loop_limit_check action=maybe_recompile pc=0x00000232de6a1d28 method=java.lang.StringLatin1.indexOf([BI[BII)I @ 37 c2
Event: 28.991 Thread 0x00000232f0987cf0 DEOPT PACKING pc=0x00000232de6a1d28 sp=0x00000046bc0f8ba0
Event: 28.991 Thread 0x00000232f0987cf0 DEOPT UNPACKING pc=0x00000232de0e6da2 sp=0x00000046bc0f8b00 mode 2

Classes loaded (20 events):
Event: 10.681 Loading class java/lang/Thread$Builder done
Event: 10.681 Loading class java/lang/Thread$Builder$OfPlatform done
Event: 10.681 Loading class java/lang/Thread$Builder$OfVirtual
Event: 10.681 Loading class java/lang/Thread$Builder$OfVirtual done
Event: 10.699 Loading class sun/nio/fs/WindowsChannelFactory
Event: 10.700 Loading class sun/nio/fs/WindowsChannelFactory done
Event: 10.700 Loading class sun/nio/fs/WindowsChannelFactory$1
Event: 10.700 Loading class sun/nio/fs/WindowsChannelFactory$1 done
Event: 10.700 Loading class sun/nio/fs/WindowsChannelFactory$Flags
Event: 10.700 Loading class sun/nio/fs/WindowsChannelFactory$Flags done
Event: 10.701 Loading class sun/nio/ch/FileChannelImpl$Closer
Event: 10.701 Loading class sun/nio/ch/FileChannelImpl$Closer done
Event: 28.947 Loading class java/util/concurrent/CountDownLatch
Event: 28.957 Loading class java/util/concurrent/CountDownLatch done
Event: 28.957 Loading class java/util/concurrent/CountDownLatch$Sync
Event: 28.958 Loading class java/util/concurrent/CountDownLatch$Sync done
Event: 29.002 Loading class java/lang/IllegalAccessError
Event: 29.004 Loading class java/lang/IllegalAccessError done
Event: 29.060 Loading class java/util/MissingResourceException
Event: 29.060 Loading class java/util/MissingResourceException done

Classes unloaded (0 events):
No events

Classes redefined (0 events):
No events

Internal exceptions (20 events):
Event: 8.992 Thread 0x00000232d3961af0 Exception <a 'java/lang/NoSuchMethodError'{0x00000000d6a679e0}: 'java.lang.ClassLoader java.lang.ClassLoader.getPlatformClassLoader(java.lang.Class)'> (0x00000000d6a679e0) 
thrown [s\src\hotspot\share\interpreter\linkResolver.cpp, line 773]
Event: 9.124 Thread 0x00000232d3961af0 Exception <a 'java/lang/ClassNotFoundException'{0x00000000d5588528}: sun/net/www/protocol/c/Handler> (0x00000000d5588528) 
thrown [s\src\hotspot\share\classfile\systemDictionary.cpp, line 313]
Event: 9.124 Thread 0x00000232d3961af0 Exception <a 'java/lang/ClassNotFoundException'{0x00000000d55898d0}: sun/net/www/protocol/c/Handler> (0x00000000d55898d0) 
thrown [s\src\hotspot\share\classfile\systemDictionary.cpp, line 313]
Event: 9.124 Thread 0x00000232d3961af0 Exception <a 'java/lang/ClassNotFoundException'{0x00000000d558aac0}: sun/net/www/protocol/c/Handler> (0x00000000d558aac0) 
thrown [s\src\hotspot\share\classfile\systemDictionary.cpp, line 313]
Event: 9.149 Thread 0x00000232d3961af0 Exception <a 'java/io/FileNotFoundException'{0x00000000d55b2720}> (0x00000000d55b2720) 
thrown [s\src\hotspot\share\prims\jni.cpp, line 520]
Event: 9.224 Thread 0x00000232d3961af0 Implicit null exception at 0x00000232de68c9a9 to 0x00000232de68d248
Event: 9.224 Thread 0x00000232d3961af0 Implicit null exception at 0x00000232de69b19a to 0x00000232de69b3a4
Event: 9.225 Thread 0x00000232d3961af0 Exception <a 'java/lang/NoSuchMethodError'{0x00000000d56e3aa0}: 'void java.lang.invoke.DirectMethodHandle$Holder.invokeStatic(java.lang.Object, java.lang.Object, java.lang.Object, java.lang.Object)'> (0x00000000d56e3aa0) 
thrown [s\src\hotspot\share\interpreter\linkResolver.cpp, line 773]
Event: 9.226 Thread 0x00000232d3961af0 Implicit null exception at 0x00000232de69569a to 0x00000232de6958a0
Event: 9.226 Thread 0x00000232d3961af0 Implicit null exception at 0x00000232de68dc3d to 0x00000232de68dcc1
Event: 9.457 Thread 0x00000232d3961af0 Exception <a 'java/lang/NoSuchMethodError'{0x00000000d59a3ba0}: 'void java.lang.invoke.DirectMethodHandle$Holder.invokeSpecial(java.lang.Object, java.lang.Object, java.lang.Object)'> (0x00000000d59a3ba0) 
thrown [s\src\hotspot\share\interpreter\linkResolver.cpp, line 773]
Event: 10.106 Thread 0x00000232d3961af0 Exception <a 'java/lang/NoSuchMethodError'{0x00000000d62b6e08}: 'int java.lang.invoke.DirectMethodHandle$Holder.invokeVirtual(java.lang.Object, java.lang.Object)'> (0x00000000d62b6e08) 
thrown [s\src\hotspot\share\interpreter\linkResolver.cpp, line 773]
Event: 10.280 Thread 0x00000232d3961af0 Exception <a 'java/lang/NoSuchMethodError'{0x00000000d643c678}: 'int java.lang.invoke.DirectMethodHandle$Holder.invokeStaticInit(java.lang.Object, java.lang.Object, java.lang.Object, java.lang.Object)'> (0x00000000d643c678) 
thrown [s\src\hotspot\share\interpreter\linkResolver.cpp, line 773]
Event: 10.281 Thread 0x00000232d3961af0 Exception <a 'java/lang/IncompatibleClassChangeError'{0x00000000d6444d60}: Found class java.lang.Object, but interface was expected> (0x00000000d6444d60) 
thrown [s\src\hotspot\share\interpreter\linkResolver.cpp, line 840]
Event: 10.282 Thread 0x00000232d3961af0 Exception <a 'java/lang/NoSuchMethodError'{0x00000000d644bbf0}: 'void java.lang.invoke.DirectMethodHandle$Holder.invokeStaticInit(java.lang.Object, java.lang.Object)'> (0x00000000d644bbf0) 
thrown [s\src\hotspot\share\interpreter\linkResolver.cpp, line 773]
Event: 10.283 Thread 0x00000232d3961af0 Exception <a 'java/lang/NoSuchMethodError'{0x00000000d64556a8}: 'int java.lang.invoke.DirectMethodHandle$Holder.invokeStaticInit(java.lang.Object, java.lang.Object)'> (0x00000000d64556a8) 
thrown [s\src\hotspot\share\interpreter\linkResolver.cpp, line 773]
Event: 10.376 Thread 0x00000232d3961af0 Exception <a 'java/lang/NoSuchMethodError'{0x00000000d66c1df8}: 'java.lang.Object java.lang.invoke.DirectMethodHandle$Holder.newInvokeSpecial(java.lang.Object, int, java.lang.Object)'> (0x00000000d66c1df8) 
thrown [s\src\hotspot\share\interpreter\linkResolver.cpp, line 773]
Event: 10.539 Thread 0x00000232d3961af0 Exception <a 'java/lang/ClassNotFoundException'{0x00000000d68e6330}: sun/net/www/protocol/plurl/Handler> (0x00000000d68e6330) 
thrown [s\src\hotspot\share\classfile\systemDictionary.cpp, line 313]
Event: 10.539 Thread 0x00000232d3961af0 Exception <a 'java/lang/ClassNotFoundException'{0x00000000d68e71b0}: sun/net/www/protocol/plurl/Handler> (0x00000000d68e71b0) 
thrown [s\src\hotspot\share\classfile\systemDictionary.cpp, line 313]
Event: 28.949 Thread 0x00000232d3961af0 Exception <a 'java/lang/UnsatisfiedLinkError'{0x00000000d6d411a0}: 'void org.eclipse.equinox.launcher.JNIBridge._update_splash()'> (0x00000000d6d411a0) 
thrown [s\src\hotspot\share\prims\nativeLookup.cpp, line 415]

ZGC Phase Switch (0 events):
No events

VM Operations (20 events):
Event: 9.078 Executing non-safepoint VM operation: HandshakeAllThreads (Deoptimize)
Event: 9.078 Executing non-safepoint VM operation: HandshakeAllThreads (Deoptimize) done
Event: 9.105 Executing safepoint VM operation: ParallelGCFailedAllocation (Allocation Failure)
Event: 9.119 Executing safepoint VM operation: ParallelGCFailedAllocation (Allocation Failure) done
Event: 10.128 Executing safepoint VM operation: Cleanup
Event: 10.128 Executing safepoint VM operation: Cleanup done
Event: 10.327 Executing non-safepoint VM operation: HandshakeAllThreads (Deoptimize)
Event: 10.327 Executing non-safepoint VM operation: HandshakeAllThreads (Deoptimize) done
Event: 10.348 Executing non-safepoint VM operation: HandshakeAllThreads (Deoptimize)
Event: 10.348 Executing non-safepoint VM operation: HandshakeAllThreads (Deoptimize) done
Event: 10.458 Executing non-safepoint VM operation: HandshakeAllThreads (Deoptimize)
Event: 10.458 Executing non-safepoint VM operation: HandshakeAllThreads (Deoptimize) done
Event: 10.523 Executing non-safepoint VM operation: HandshakeAllThreads (Deoptimize)
Event: 10.524 Executing non-safepoint VM operation: HandshakeAllThreads (Deoptimize) done
Event: 11.529 Executing safepoint VM operation: Cleanup
Event: 11.529 Executing safepoint VM operation: Cleanup done
Event: 12.539 Executing safepoint VM operation: Cleanup
Event: 12.539 Executing safepoint VM operation: Cleanup done
Event: 29.009 Executing safepoint VM operation: ParallelGCFailedAllocation (Allocation Failure)
Event: 29.030 Executing safepoint VM operation: ParallelGCFailedAllocation (Allocation Failure) done

Memory protections (0 events):
No events

Nmethod flushes (0 events):
No events

Events (17 events):
Event: 5.848 Thread 0x00000232d3961af0 Thread added: 0x00000232d3961af0
Event: 5.994 Thread 0x00000232d3961af0 Thread added: 0x00000232d3a1b090
Event: 5.994 Thread 0x00000232d3961af0 Thread added: 0x00000232d3a1d540
Event: 5.995 Thread 0x00000232d3961af0 Thread added: 0x00000232ea3d5fc0
Event: 5.995 Thread 0x00000232d3961af0 Thread added: 0x00000232ea3d6c20
Event: 5.995 Thread 0x00000232d3961af0 Thread added: 0x00000232ea3dadf0
Event: 5.996 Thread 0x00000232d3961af0 Thread added: 0x00000232ea3de580
Event: 5.997 Thread 0x00000232d3961af0 Thread added: 0x00000232f0000080
Event: 5.998 Thread 0x00000232d3961af0 Thread added: 0x00000232f0001d20
Event: 6.125 Thread 0x00000232f0001d20 Thread added: 0x00000232f01ddbf0
Event: 6.183 Thread 0x00000232d3961af0 Thread added: 0x00000232f02ca990
Event: 7.044 Thread 0x00000232f01ddbf0 Thread exited: 0x00000232f01ddbf0
Event: 7.926 Thread 0x00000232d3961af0 Thread added: 0x00000232f035fb70
Event: 10.309 Thread 0x00000232d3961af0 Thread added: 0x00000232f08b1c60
Event: 28.925 Thread 0x00000232d3961af0 Thread added: 0x00000232f0986fa0
Event: 28.944 Thread 0x00000232d3961af0 Thread added: 0x00000232f0987cf0
Event: 29.056 Thread 0x00000232f0987cf0 Thread added: 0x00000232f05103a0


Dynamic libraries:
0x00007ff66c8e0000 - 0x00007ff66c8ee000 	c:\Users\saida\.vscode\extensions\redhat.java-1.55.0-win32-x64\jre\21.0.11-win32-x86_64\bin\java.exe
0x00007ff888c20000 - 0x00007ff888e89000 	C:\WINDOWS\SYSTEM32\ntdll.dll
0x00007ff886a40000 - 0x00007ff886b09000 	C:\WINDOWS\System32\KERNEL32.DLL
0x00007ff886530000 - 0x00007ff886923000 	C:\WINDOWS\System32\KERNELBASE.dll
0x00007ff886090000 - 0x00007ff8861db000 	C:\WINDOWS\System32\ucrtbase.dll
0x00007fffcefe0000 - 0x00007fffceff8000 	c:\Users\saida\.vscode\extensions\redhat.java-1.55.0-win32-x64\jre\21.0.11-win32-x86_64\bin\jli.dll
0x00007ff887ac0000 - 0x00007ff887c84000 	C:\WINDOWS\System32\USER32.dll
0x00007fffce390000 - 0x00007fffce3ae000 	c:\Users\saida\.vscode\extensions\redhat.java-1.55.0-win32-x64\jre\21.0.11-win32-x86_64\bin\VCRUNTIME140.dll
0x00007ff886930000 - 0x00007ff886957000 	C:\WINDOWS\System32\win32u.dll
0x00007ff887e20000 - 0x00007ff887e4b000 	C:\WINDOWS\System32\GDI32.dll
0x00007ff886400000 - 0x00007ff88652d000 	C:\WINDOWS\System32\gdi32full.dll
0x00007ff885db0000 - 0x00007ff885e53000 	C:\WINDOWS\System32\msvcp_win.dll
0x00007ff866780000 - 0x00007ff866a13000 	C:\WINDOWS\WinSxS\amd64_microsoft.windows.common-controls_6595b64144ccf1df_6.0.26100.5074_none_3e0d6f78e32fd63f\COMCTL32.dll
0x00007ff887a00000 - 0x00007ff887aa9000 	C:\WINDOWS\System32\msvcrt.dll
0x00007ff886a00000 - 0x00007ff886a2f000 	C:\WINDOWS\System32\IMM32.DLL
0x00007fffe13b0000 - 0x00007fffe13bc000 	c:\Users\saida\.vscode\extensions\redhat.java-1.55.0-win32-x64\jre\21.0.11-win32-x86_64\bin\vcruntime140_1.dll
0x00007fff91720000 - 0x00007fff917ad000 	c:\Users\saida\.vscode\extensions\redhat.java-1.55.0-win32-x64\jre\21.0.11-win32-x86_64\bin\msvcp140.dll
0x00007fff72ef0000 - 0x00007fff73c92000 	c:\Users\saida\.vscode\extensions\redhat.java-1.55.0-win32-x64\jre\21.0.11-win32-x86_64\bin\server\jvm.dll
0x00007ff886cf0000 - 0x00007ff886da4000 	C:\WINDOWS\System32\ADVAPI32.dll
0x00007ff8886a0000 - 0x00007ff888746000 	C:\WINDOWS\System32\sechost.dll
0x00007ff886f90000 - 0x00007ff8870a8000 	C:\WINDOWS\System32\RPCRT4.dll
0x00007ff887500000 - 0x00007ff887574000 	C:\WINDOWS\System32\WS2_32.dll
0x00007ff885c10000 - 0x00007ff885c6e000 	C:\WINDOWS\SYSTEM32\POWRPROF.dll
0x00007ff873610000 - 0x00007ff87361b000 	C:\WINDOWS\SYSTEM32\VERSION.dll
0x00007ff87c6f0000 - 0x00007ff87c725000 	C:\WINDOWS\SYSTEM32\WINMM.dll
0x00007ff885bf0000 - 0x00007ff885c04000 	C:\WINDOWS\SYSTEM32\UMPDC.dll
0x00007ff884b70000 - 0x00007ff884b8b000 	C:\WINDOWS\SYSTEM32\kernel.appcore.dll
0x00007fffdf2d0000 - 0x00007fffdf2da000 	c:\Users\saida\.vscode\extensions\redhat.java-1.55.0-win32-x64\jre\21.0.11-win32-x86_64\bin\jimage.dll
0x00007ff8835a0000 - 0x00007ff8837e2000 	C:\WINDOWS\SYSTEM32\DBGHELP.DLL
0x00007ff8870b0000 - 0x00007ff88742b000 	C:\WINDOWS\System32\combase.dll
0x00007ff8876b0000 - 0x00007ff887787000 	C:\WINDOWS\System32\OLEAUT32.dll
0x00007ff85dbc0000 - 0x00007ff85dbfd000 	C:\WINDOWS\SYSTEM32\dbgcore.DLL
0x00007ff886360000 - 0x00007ff8863f9000 	C:\WINDOWS\System32\bcryptPrimitives.dll
0x00007fffdf120000 - 0x00007fffdf12f000 	c:\Users\saida\.vscode\extensions\redhat.java-1.55.0-win32-x64\jre\21.0.11-win32-x86_64\bin\instrument.dll
0x00007fffcdfe0000 - 0x00007fffce000000 	c:\Users\saida\.vscode\extensions\redhat.java-1.55.0-win32-x64\jre\21.0.11-win32-x86_64\bin\java.dll
0x00007ff887f50000 - 0x00007ff88869d000 	C:\WINDOWS\System32\SHELL32.dll
0x00007ff885e60000 - 0x00007ff885fcc000 	C:\WINDOWS\System32\wintypes.dll
0x00007ff8839e0000 - 0x00007ff884239000 	C:\WINDOWS\SYSTEM32\windows.storage.dll
0x00007ff887c90000 - 0x00007ff887d80000 	C:\WINDOWS\System32\SHCORE.dll
0x00007ff887930000 - 0x00007ff887992000 	C:\WINDOWS\System32\shlwapi.dll
0x00007ff885cd0000 - 0x00007ff885cf9000 	C:\WINDOWS\SYSTEM32\profapi.dll
0x00007fffcdf50000 - 0x00007fffcdf68000 	c:\Users\saida\.vscode\extensions\redhat.java-1.55.0-win32-x64\jre\21.0.11-win32-x86_64\bin\zip.dll
0x00007fffd94b0000 - 0x00007fffd94c0000 	C:\Users\saida\.vscode\extensions\redhat.java-1.55.0-win32-x64\jre\21.0.11-win32-x86_64\bin\net.dll
0x00007ff87f4b0000 - 0x00007ff87f5cf000 	C:\WINDOWS\SYSTEM32\WINHTTP.dll
0x00007ff885110000 - 0x00007ff88517b000 	C:\WINDOWS\system32\mswsock.dll
0x00007fffcaea0000 - 0x00007fffcaeb6000 	C:\Users\saida\.vscode\extensions\redhat.java-1.55.0-win32-x64\jre\21.0.11-win32-x86_64\bin\nio.dll
0x00007fffd8dc0000 - 0x00007fffd8dd0000 	c:\Users\saida\.vscode\extensions\redhat.java-1.55.0-win32-x64\jre\21.0.11-win32-x86_64\bin\verify.dll
0x00007fffc4810000 - 0x00007fffc4855000 	C:\Users\saida\AppData\Roaming\Code\User\globalStorage\redhat.java\1.55.0\config_ss_win\org.eclipse.equinox.launcher\org.eclipse.equinox.launcher.win32.win32.x86_64_1.3.100.v20260613-0559\eclipse_11924.dll
0x00007ff887790000 - 0x00007ff887928000 	C:\WINDOWS\System32\ole32.dll

JVMTI agents:
c:\Users\saida\.vscode\extensions\redhat.java-1.55.0-win32-x64\lombok\lombok-1.18.39-4050.jar path:c:\Users\saida\.vscode\extensions\redhat.java-1.55.0-win32-x64\jre\21.0.11-win32-x86_64\bin\instrument.dll, loaded, initialized, instrumentlib options:none

dbghelp: loaded successfully - version: 4.0.5 - missing functions: none
symbol engine: initialized successfully - sym options: 0x614 - pdb path: .;c:\Users\saida\.vscode\extensions\redhat.java-1.55.0-win32-x64\jre\21.0.11-win32-x86_64\bin;C:\WINDOWS\SYSTEM32;C:\WINDOWS\WinSxS\amd64_microsoft.windows.common-controls_6595b64144ccf1df_6.0.26100.5074_none_3e0d6f78e32fd63f;c:\Users\saida\.vscode\extensions\redhat.java-1.55.0-win32-x64\jre\21.0.11-win32-x86_64\bin\server;C:\Users\saida\AppData\Roaming\Code\User\globalStorage\redhat.java\1.55.0\config_ss_win\org.eclipse.equinox.launcher\org.eclipse.equinox.launcher.win32.win32.x86_64_1.3.100.v20260613-0559

VM Arguments:
jvm_args: --add-modules=ALL-SYSTEM --add-opens=java.base/java.util=ALL-UNNAMED --add-opens=java.base/java.lang=ALL-UNNAMED --add-opens=java.base/sun.nio.fs=ALL-UNNAMED -Declipse.application=org.eclipse.jdt.ls.core.id1 -Dosgi.bundles.defaultStartLevel=4 -Declipse.product=org.eclipse.jdt.ls.core.product -Djava.import.generatesMetadataFilesAtProjectRoot=false -DDetectVMInstallationsJob.disabled=true -Dfile.encoding=utf8 -XX:+UseParallelGC -XX:GCTimeRatio=4 -XX:AdaptiveSizePolicyWeight=90 -Dsun.zip.disableMemoryMapping=true -Xmx2G -Xms100m -Xlog:disable -javaagent:c:\Users\saida\.vscode\extensions\redhat.java-1.55.0-win32-x64\lombok\lombok-1.18.39-4050.jar 
java_command: c:\Users\saida\.vscode\extensions\redhat.java-1.55.0-win32-x64\server\plugins\org.eclipse.equinox.launcher_1.7.200.v20260619-2039.jar -configuration c:\Users\saida\AppData\Roaming\Code\User\globalStorage\redhat.java\1.55.0\config_ss_win -data c:\Users\saida\AppData\Roaming\Code\User\workspaceStorage\19bd9372ae1d924cd7bbf513b81384f7\redhat.java\ss_ws --pipe=\\.\pipe\lsp-2d7e332a1925d7c01574797ef48060e3-sock
java_class_path (initial): c:\Users\saida\.vscode\extensions\redhat.java-1.55.0-win32-x64\server\plugins\org.eclipse.equinox.launcher_1.7.200.v20260619-2039.jar
Launcher Type: SUN_STANDARD

[Global flags]
    uintx AdaptiveSizePolicyWeight                 = 90                                        {product} {command line}
     intx CICompilerCount                          = 4                                         {product} {ergonomic}
    uintx GCTimeRatio                              = 4                                         {product} {command line}
   size_t InitialHeapSize                          = 104857600                                 {product} {command line}
   size_t MaxHeapSize                              = 2147483648                                {product} {command line}
   size_t MaxNewSize                               = 715653120                                 {product} {ergonomic}
   size_t MinHeapDeltaBytes                        = 524288                                    {product} {ergonomic}
   size_t MinHeapSize                              = 104857600                                 {product} {command line}
   size_t NewSize                                  = 34603008                                  {product} {ergonomic}
    uintx NonNMethodCodeHeapSize                   = 5839372                                {pd product} {ergonomic}
    uintx NonProfiledCodeHeapSize                  = 122909434                              {pd product} {ergonomic}
   size_t OldSize                                  = 70254592                                  {product} {ergonomic}
    uintx ProfiledCodeHeapSize                     = 122909434                              {pd product} {ergonomic}
    uintx ReservedCodeCacheSize                    = 251658240                              {pd product} {ergonomic}
     bool SegmentedCodeCache                       = true                                      {product} {ergonomic}
   size_t SoftMaxHeapSize                          = 2147483648                             {manageable} {ergonomic}
     bool UseCompressedOops                        = true                           {product lp64_product} {ergonomic}
     bool UseLargePagesIndividualAllocation        = false                                  {pd product} {ergonomic}
     bool UseParallelGC                            = true                                      {product} {command line}

Logging:
Log output configuration:
 #0: stdout all=off uptime,level,tags foldmultilines=false
 #1: stderr all=off uptime,level,tags foldmultilines=false

Release file:
JAVA_VERSION="21.0.11" 
MODULES="java.base java.compiler java.datatransfer java.xml java.prefs java.desktop java.instrument java.logging java.management java.security.sasl java.naming java.rmi java.management.rmi java.net.http java.scripting java.security.jgss java.transaction.xa java.sql java.sql.rowset java.xml.crypto java.se java.smartcardio jdk.accessibility jdk.internal.jvmstat jdk.attach jdk.charsets jdk.internal.opt jdk.zipfs jdk.compiler jdk.crypto.ec jdk.crypto.cryptoki jdk.crypto.mscapi jdk.dynalink jdk.internal.ed jdk.editpad jdk.hotspot.agent jdk.httpserver jdk.internal.le jdk.internal.vm.ci jdk.internal.vm.compiler jdk.internal.vm.compiler.management jdk.jartool jdk.javadoc jdk.jcmd jdk.management jdk.management.agent jdk.jconsole jdk.jdeps jdk.jdwp.agent jdk.jdi jdk.jfr jdk.jshell jdk.jsobject jdk.jstatd jdk.localedata jdk.management.jfr jdk.naming.dns jdk.naming.rmi jdk.net jdk.nio.mapmode jdk.random jdk.sctp jdk.security.auth jdk.security.jgss jdk.unsupported jdk.unsupported.desktop jdk.xml.dom" 

Environment Variables:
JAVA_HOME=C:\Program Files\Eclipse Adoptium\jdk-21.0.11.10-hotspot\
PATH=C:\Program Files\Eclipse Adoptium\jdk-21.0.11.10-hotspot\bin;C:\Users\saida\AppData\Local\Programs\Python\Python37\Scripts\;C:\Users\saida\AppData\Local\Programs\Python\Python37\;C:\protoc\bin;C:\WINDOWS\system32;C:\WINDOWS;C:\WINDOWS\System32\Wbem;C:\WINDOWS\System32\WindowsPowerShell\v1.0\;C:\WINDOWS\System32\OpenSSH\;C:\RealTimeObjectDetection\Tensorflow\bin\protoc.exe;C:\Program Files\HP\HP One Agent;C:\Program Files\Docker\Docker\resources\bin;C:\Program Files\nodejs\;C:\Users\saida\Downloads\apache-maven-3.9.10-bin\apache-maven-3.9.10\bin;C:\Users\saida\Downloads\ffmpeg-8.0.1-full_build\bin;C:\Users\saida\.local\bin;C:\Users\saida\.local\bin;C:\Users\saida\AppData\Local\Programs\Python\Python310\Scripts\;C:\Users\saida\AppData\Local\Programs\Python\Python310\;C:\Users\saida\AppData\Local\Programs\Python\Python38\Scripts\;C:\Users\saida\AppData\Local\Programs\Python\Python38\;D:\oracle\product\10.2.0\db_1\bin;C:\Program Files\Common Files\Oracle\Java\javapath;C:\WINDOWS\system32;C:\WINDOWS;C:\WINDOWS\System32\Wbem;C:\WINDOWS\System32\WindowsPowerShell\v1.0\;C:\WINDOWS\System32\OpenSSH\;C:\Program Files\nodejs\node_modules;C:\Program Files\Java\jdk-18.0.2.1;C:\Program Files\nodejs\;C:\Program Files\HP\HP One Agent;C:\php-8.3.9;C:\Users\saida\AppData\Local\Programs\Python\Python312\python.exe;C:\Users\saida\AppData\Local\Programs\Python\Python312\Scripts;C:\Users\saida\AppData\Local\Programs\Python\Python312;C:\Program Files\Git\cmd;C:\Users\saida\RealTimeObjectDetection\Tensorflow\labelImg;C:\Windows\System32;C:\Users\saida\AppData\Local\Microsoft\WindowsApps;C:\Users\saida\AppData\Local\Programs\Python\Python312\Scripts\pip.exe;C:\Users\saida\AppData\Local\GitHubDesktop\bin;C:\Python37\;C:\Python37\Scripts\;C:\protoc\bin;C:\Users\saida\AppData\Local\Microsoft\WindowsApps;C:\RealTimeObjectDetection\Tensorflow\bin\protoc.exe;C:\Users\saida\AppData\Roaming\npm;C:\Users\saida\Downloads\apache-maven-3.9.10-bin\apache-maven-3.9.10\bin;C:\Users\saida\AppData\Local\Programs\Microsoft VS Code\bin;C:\Users\saida\Downloads\ffmpeg-8.0.1-full_build\bin;C:\Users\saida\AppData\Local\Microsoft\WinGet\Packages\Ngrok.Ngrok_Microsoft.Winget.Source_8wekyb3d8bbwe;C:\Users\saida\AppData\Local\Programs\Antigravity\bin;C:\Users\saida\AppData\Local\Programs\Antigravity IDE\bin
USERNAME=saida
OS=Windows_NT
PROCESSOR_IDENTIFIER=Intel64 Family 6 Model 140 Stepping 1, GenuineIntel
TMP=C:\Users\saida\AppData\Local\Temp
TEMP=C:\Users\saida\AppData\Local\Temp




Periodic native trim disabled

---------------  S Y S T E M  ---------------

OS:
 Windows 11 , 64 bit Build 26100 (10.0.26100.5074)
OS uptime: 0 days 5:03 hours
Hyper-V role detected

CPU: total 8 (initial active 8) (4 cores per cpu, 2 threads per core) family 6 model 140 stepping 1 microcode 0x9a, cx8, cmov, fxsr, ht, mmx, 3dnowpref, sse, sse2, sse3, ssse3, sse4.1, sse4.2, popcnt, lzcnt, tsc, tscinvbit, avx, avx2, aes, erms, clmul, bmi1, bmi2, adx, avx512f, avx512dq, avx512cd, avx512bw, avx512vl, sha, fma, vzeroupper, avx512_vpopcntdq, avx512_vpclmulqdq, avx512_vaes, avx512_vnni, clflush, clflushopt, clwb, avx512_vbmi2, avx512_vbmi, hv, rdtscp, rdpid, fsrm, gfni, avx512_bitalg, f16c, cet_ibt, cet_ss, avx512_ifma
Processor Information for processor 0
  Max Mhz: 1997, Current Mhz: 1997, Mhz Limit: 1997
Processor Information for processor 1
  Max Mhz: 1997, Current Mhz: 1997, Mhz Limit: 1997
Processor Information for processor 2
  Max Mhz: 1997, Current Mhz: 1997, Mhz Limit: 1997
Processor Information for processor 3
  Max Mhz: 1997, Current Mhz: 998, Mhz Limit: 1997
Processor Information for processor 4
  Max Mhz: 1997, Current Mhz: 1997, Mhz Limit: 1997
Processor Information for processor 5
  Max Mhz: 1997, Current Mhz: 1997, Mhz Limit: 1997
Processor Information for processor 6
  Max Mhz: 1997, Current Mhz: 1997, Mhz Limit: 1997
Processor Information for processor 7
  Max Mhz: 1997, Current Mhz: 1997, Mhz Limit: 1997

Memory: 4k page, system-wide physical 7959M (642M free)
TotalPageFile size 26917M (AvailPageFile size 40M)
current process WorkingSet (physical memory assigned to process): 56M, peak: 86M
current process commit charge ("private bytes"): 238M, peak: 239M

vm_info: OpenJDK 64-Bit Server VM (21.0.11+10-LTS) for windows-amd64 JRE (21.0.11+10-LTS), built on 2026-04-21T00:00:00Z by "admin" with MS VC++ 17.12 (VS2022)

END.
